Component: ARM Compiler 5.06 update 7 (build 960) Tool: armlink [4d3601]

==============================================================================

Section Cross References

    startup_stm32f10x_hd.o(RESET) refers to startup_stm32f10x_hd.o(STACK) for __initial_sp
    startup_stm32f10x_hd.o(RESET) refers to startup_stm32f10x_hd.o(.text) for Reset_Handler
    startup_stm32f10x_hd.o(RESET) refers to stm32f10x_it.o(i.NMI_Handler) for NMI_Handler
    startup_stm32f10x_hd.o(RESET) refers to stm32f10x_it.o(i.HardFault_Handler) for HardFault_Handler
    startup_stm32f10x_hd.o(RESET) refers to stm32f10x_it.o(i.MemManage_Handler) for MemManage_Handler
    startup_stm32f10x_hd.o(RESET) refers to stm32f10x_it.o(i.BusFault_Handler) for BusFault_Handler
    startup_stm32f10x_hd.o(RESET) refers to stm32f10x_it.o(i.UsageFault_Handler) for UsageFault_Handler
    startup_stm32f10x_hd.o(RESET) refers to port.o(.emb_text) for SVC_Handler
    startup_stm32f10x_hd.o(RESET) refers to stm32f10x_it.o(i.DebugMon_Handler) for DebugMon_Handler
    startup_stm32f10x_hd.o(RESET) refers to stm32f10x_it.o(i.SysTick_Handler) for SysTick_Handler
    startup_stm32f10x_hd.o(RESET) refers to stm32f10x_it.o(i.ADC1_2_IRQHandler) for ADC1_2_IRQHandler
    startup_stm32f10x_hd.o(RESET) refers to stm32f10x_it.o(i.TIM6_IRQHandler) for TIM6_IRQHandler
    startup_stm32f10x_hd.o(.text) refers to system_stm32f10x.o(i.SystemInit) for SystemInit
    startup_stm32f10x_hd.o(.text) refers to entry.o(.ARM.Collect$$$$00000000) for __main
    main.o(i.AppTaskCreate) refers to port.o(i.vPortEnterCritical) for vPortEnterCritical
    main.o(i.AppTaskCreate) refers to tasks.o(i.xTaskCreate) for xTaskCreate
    main.o(i.AppTaskCreate) refers to printfa.o(i.__0printf) for __2printf
    main.o(i.AppTaskCreate) refers to tasks.o(i.vTaskDelete) for vTaskDelete
    main.o(i.AppTaskCreate) refers to port.o(i.vPortExitCritical) for vPortExitCritical
    main.o(i.AppTaskCreate) refers to main.o(.data) for LED1_Task_Handle
    main.o(i.AppTaskCreate) refers to main.o(i.LED1_Task) for LED1_Task
    main.o(i.AppTaskCreate) refers to main.o(i.LED2_Task) for LED2_Task
    main.o(i.AppTaskCreate) refers to main.o(i.beepTask) for beepTask
    main.o(i.AppTaskCreate) refers to main.o(i.CPU_Task) for CPU_Task
    main.o(i.AppTaskCreate) refers to main.o(i.dacTask) for dacTask
    main.o(i.AppTaskCreate) refers to main.o(i.readAdTask) for readAdTask
    main.o(i.CPU_Task) refers to memseta.o(.text) for __aeabi_memclr4
    main.o(i.CPU_Task) refers to tasks.o(i.vTaskList) for vTaskList
    main.o(i.CPU_Task) refers to printfa.o(i.__0printf) for __2printf
    main.o(i.CPU_Task) refers to tasks.o(i.vTaskGetRunTimeStats) for vTaskGetRunTimeStats
    main.o(i.CPU_Task) refers to tasks.o(i.vTaskDelay) for vTaskDelay
    main.o(i.LED1_Task) refers to stm32f10x_gpio.o(i.GPIO_ResetBits) for GPIO_ResetBits
    main.o(i.LED1_Task) refers to tasks.o(i.vTaskDelay) for vTaskDelay
    main.o(i.LED1_Task) refers to printfa.o(i.__0printf) for __2printf
    main.o(i.LED1_Task) refers to stm32f10x_gpio.o(i.GPIO_SetBits) for GPIO_SetBits
    main.o(i.LED2_Task) refers to stm32f10x_gpio.o(i.GPIO_ResetBits) for GPIO_ResetBits
    main.o(i.LED2_Task) refers to tasks.o(i.vTaskDelay) for vTaskDelay
    main.o(i.LED2_Task) refers to printfa.o(i.__0printf) for __2printf
    main.o(i.LED2_Task) refers to stm32f10x_gpio.o(i.GPIO_SetBits) for GPIO_SetBits
    main.o(i.LED2_Task) refers to rtc.o(i.RTC_GetDateTime) for RTC_GetDateTime
    main.o(i.LED2_Task) refers to main.o(.bss) for p_clockDisplay
    main.o(i.beepTask) refers to cpu.o(i.beepOn_Off) for beepOn_Off
    main.o(i.beepTask) refers to tasks.o(i.vTaskDelay) for vTaskDelay
    main.o(i.beepTask) refers to printfa.o(i.__0printf) for __2printf
    main.o(i.dacTask) refers to tasks.o(i.xTaskGetTickCount) for xTaskGetTickCount
    main.o(i.dacTask) refers to rand.o(.text) for srand
    main.o(i.dacTask) refers to stm32f10x_dac.o(i.DAC_SetChannel1Data) for DAC_SetChannel1Data
    main.o(i.dacTask) refers to printfa.o(i.__0printf) for __2printf
    main.o(i.dacTask) refers to tasks.o(i.vTaskDelay) for vTaskDelay
    main.o(i.main) refers to cpu.o(i.initCpu) for initCpu
    main.o(i.main) refers to tasks.o(i.xTaskCreate) for xTaskCreate
    main.o(i.main) refers to dflti.o(.text) for __aeabi_i2d
    main.o(i.main) refers to cdcmple.o(.text) for __aeabi_cdcmpeq
    main.o(i.main) refers to tasks.o(i.vTaskStartScheduler) for vTaskStartScheduler
    main.o(i.main) refers to main.o(.data) for AppTaskCreate_Handle
    main.o(i.main) refers to main.o(i.AppTaskCreate) for AppTaskCreate
    main.o(i.readAdTask) refers to adc.o(i.readAdc2Chennl) for readAdc2Chennl
    main.o(i.readAdTask) refers to ffltui.o(.text) for __aeabi_ui2f
    main.o(i.readAdTask) refers to fdiv.o(.text) for __aeabi_fdiv
    main.o(i.readAdTask) refers to f2d.o(.text) for __aeabi_f2d
    main.o(i.readAdTask) refers to dmul.o(.text) for __aeabi_dmul
[...]
    ..\rtos\port\MemMang\heap_4.c            0x00000000   Number         0  heap_4.o ABSOLUTE
    ..\rtos\port\RVDS\ARM_CM3\port.c         0x00000000   Number         0  port.o ABSOLUTE
    ..\rtos\src\croutine.c                   0x00000000   Number         0  croutine.o ABSOLUTE
    ..\rtos\src\event_groups.c               0x00000000   Number         0  event_groups.o ABSOLUTE
    ..\rtos\src\list.c                       0x00000000   Number         0  list.o ABSOLUTE
    ..\rtos\src\queue.c                      0x00000000   Number         0  queue.o ABSOLUTE
    ..\rtos\src\tasks.c                      0x00000000   Number         0  tasks.o ABSOLUTE
    ..\rtos\src\timers.c                     0x00000000   Number         0  timers.o ABSOLUTE
    ..\startup\startup_stm32f10x_hd.s        0x00000000   Number         0  startup_stm32f10x_hd.o ABSOLUTE
    cdcmple.s                                0x00000000   Number         0  cdcmple.o ABSOLUTE
    cdrcmple.s                               0x00000000   Number         0  cdrcmple.o ABSOLUTE
    cpu.c                                    0x00000000   Number         0  cpu.o ABSOLUTE
    dc.s                                     0x00000000   Number         0  dc.o ABSOLUTE
    handlers.s                               0x00000000   Number         0  handlers.o ABSOLUTE
    init.s                                   0x00000000   Number         0  init.o ABSOLUTE
    main.c                                   0x00000000   Number         0  main.o ABSOLUTE
    stm32f10x_it.c                           0x00000000   Number         0  stm32f10x_it.o ABSOLUTE
    RESET                                    0x08000000   Section      304  startup_stm32f10x_hd.o(RESET)
    .ARM.Collect$$$$00000000                 0x08000130   Section        0  entry.o(.ARM.Collect$$$$00000000)
    .ARM.Collect$$$$00000001                 0x08000130   Section        4  entry2.o(.ARM.Collect$$$$00000001)
    .ARM.Collect$$$$00000004                 0x08000134   Section        4  entry5.o(.ARM.Collect$$$$00000004)
    .ARM.Collect$$$$00000008                 0x08000138   Section        0  entry7b.o(.ARM.Collect$$$$00000008)
    .ARM.Collect$$$$0000000A                 0x08000138   Section        0  entry8b.o(.ARM.Collect$$$$0000000A)
    .ARM.Collect$$$$0000000B                 0x08000138   Section        8  entry9a.o(.ARM.Collect$$$$0000000B)
    .ARM.Collect$$$$0000000E                 0x08000140   Section        4  entry12b.o(.ARM.Collect$$$$0000000E)
    .ARM.Collect$$$$0000000F                 0x08000144   Section        0  entry10a.o(.ARM.Collect$$$$0000000F)
    .ARM.Collect$$$$00000011                 0x08000144   Section        0  entry11a.o(.ARM.Collect$$$$00000011)
    .ARM.Collect$$$$00002712                 0x08000144   Section        4  entry2.o(.ARM.Collect$$$$00002712)
    __lit__00000000                          0x08000144   Data           4  entry2.o(.ARM.Collect$$$$00002712)
    .emb_text                                0x08000148   Section      150  port.o(.emb_text)
    .text                                    0x080001e0   Section       36  startup_stm32f10x_hd.o(.text)
    .text                                    0x08000204   Section        0  rand.o(.text)
    .text                                    0x08000228   Section        0  memseta.o(.text)
    .text                                    0x0800024c   Section        0  strlen.o(.text)
    .text                                    0x0800025a   Section        0  strcpy.o(.text)
    .text                                    0x0800026c   Section        0  fadd.o(.text)
    .text                                    0x0800031c   Section        0  fmul.o(.text)
    .text                                    0x08000380   Section        0  fdiv.o(.text)
    .text                                    0x080003fc   Section        0  dmul.o(.text)
    .text                                    0x080004e0   Section        0  ffltui.o(.text)
    .text                                    0x080004ea   Section        0  dflti.o(.text)
    .text                                    0x0800050c   Section        0  ffixui.o(.text)
    .text                                    0x08000534   Section        0  f2d.o(.text)
    .text                                    0x0800055c   Section       48  cdcmple.o(.text)
    .text                                    0x0800058c   Section        0  d2f.o(.text)
    .text                                    0x080005c4   Section        0  uidiv.o(.text)
    .text                                    0x080005f0   Section        0  uldiv.o(.text)
    .text                                    0x08000652   Section        0  iusefp.o(.text)
    .text                                    0x08000652   Section        0  fepilogue.o(.text)
    .text                                    0x080006c0   Section        0  depilogue.o(.text)
    .text                                    0x0800077a   Section        0  dadd.o(.text)
    .text                                    0x080008c8   Section        0  ddiv.o(.text)
    .text                                    0x080009a6   Section        0  dfixul.o(.text)
    .text                                    0x080009d8   Section       48  cdrcmple.o(.text)
    .text                                    0x08000a08   Section       36  init.o(.text)
    .text                                    0x08000a2c   Section        0  llshl.o(.text)
    .text                                    0x08000a4a   Section        0  llushr.o(.text)
    .text                                    0x08000a6a   Section        0  llsshr.o(.text)
    i.ADC1_2_IRQHandler                      0x08000a90   Section        0  stm32f10x_it.o(i.ADC1_2_IRQHandler)
    i.ADC_ClearITPendingBit                  0x08000aac   Section        0  stm32f10x_adc.o(i.ADC_ClearITPendingBit)
    i.ADC_Cmd                                0x08000ab6   Section        0  stm32f10x_adc.o(i.ADC_Cmd)
    i.ADC_DMACmd                             0x08000acc   Section        0  stm32f10x_adc.o(i.ADC_DMACmd)
    i.ADC_ExternalTrigConvCmd                0x08000ae2   Section        0  stm32f10x_adc.o(i.ADC_ExternalTrigConvCmd)
    i.ADC_GetCalibrationStatus               0x08000af8   Section        0  stm32f10x_adc.o(i.ADC_GetCalibrationStatus)
    i.ADC_GetITStatus                        0x08000b0c   Section        0  stm32f10x_adc.o(i.ADC_GetITStatus)
    i.ADC_GetResetCalibrationStatus          0x08000b30   Section        0  stm32f10x_adc.o(i.ADC_GetResetCalibrationStatus)
    i.ADC_Init                               0x08000b44   Section        0  stm32f10x_adc.o(i.ADC_Init)
    i.ADC_RegularChannelConfig               0x08000b94   Section        0  stm32f10x_adc.o(i.ADC_RegularChannelConfig)
    i.ADC_ResetCalibration                   0x08000c4c   Section        0  stm32f10x_adc.o(i.ADC_ResetCalibration)
    i.ADC_SoftwareStartConvCmd               0x08000c56   Section        0  stm32f10x_adc.o(i.ADC_SoftwareStartConvCmd)
    i.ADC_StartCalibration                   0x08000c6c   Section        0  stm32f10x_adc.o(i.ADC_StartCalibration)
    i.ADC_TempSensorVrefintCmd               0x08000c78   Section        0  stm32f10x_adc.o(i.ADC_TempSensorVrefintCmd)
    i.ADCx_GPIO_Config                       0x08000c9c   Section        0  adc.o(i.ADCx_GPIO_Config)
    ADCx_GPIO_Config                         0x08000c9d   Thumb Code    32  adc.o(i.ADCx_GPIO_Config)
    i.ADCx_Init                              0x08000cc0   Section        0  adc.o(i.ADCx_Init)
    i.ADCx_Mode_Config                       0x08000ccc   Section        0  adc.o(i.ADCx_Mode_Config)
    ADCx_Mode_Config                         0x08000ccd   Thumb Code   354  adc.o(i.ADCx_Mode_Config)
    i.AppTaskCreate                          0x08000e40   Section        0  main.o(i.AppTaskCreate)
    AppTaskCreate                            0x08000e41   Thumb Code   218  main.o(i.AppTaskCreate)
    i.BKP_DeInit                             0x08001030   Section        0  stm32f10x_bkp.o(i.BKP_DeInit)
    i.BKP_ReadBackupRegister                 0x08001040   Section        0  stm32f10x_bkp.o(i.BKP_ReadBackupRegister)
    i.BKP_WriteBackupRegister                0x0800105c   Section        0  stm32f10x_bkp.o(i.BKP_WriteBackupRegister)
    i.BusFault_Handler                       0x08001078   Section        0  stm32f10x_it.o(i.BusFault_Handler)
    i.CPU_Task                               0x0800107c   Section        0  main.o(i.CPU_Task)
    CPU_Task                                 0x0800107d   Thumb Code    92  main.o(i.CPU_Task)
    i.DAC_Cmd                                0x08001198   Section        0  stm32f10x_dac.o(i.DAC_Cmd)
    i.DAC_Init                               0x080011c0   Section        0  stm32f10x_dac.o(i.DAC_Init)
    i.DAC_SetChannel1Data                    0x080011f4   Section        0  stm32f10x_dac.o(i.DAC_SetChannel1Data)
    i.DMA_Cmd                                0x08001214   Section        0  stm32f10x_dma.o(i.DMA_Cmd)
    i.DMA_DeInit                             0x0800122c   Section        0  stm32f10x_dma.o(i.DMA_DeInit)
    i.DMA_Init                               0x08001378   Section        0  stm32f10x_dma.o(i.DMA_Init)
    i.DebugMon_Handler                       0x080013b4   Section        0  stm32f10x_it.o(i.DebugMon_Handler)
    i.GPIO_Init                              0x080013b6   Section        0  stm32f10x_gpio.o(i.GPIO_Init)
    i.GPIO_ResetBits                         0x080014cc   Section        0  stm32f10x_gpio.o(i.GPIO_ResetBits)
    i.GPIO_SetBits                           0x080014d0   Section        0  stm32f10x_gpio.o(i.GPIO_SetBits)
    i.HardFault_Handler                      0x080014d4   Section        0  stm32f10x_it.o(i.HardFault_Handler)
    i.LED1_Task                              0x080014d8   Section        0  main.o(i.LED1_Task)
    LED1_Task                                0x080014d9   Thumb Code    48  main.o(i.LED1_Task)
    i.LED2_Task                              0x08001548   Section        0  main.o(i.LED2_Task)
    LED2_Task                                0x08001549   Thumb Code    54  main.o(i.LED2_Task)
    i.MemManage_Handler                      0x080015c4   Section        0  stm32f10x_it.o(i.MemManage_Handler)
    i.NMI_Handler                            0x080015c8   Section        0  stm32f10x_it.o(i.NMI_Handler)
    i.NVIC_Configuration                     0x080015ca   Section        0  uart.o(i.NVIC_Configuration)
    NVIC_Configuration                       0x080015cb   Thumb Code    30  uart.o(i.NVIC_Configuration)
    i.NVIC_Init                              0x080015e8   Section        0  misc.o(i.NVIC_Init)
    i.NVIC_PriorityGroupConfig               0x08001658   Section        0  misc.o(i.NVIC_PriorityGroupConfig)
    i.PWR_BackupAccessCmd                    0x0800166c   Section        0  stm32f10x_pwr.o(i.PWR_BackupAccessCmd)
    i.RCC_ADCCLKConfig                       0x08001678   Section        0  stm32f10x_rcc.o(i.RCC_ADCCLKConfig)
    i.RCC_AHBPeriphClockCmd                  0x08001690   Section        0  stm32f10x_rcc.o(i.RCC_AHBPeriphClockCmd)
    i.RCC_APB1PeriphClockCmd                 0x080016b0   Section        0  stm32f10x_rcc.o(i.RCC_APB1PeriphClockCmd)
    i.RCC_APB2PeriphClockCmd                 0x080016d0   Section        0  stm32f10x_rcc.o(i.RCC_APB2PeriphClockCmd)
    i.RCC_BackupResetCmd                     0x080016f0   Section        0  stm32f10x_rcc.o(i.RCC_BackupResetCmd)
    i.RCC_GetClocksFreq                      0x080016fc   Section        0  stm32f10x_rcc.o(i.RCC_GetClocksFreq)
    i.RCC_GetFlagStatus                      0x080017d0   Section        0  stm32f10x_rcc.o(i.RCC_GetFlagStatus)
    i.RCC_LSEConfig                          0x0800180c   Section        0  stm32f10x_rcc.o(i.RCC_LSEConfig)
    i.RCC_RTCCLKCmd                          0x08001840   Section        0  stm32f10x_rcc.o(i.RCC_RTCCLKCmd)
    i.RCC_RTCCLKConfig                       0x0800184c   Section        0  stm32f10x_rcc.o(i.RCC_RTCCLKConfig)
    i.RTC_EnterConfigMode                    0x0800185c   Section        0  stm32f10x_rtc.o(i.RTC_EnterConfigMode)
    i.RTC_ExitConfigMode                     0x08001870   Section        0  stm32f10x_rtc.o(i.RTC_ExitConfigMode)
    i.RTC_GetCounter                         0x08001884   Section        0  stm32f10x_rtc.o(i.RTC_GetCounter)
    i.RTC_GetDateTime                        0x08001898   Section        0  rtc.o(i.RTC_GetDateTime)
    i.RTC_Init                               0x080018b8   Section        0  rtc.o(i.RTC_Init)
    i.RTC_SetCounter                         0x08001934   Section        0  stm32f10x_rtc.o(i.RTC_SetCounter)
    i.RTC_SetDateTime                        0x08001950   Section        0  rtc.o(i.RTC_SetDateTime)
    i.RTC_SetPrescaler                       0x080019e4   Section        0  stm32f10x_rtc.o(i.RTC_SetPrescaler)
    i.RTC_WaitForLastTask                    0x08001a04   Section        0  stm32f10x_rtc.o(i.RTC_WaitForLastTask)
    i.RTC_WaitForSynchro                     0x08001a18   Section        0  stm32f10x_rtc.o(i.RTC_WaitForSynchro)
    i.SetSysClock                            0x08001a3c   Section        0  system_stm32f10x.o(i.SetSysClock)
    SetSysClock                              0x08001a3d   Thumb Code     8  system_stm32f10x.o(i.SetSysClock)
    i.SetSysClockTo72                        0x08001a44   Section        0  system_stm32f10x.o(i.SetSysClockTo72)
    SetSysClockTo72                          0x08001a45   Thumb Code   214  system_stm32f10x.o(i.SetSysClockTo72)
    i.SysTick_Handler                        0x08001b24   Section        0  stm32f10x_it.o(i.SysTick_Handler)
    i.SystemInit                             0x08001b2c   Section        0  system_stm32f10x.o(i.SystemInit)
    i.TIM6_IRQHandler                        0x08001b8c   Section        0  stm32f10x_it.o(i.TIM6_IRQHandler)
    i.TIM_ClearFlag                          0x08001bd0   Section        0  stm32f10x_tim.o(i.TIM_ClearFlag)
    i.TIM_ClearITPendingBit                  0x08001bd6   Section        0  stm32f10x_tim.o(i.TIM_ClearITPendingBit)
    i.TIM_Cmd                                0x08001bdc   Section        0  stm32f10x_tim.o(i.TIM_Cmd)
    i.TIM_CtrlPWMOutputs                     0x08001bf4   Section        0  stm32f10x_tim.o(i.TIM_CtrlPWMOutputs)
    i.TIM_GetITStatus                        0x08001c12   Section        0  stm32f10x_tim.o(i.TIM_GetITStatus)
    i.TIM_ITConfig                           0x08001c34   Section        0  stm32f10x_tim.o(i.TIM_ITConfig)
    i.TIM_OC1Init                            0x08001c48   Section        0  stm32f10x_tim.o(i.TIM_OC1Init)
    i.TIM_OC1PreloadConfig                   0x08001ce0   Section        0  stm32f10x_tim.o(i.TIM_OC1PreloadConfig)
    i.TIM_TimeBaseInit                       0x08001cf4   Section        0  stm32f10x_tim.o(i.TIM_TimeBaseInit)
    i.USART_Cmd                              0x08001d98   Section        0  stm32f10x_usart.o(i.USART_Cmd)
    i.USART_Config                           0x08001db0   Section        0  uart.o(i.USART_Config)
    i.USART_GetFlagStatus                    0x08001e40   Section        0  stm32f10x_usart.o(i.USART_GetFlagStatus)
    i.USART_ITConfig                         0x08001e5a   Section        0  stm32f10x_usart.o(i.USART_ITConfig)
    i.USART_Init                             0x08001ea4   Section        0  stm32f10x_usart.o(i.USART_Init)
    i.USART_SendData                         0x08001f7c   Section        0  stm32f10x_usart.o(i.USART_SendData)
    i.UsageFault_Handler                     0x08001f84   Section        0  stm32f10x_it.o(i.UsageFault_Handler)
    i.__0printf                              0x08001f88   Section        0  printfa.o(i.__0printf)
    i.__0sprintf                             0x08001fa8   Section        0  printfa.o(i.__0sprintf)
    i.__scatterload_copy                     0x08001fd0   Section       14  handlers.o(i.__scatterload_copy)
    i.__scatterload_null                     0x08001fde   Section        2  handlers.o(i.__scatterload_null)
    i.__scatterload_zeroinit                 0x08001fe0   Section       14  handlers.o(i.__scatterload_zeroinit)
    i._fp_digits                             0x08001ff0   Section        0  printfa.o(i._fp_digits)
    _fp_digits                               0x08001ff1   Thumb Code   366  printfa.o(i._fp_digits)
    i._printf_core                           0x08002174   Section        0  printfa.o(i._printf_core)
    _printf_core                             0x08002175   Thumb Code  1704  printfa.o(i._printf_core)
    i._printf_post_padding                   0x08002828   Section        0  printfa.o(i._printf_post_padding)
    _printf_post_padding                     0x08002829   Thumb Code    36  printfa.o(i._printf_post_padding)
    i._printf_pre_padding                    0x0800284c   Section        0  printfa.o(i._printf_pre_padding)
    _printf_pre_padding                      0x0800284d   Thumb Code    46  printfa.o(i._printf_pre_padding)
    i._sputc                                 0x0800287a   Section        0  printfa.o(i._sputc)
    _sputc                                   0x0800287b   Thumb Code    10  printfa.o(i._sputc)
    i.beepOn_Off                             0x08002884   Section        0  cpu.o(i.beepOn_Off)
    i.beepTask                               0x080028f0   Section        0  main.o(i.beepTask)
    beepTask                                 0x080028f1   Thumb Code    72  main.o(i.beepTask)
    i.calculate_weekday                      0x08002954   Section        0  rtc.o(i.calculate_weekday)
    i.dacConfig                              0x080029dc   Section        0  dac.o(i.dacConfig)
    dacConfig                                0x080029dd   Thumb Code    96  dac.o(i.dacConfig)
    i.dacInit                                0x08002a40   Section        0  dac.o(i.dacInit)
    i.dacTask                                0x08002a48   Section        0  main.o(i.dacTask)
    dacTask                                  0x08002a49   Thumb Code    58  main.o(i.dacTask)
    i.eTaskGetState                          0x08002a98   Section        0  tasks.o(i.eTaskGetState)
    i.fputc                                  0x08002b38   Section        0  uart.o(i.fputc)
    i.gpioInit                               0x08002b5c   Section        0  gpio.o(i.gpioInit)
    i.initCpu                                0x08002b90   Section        0  cpu.o(i.initCpu)
    i.interruptInit                          0x08002bb4   Section        0  cpu.o(i.interruptInit)
    interruptInit                            0x08002bb5   Thumb Code    42  cpu.o(i.interruptInit)
    i.is_leap_year                           0x08002bde   Section        0  rtc.o(i.is_leap_year)
    i.is_valid_date                          0x08002c14   Section        0  rtc.o(i.is_valid_date)
    i.main                                   0x08002c58   Section        0  main.o(i.main)
    i.periphClockInit                        0x08002cb8   Section        0  cpu.o(i.periphClockInit)
    periphClockInit                          0x08002cb9   Thumb Code    36  cpu.o(i.periphClockInit)
    i.prvAddCurrentTaskToDelayedList         0x08002cdc   Section        0  tasks.o(i.prvAddCurrentTaskToDelayedList)
    prvAddCurrentTaskToDelayedList           0x08002cdd   Thumb Code   124  tasks.o(i.prvAddCurrentTaskToDelayedList)
    i.prvAddNewTaskToReadyList               0x08002d74   Section        0  tasks.o(i.prvAddNewTaskToReadyList)
    prvAddNewTaskToReadyList                 0x08002d75   Thumb Code   156  tasks.o(i.prvAddNewTaskToReadyList)
    i.prvCheckTasksWaitingTermination        0x08002e2c   Section        0  tasks.o(i.prvCheckTasksWaitingTermination)
    prvCheckTasksWaitingTermination          0x08002e2d   Thumb Code    86  tasks.o(i.prvCheckTasksWaitingTermination)
    i.prvDeleteTCB                           0x08002e90   Section        0  tasks.o(i.prvDeleteTCB)
    prvDeleteTCB                             0x08002e91   Thumb Code    18  tasks.o(i.prvDeleteTCB)
    i.prvHeapInit                            0x08002ea4   Section        0  heap_4.o(i.prvHeapInit)
    prvHeapInit                              0x08002ea5   Thumb Code    98  heap_4.o(i.prvHeapInit)
    i.prvIdleTask                            0x08002f20   Section        0  tasks.o(i.prvIdleTask)
    prvIdleTask                              0x08002f21   Thumb Code    32  tasks.o(i.prvIdleTask)
    i.prvInitialiseNewTask                   0x08002f48   Section        0  tasks.o(i.prvInitialiseNewTask)
    prvInitialiseNewTask                     0x08002f49   Thumb Code   170  tasks.o(i.prvInitialiseNewTask)
    i.prvInitialiseTaskLists                 0x08003018   Section        0  tasks.o(i.prvInitialiseTaskLists)
    prvInitialiseTaskLists                   0x08003019   Thumb Code    70  tasks.o(i.prvInitialiseTaskLists)
    i.prvInsertBlockIntoFreeList             0x08003080   Section        0  heap_4.o(i.prvInsertBlockIntoFreeList)
    prvInsertBlockIntoFreeList               0x08003081   Thumb Code    96  heap_4.o(i.prvInsertBlockIntoFreeList)
    i.prvListTasksWithinSingleList           0x080030e8   Section        0  tasks.o(i.prvListTasksWithinSingleList)
    prvListTasksWithinSingleList             0x080030e9   Thumb Code   106  tasks.o(i.prvListTasksWithinSingleList)
    i.prvResetNextTaskUnblockTime            0x08003154   Section        0  tasks.o(i.prvResetNextTaskUnblockTime)
    prvResetNextTaskUnblockTime              0x08003155   Thumb Code    42  tasks.o(i.prvResetNextTaskUnblockTime)
    i.prvTaskCheckFreeStackSpace             0x08003188   Section        0  tasks.o(i.prvTaskCheckFreeStackSpace)
    prvTaskCheckFreeStackSpace               0x08003189   Thumb Code    22  tasks.o(i.prvTaskCheckFreeStackSpace)
    i.prvTaskExitError                       0x080031a0   Section        0  port.o(i.prvTaskExitError)
    prvTaskExitError                         0x080031a1   Thumb Code    48  port.o(i.prvTaskExitError)
    i.prvWriteNameToBuffer                   0x08003208   Section        0  tasks.o(i.prvWriteNameToBuffer)
    prvWriteNameToBuffer                     0x08003209   Thumb Code    42  tasks.o(i.prvWriteNameToBuffer)
    i.pvPortMalloc                           0x08003234   Section        0  heap_4.o(i.pvPortMalloc)
    i.pxPortInitialiseStack                  0x08003380   Section        0  port.o(i.pxPortInitialiseStack)
    i.readAdTask                             0x080033a4   Section        0  main.o(i.readAdTask)
    readAdTask                               0x080033a5   Thumb Code    86  main.o(i.readAdTask)
    i.readAdc2Chennl                         0x0800342c   Section        0  adc.o(i.readAdc2Chennl)
    i.readAverageTempertureValue             0x08003438   Section        0  adc.o(i.readAverageTempertureValue)
    i.readTempertureValue                    0x08003504   Section        0  adc.o(i.readTempertureValue)
    readTempertureValue                      0x08003505   Thumb Code    24  adc.o(i.readTempertureValue)
    i.timConfigBeep                          0x08003520   Section        0  tim.o(i.timConfigBeep)
    timConfigBeep                            0x08003521   Thumb Code   106  tim.o(i.timConfigBeep)
    i.timConfig_10ms                         0x08003590   Section        0  tim.o(i.timConfig_10ms)
    timConfig_10ms                           0x08003591   Thumb Code    66  tim.o(i.timConfig_10ms)
    i.timGpioInitBeep                        0x080035d8   Section        0  tim.o(i.timGpioInitBeep)
    timGpioInitBeep                          0x080035d9   Thumb Code    32  tim.o(i.timGpioInitBeep)
    i.timInit                                0x080035fc   Section        0  tim.o(i.timInit)
    i.unix_to_datetime                       0x08003610   Section        0  rtc.o(i.unix_to_datetime)
    i.uxListRemove                           0x080036d8   Section        0  list.o(i.uxListRemove)
    i.uxTaskGetSystemState                   0x08003700   Section        0  tasks.o(i.uxTaskGetSystemState)
    i.vListInitialise                        0x080037b8   Section        0  list.o(i.vListInitialise)
    i.vListInitialiseItem                    0x080037d2   Section        0  list.o(i.vListInitialiseItem)
    i.vListInsert                            0x080037d8   Section        0  list.o(i.vListInsert)
    i.vListInsertEnd                         0x0800380c   Section        0  list.o(i.vListInsertEnd)
    i.vPortEnterCritical                     0x08003824   Section        0  port.o(i.vPortEnterCritical)
    i.vPortExitCritical                      0x080038a4   Section        0  port.o(i.vPortExitCritical)
    i.vPortFree                              0x0800390c   Section        0  heap_4.o(i.vPortFree)
    i.vPortSetupTimerInterrupt               0x080039bc   Section        0  port.o(i.vPortSetupTimerInterrupt)
    i.vTaskDelay                             0x080039dc   Section        0  tasks.o(i.vTaskDelay)
    i.vTaskDelete                            0x08003a50   Section        0  tasks.o(i.vTaskDelete)
    i.vTaskGetInfo                           0x08003b5c   Section        0  tasks.o(i.vTaskGetInfo)
    i.vTaskGetRunTimeStats                   0x08003bd4   Section        0  tasks.o(i.vTaskGetRunTimeStats)
    i.vTaskList                              0x08003ca8   Section        0  tasks.o(i.vTaskList)
    i.vTaskStartScheduler                    0x08003d88   Section        0  tasks.o(i.vTaskStartScheduler)
    i.vTaskSuspendAll                        0x08003e34   Section        0  tasks.o(i.vTaskSuspendAll)
    i.vTaskSwitchContext                     0x08003e44   Section        0  tasks.o(i.vTaskSwitchContext)
    i.xPortStartScheduler                    0x08003f2c   Section        0  port.o(i.xPortStartScheduler)
    i.xPortSysTickHandler                    0x08003fcc   Section        0  port.o(i.xPortSysTickHandler)
    i.xTaskCreate                            0x08004000   Section        0  tasks.o(i.xTaskCreate)
    i.xTaskGetTickCount                      0x08004060   Section        0  tasks.o(i.xTaskGetTickCount)
    i.xTaskIncrementTick                     0x0800406c   Section        0  tasks.o(i.xTaskIncrementTick)
    i.xTaskResumeAll                         0x080041cc   Section        0  tasks.o(i.xTaskResumeAll)
    .constdata                               0x080042ec   Section       26  rtc.o(.constdata)
    .data                                    0x20000000   Section       28  main.o(.data)
    AppTaskCreate_Handle                     0x20000000   Data           4  main.o(.data)
    LED1_Task_Handle                         0x20000004   Data           4  main.o(.data)
    LED2_Task_Handle                         0x20000008   Data           4  main.o(.data)
    beepTask_Handle                          0x2000000c   Data           4  main.o(.data)
    CPU_Task_Handle                          0x20000010   Data           4  main.o(.data)
    dacTask_Handle                           0x20000014   Data           4  main.o(.data)
    readAdTask_Handle                        0x20000018   Data           4  main.o(.data)
    .data                                    0x2000001c   Section        8  stm32f10x_it.o(.data)
    time                                     0x20000020   Data           1  stm32f10x_it.o(.data)
    .data                                    0x20000024   Section       20  system_stm32f10x.o(.data)
    .data                                    0x20000038   Section       20  stm32f10x_rcc.o(.data)
    APBAHBPrescTable                         0x20000038   Data          16  stm32f10x_rcc.o(.data)
    ADCPrescTable                            0x20000048   Data           4  stm32f10x_rcc.o(.data)
    .data                                    0x2000004c   Section        4  rtc.o(.data)
    .data                                    0x20000050   Section       16  adc.o(.data)
    ADC_ConvertedValue                       0x20000050   Data           4  adc.o(.data)
    cnt                                      0x20000054   Data           2  adc.o(.data)
    cnt1                                     0x20000056   Data           2  adc.o(.data)
    ii                                       0x20000058   Data           2  adc.o(.data)
    sum                                      0x2000005c   Data           4  adc.o(.data)
    .data                                    0x20000060   Section       24  heap_4.o(.data)
    xStart                                   0x20000060   Data           8  heap_4.o(.data)
    pxEnd                                    0x20000068   Data           4  heap_4.o(.data)
    xFreeBytesRemaining                      0x2000006c   Data           4  heap_4.o(.data)
    xMinimumEverFreeBytesRemaining           0x20000070   Data           4  heap_4.o(.data)
    xBlockAllocatedBit                       0x20000074   Data           4  heap_4.o(.data)
    .data                                    0x20000078   Section       12  port.o(.data)
    uxCriticalNesting                        0x20000078   Data           4  port.o(.data)
    ucMaxSysCallPriority                     0x2000007c   Data           1  port.o(.data)
    ulMaxPRIGROUPValue                       0x20000080   Data           4  port.o(.data)
    .data                                    0x20000084   Section       68  tasks.o(.data)
    pxDelayedTaskList                        0x20000088   Data           4  tasks.o(.data)
    pxOverflowDelayedTaskList                0x2000008c   Data           4  tasks.o(.data)
    uxDeletedTasksWaitingCleanUp             0x20000090   Data           4  tasks.o(.data)
    uxCurrentNumberOfTasks                   0x20000094   Data           4  tasks.o(.data)
    xTickCount                               0x20000098   Data           4  tasks.o(.data)
    uxTopReadyPriority                       0x2000009c   Data           4  tasks.o(.data)
    xSchedulerRunning                        0x200000a0   Data           4  tasks.o(.data)
    uxPendedTicks                            0x200000a4   Data           4  tasks.o(.data)
    xYieldPending                            0x200000a8   Data           4  tasks.o(.data)
    xNumOfOverflows                          0x200000ac   Data           4  tasks.o(.data)
    uxTaskNumber                             0x200000b0   Data           4  tasks.o(.data)
    xNextTaskUnblockTime                     0x200000b4   Data           4  tasks.o(.data)
    xIdleTaskHandle                          0x200000b8   Data           4  tasks.o(.data)
    uxSchedulerSuspended                     0x200000bc   Data           4  tasks.o(.data)
    ulTaskSwitchedInTime                     0x200000c0   Data           4  tasks.o(.data)
    ulTotalRunTime                           0x200000c4   Data           4  tasks.o(.data)
    .data                                    0x200000c8   Section        4  rand.o(.data)
    _rand_state                              0x200000c8   Data           4  rand.o(.data)
    .data                                    0x200000cc   Section        4  stdout.o(.data)
    .bss                                     0x200000d0   Section       10  main.o(.bss)
    .bss                                     0x200000dc   Section      400  adc.o(.bss)
    average                                  0x200000dc   Data         400  adc.o(.bss)
    .bss                                     0x2000026c   Section    36864  heap_4.o(.bss)
    ucHeap                                   0x2000026c   Data       36864  heap_4.o(.bss)
    .bss                                     0x2000926c   Section      740  tasks.o(.bss)
    pxReadyTasksLists                        0x2000926c   Data         640  tasks.o(.bss)
    xDelayedTaskList1                        0x200094ec   Data          20  tasks.o(.bss)
    xDelayedTaskList2                        0x20009500   Data          20  tasks.o(.bss)
    xPendingReadyList                        0x20009514   Data          20  tasks.o(.bss)
    xTasksWaitingTermination                 0x20009528   Data          20  tasks.o(.bss)
    xSuspendedTaskList                       0x2000953c   Data          20  tasks.o(.bss)
    STACK                                    0x20009550   Section     1024  startup_stm32f10x_hd.o(STACK)

    Global Symbols

    Symbol Name                              Value     Ov Type        Size  Object(Section)

    BuildAttributes$$THM_ISAv4$P$D$K$B$S$PE$A:L22UL41UL21$X:L11$S22US41US21$IEEE1$IW$USESV6$~STKCKD$USESV7$~SHL$OTIME$ROPI$EBA8$MICROLIB$REQ8$PRES8$EABIv2 0x00000000   Number         0  anon$$obj.o ABSOLUTE
    __ARM_use_no_argv                        0x00000000   Number         0  main.o ABSOLUTE
    _printf_a                                0x00000000   Number         0  stubs.o ABSOLUTE
    _printf_c                                0x00000000   Number         0  stubs.o ABSOLUTE
    _printf_charcount                        0x00000000   Number         0  stubs.o ABSOLUTE
    _printf_d                                0x00000000   Number         0  stubs.o ABSOLUTE
    _printf_e                                0x00000000   Number         0  stubs.o ABSOLUTE
    _printf_f                                0x00000000   Number         0  stubs.o ABSOLUTE
    _printf_flags                            0x00000000   Number         0  stubs.o ABSOLUTE
    _printf_fp_dec                           0x00000000   Number         0  stubs.o ABSOLUTE
    _printf_fp_hex                           0x00000000   Number         0  stubs.o ABSOLUTE
    _printf_g                                0x00000000   Number         0  stubs.o ABSOLUTE
    _printf_i                                0x00000000   Number         0  stubs.o ABSOLUTE
    _printf_int_dec                          0x00000000   Number         0  stubs.o ABSOLUTE
    _printf_l                                0x00000000   Number         0  stubs.o ABSOLUTE
    _printf_lc                               0x00000000   Number         0  stubs.o ABSOLUTE
    _printf_ll                               0x00000000   Number         0  stubs.o ABSOLUTE
    _printf_lld                              0x00000000   Number         0  stubs.o ABSOLUTE
    _printf_lli                              0x00000000   Number         0  stubs.o ABSOLUTE
    _printf_llo                              0x00000000   Number         0  stubs.o ABSOLUTE
    _printf_llu                              0x00000000   Number         0  stubs.o ABSOLUTE
    _printf_llx                              0x00000000   Number         0  stubs.o ABSOLUTE
    _printf_longlong_dec                     0x00000000   Number         0  stubs.o ABSOLUTE
    _printf_longlong_hex                     0x00000000   Number         0  stubs.o ABSOLUTE
    _printf_longlong_oct                     0x00000000   Number         0  stubs.o ABSOLUTE
    _printf_ls                               0x00000000   Number         0  stubs.o ABSOLUTE
    _printf_mbtowc                           0x00000000   Number         0  stubs.o ABSOLUTE
    _printf_n                                0x00000000   Number         0  stubs.o ABSOLUTE
    _printf_o                                0x00000000   Number         0  stubs.o ABSOLUTE
    _printf_p                                0x00000000   Number         0  stubs.o ABSOLUTE
    _printf_percent                          0x00000000   Number         0  stubs.o ABSOLUTE
    _printf_pre_padding                      0x00000000   Number         0  stubs.o ABSOLUTE
    _printf_return_value                     0x00000000   Number         0  stubs.o ABSOLUTE
    _printf_s                                0x00000000   Number         0  stubs.o ABSOLUTE
    _printf_sizespec                         0x00000000   Number         0  stubs.o ABSOLUTE
    _printf_str                              0x00000000   Number         0  stubs.o ABSOLUTE
    _printf_truncate_signed                  0x00000000   Number         0  stubs.o ABSOLUTE
    _printf_truncate_unsigned                0x00000000   Number         0  stubs.o ABSOLUTE
    _printf_u                                0x00000000   Number         0  stubs.o ABSOLUTE
    _printf_wc                               0x00000000   Number         0  stubs.o ABSOLUTE
    _printf_wctomb                           0x00000000   Number         0  stubs.o ABSOLUTE
    _printf_widthprec                        0x00000000   Number         0  stubs.o ABSOLUTE
    _printf_x                                0x00000000   Number         0  stubs.o ABSOLUTE
    __arm_fini_                               - Undefined Weak Reference
    __cpp_initialize__aeabi_                  - Undefined Weak Reference
    __cxa_finalize                            - Undefined Weak Reference
    __decompress                              - Undefined Weak Reference
    _clock_init                               - Undefined Weak Reference
    _microlib_exit                            - Undefined Weak Reference
    __Vectors_Size                           0x00000130   Number         0  startup_stm32f10x_hd.o ABSOLUTE
    __Vectors                                0x08000000   Data           4  startup_stm32f10x_hd.o(RESET)
    __Vectors_End                            0x08000130   Data           0  startup_stm32f10x_hd.o(RESET)
    __main                                   0x08000131   Thumb Code     0  entry.o(.ARM.Collect$$$$00000000)
    _main_stk                                0x08000131   Thumb Code     0  entry2.o(.ARM.Collect$$$$00000001)
    _main_scatterload                        0x08000135   Thumb Code     0  entry5.o(.ARM.Collect$$$$00000004)
    __main_after_scatterload                 0x08000139   Thumb Code     0  entry5.o(.ARM.Collect$$$$00000004)
    _main_clock                              0x08000139   Thumb Code     0  entry7b.o(.ARM.Collect$$$$00000008)
    _main_cpp_init                           0x08000139   Thumb Code     0  entry8b.o(.ARM.Collect$$$$0000000A)
    _main_init                               0x08000139   Thumb Code     0  entry9a.o(.ARM.Collect$$$$0000000B)
    __rt_lib_shutdown_fini                   0x08000141   Thumb Code     0  entry12b.o(.ARM.Collect$$$$0000000E)
    __rt_final_cpp                           0x08000145   Thumb Code     0  entry10a.o(.ARM.Collect$$$$0000000F)
    __rt_final_exit                          0x08000145   Thumb Code     0  entry11a.o(.ARM.Collect$$$$00000011)
    SVC_Handler                              0x08000149   Thumb Code    32  port.o(.emb_text)
    __asm___6_port_c_39a90d8d__prvStartFirstTask 0x0800016d   Thumb Code    28  port.o(.emb_text)
    PendSV_Handler                           0x0800018d   Thumb Code    72  port.o(.emb_text)
    vPortGetIPSR                             0x080001d9   Thumb Code     6  port.o(.emb_text)
    Reset_Handler                            0x080001e1   Thumb Code     8  startup_stm32f10x_hd.o(.text)
    ADC3_IRQHandler                          0x080001fb   Thumb Code     0  startup_stm32f10x_hd.o(.text)
    CAN1_RX1_IRQHandler                      0x080001fb   Thumb Code     0  startup_stm32f10x_hd.o(.text)
    CAN1_SCE_IRQHandler                      0x080001fb   Thumb Code     0  startup_stm32f10x_hd.o(.text)
    DMA1_Channel1_IRQHandler                 0x080001fb   Thumb Code     0  startup_stm32f10x_hd.o(.text)
    DMA1_Channel2_IRQHandler                 0x080001fb   Thumb Code     0  startup_stm32f10x_hd.o(.text)
    DMA1_Channel3_IRQHandler                 0x080001fb   Thumb Code     0  startup_stm32f10x_hd.o(.text)
    DMA1_Channel4_IRQHandler                 0x080001fb   Thumb Code     0  startup_stm32f10x_hd.o(.text)
    DMA1_Channel5_IRQHandler                 0x080001fb   Thumb Code     0  startup_stm32f10x_hd.o(.text)
    DMA1_Channel6_IRQHandler                 0x080001fb   Thumb Code     0  startup_stm32f10x_hd.o(.text)
    DMA1_Channel7_IRQHandler                 0x080001fb   Thumb Code     0  startup_stm32f10x_hd.o(.text)
    DMA2_Channel1_IRQHandler                 0x080001fb   Thumb Code     0  startup_stm32f10x_hd.o(.text)
    DMA2_Channel2_IRQHandler                 0x080001fb   Thumb Code     0  startup_stm32f10x_hd.o(.text)
    DMA2_Channel3_IRQHandler                 0x080001fb   Thumb Code     0  startup_stm32f10x_hd.o(.text)
    DMA2_Channel4_5_IRQHandler               0x080001fb   Thumb Code     0  startup_stm32f10x_hd.o(.text)
    EXTI0_IRQHandler                         0x080001fb   Thumb Code     0  startup_stm32f10x_hd.o(.text)
    EXTI15_10_IRQHandler                     0x080001fb   Thumb Code     0  startup_stm32f10x_hd.o(.text)
    EXTI1_IRQHandler                         0x080001fb   Thumb Code     0  startup_stm32f10x_hd.o(.text)
    EXTI2_IRQHandler                         0x080001fb   Thumb Code     0  startup_stm32f10x_hd.o(.text)
    EXTI3_IRQHandler                         0x080001fb   Thumb Code     0  startup_stm32f10x_hd.o(.text)
    EXTI4_IRQHandler                         0x080001fb   Thumb Code     0  startup_stm32f10x_hd.o(.text)
    EXTI9_5_IRQHandler                       0x080001fb   Thumb Code     0  startup_stm32f10x_hd.o(.text)
    FLASH_IRQHandler                         0x080001fb   Thumb Code     0  startup_stm32f10x_hd.o(.text)
    FSMC_IRQHandler                          0x080001fb   Thumb Code     0  startup_stm32f10x_hd.o(.text)
    I2C1_ER_IRQHandler                       0x080001fb   Thumb Code     0  startup_stm32f10x_hd.o(.text)
    I2C1_EV_IRQHandler                       0x080001fb   Thumb Code     0  startup_stm32f10x_hd.o(.text)
    I2C2_ER_IRQHandler                       0x080001fb   Thumb Code     0  startup_stm32f10x_hd.o(.text)
    I2C2_EV_IRQHandler                       0x080001fb   Thumb Code     0  startup_stm32f10x_hd.o(.text)
    PVD_IRQHandler                           0x080001fb   Thumb Code     0  startup_stm32f10x_hd.o(.text)
    RCC_IRQHandler                           0x080001fb   Thumb Code     0  startup_stm32f10x_hd.o(.text)
    RTCAlarm_IRQHandler                      0x080001fb   Thumb Code     0  startup_stm32f10x_hd.o(.text)
    RTC_IRQHandler                           0x080001fb   Thumb Code     0  startup_stm32f10x_hd.o(.text)
    SDIO_IRQHandler                          0x080001fb   Thumb Code     0  startup_stm32f10x_hd.o(.text)
    SPI1_IRQHandler                          0x080001fb   Thumb Code     0  startup_stm32f10x_hd.o(.text)
    SPI2_IRQHandler                          0x080001fb   Thumb Code     0  startup_stm32f10x_hd.o(.text)
    SPI3_IRQHandler                          0x080001fb   Thumb Code     0  startup_stm32f10x_hd.o(.text)
    TAMPER_IRQHandler                        0x080001fb   Thumb Code     0  startup_stm32f10x_hd.o(.text)
    TIM1_BRK_IRQHandler                      0x080001fb   Thumb Code     0  startup_stm32f10x_hd.o(.text)
    TIM1_CC_IRQHandler                       0x080001fb   Thumb Code     0  startup_stm32f10x_hd.o(.text)
    TIM1_TRG_COM_IRQHandler                  0x080001fb   Thumb Code     0  startup_stm32f10x_hd.o(.text)
    TIM1_UP_IRQHandler                       0x080001fb   Thumb Code     0  startup_stm32f10x_hd.o(.text)
    TIM2_IRQHandler                          0x080001fb   Thumb Code     0  startup_stm32f10x_hd.o(.text)
    TIM3_IRQHandler                          0x080001fb   Thumb Code     0  startup_stm32f10x_hd.o(.text)
    TIM4_IRQHandler                          0x080001fb   Thumb Code     0  startup_stm32f10x_hd.o(.text)
    TIM5_IRQHandler                          0x080001fb   Thumb Code     0  startup_stm32f10x_hd.o(.text)
    TIM7_IRQHandler                          0x080001fb   Thumb Code     0  startup_stm32f10x_hd.o(.text)
    TIM8_BRK_IRQHandler                      0x080001fb   Thumb Code     0  startup_stm32f10x_hd.o(.text)
    TIM8_CC_IRQHandler                       0x080001fb   Thumb Code     0  startup_stm32f10x_hd.o(.text)
    TIM8_TRG_COM_IRQHandler                  0x080001fb   Thumb Code     0  startup_stm32f10x_hd.o(.text)
    TIM8_UP_IRQHandler                       0x080001fb   Thumb Code     0  startup_stm32f10x_hd.o(.text)
    UART4_IRQHandler                         0x080001fb   Thumb Code     0  startup_stm32f10x_hd.o(.text)
    UART5_IRQHandler                         0x080001fb   Thumb Code     0  startup_stm32f10x_hd.o(.text)
    USART1_IRQHandler                        0x080001fb   Thumb Code     0  startup_stm32f10x_hd.o(.text)
    USART2_IRQHandler                        0x080001fb   Thumb Code     0  startup_stm32f10x_hd.o(.text)
    USART3_IRQHandler                        0x080001fb   Thumb Code     0  startup_stm32f10x_hd.o(.text)
    USBWakeUp_IRQHandler                     0x080001fb   Thumb Code     0  startup_stm32f10x_hd.o(.text)
    USB_HP_CAN1_TX_IRQHandler                0x080001fb   Thumb Code     0  startup_stm32f10x_hd.o(.text)
    USB_LP_CAN1_RX0_IRQHandler               0x080001fb   Thumb Code     0  startup_stm32f10x_hd.o(.text)
    WWDG_IRQHandler                          0x080001fb   Thumb Code     0  startup_stm32f10x_hd.o(.text)
    rand                                     0x08000205   Thumb Code    20  rand.o(.text)
    srand                                    0x08000219   Thumb Code     6  rand.o(.text)
    __aeabi_memset                           0x08000229   Thumb Code    14  memseta.o(.text)
    __aeabi_memset4                          0x08000229   Thumb Code     0  memseta.o(.text)
    __aeabi_memset8                          0x08000229   Thumb Code     0  memseta.o(.text)
    __aeabi_memclr                           0x08000237   Thumb Code     4  memseta.o(.text)
    __aeabi_memclr4                          0x08000237   Thumb Code     0  memseta.o(.text)
    __aeabi_memclr8                          0x08000237   Thumb Code     0  memseta.o(.text)
    _memset$wrapper                          0x0800023b   Thumb Code    18  memseta.o(.text)
    strlen                                   0x0800024d   Thumb Code    14  strlen.o(.text)
    strcpy                                   0x0800025b   Thumb Code    18  strcpy.o(.text)
    __aeabi_fadd                             0x0800026d   Thumb Code   164  fadd.o(.text)
    __aeabi_fsub                             0x08000311   Thumb Code     6  fadd.o(.text)
    __aeabi_frsub                            0x08000317   Thumb Code     6  fadd.o(.text)
    __aeabi_fmul                             0x0800031d   Thumb Code   100  fmul.o(.text)
    __aeabi_fdiv                             0x08000381   Thumb Code   124  fdiv.o(.text)
    __aeabi_dmul                             0x080003fd   Thumb Code   228  dmul.o(.text)
    __aeabi_ui2f                             0x080004e1   Thumb Code    10  ffltui.o(.text)
    __aeabi_i2d                              0x080004eb   Thumb Code    34  dflti.o(.text)
    __aeabi_f2uiz                            0x0800050d   Thumb Code    40  ffixui.o(.text)
    __aeabi_f2d                              0x08000535   Thumb Code    38  f2d.o(.text)
    __aeabi_cdcmpeq                          0x0800055d   Thumb Code     0  cdcmple.o(.text)
    __aeabi_cdcmple                          0x0800055d   Thumb Code    48  cdcmple.o(.text)
    __aeabi_d2f                              0x0800058d   Thumb Code    56  d2f.o(.text)
    __aeabi_uidiv                            0x080005c5   Thumb Code     0  uidiv.o(.text)
    __aeabi_uidivmod                         0x080005c5   Thumb Code    44  uidiv.o(.text)
    __aeabi_uldivmod                         0x080005f1   Thumb Code    98  uldiv.o(.text)
    __I$use$fp                               0x08000653   Thumb Code     0  iusefp.o(.text)
    _float_round                             0x08000653   Thumb Code    18  fepilogue.o(.text)
    _float_epilogue                          0x08000665   Thumb Code    92  fepilogue.o(.text)
    _double_round                            0x080006c1   Thumb Code    30  depilogue.o(.text)
    _double_epilogue                         0x080006df   Thumb Code   156  depilogue.o(.text)
    __aeabi_dadd                             0x0800077b   Thumb Code   322  dadd.o(.text)
    __aeabi_dsub                             0x080008bd   Thumb Code     6  dadd.o(.text)
    __aeabi_drsub                            0x080008c3   Thumb Code     6  dadd.o(.text)
    __aeabi_ddiv                             0x080008c9   Thumb Code   222  ddiv.o(.text)
    __aeabi_d2ulz                            0x080009a7   Thumb Code    48  dfixul.o(.text)
    __aeabi_cdrcmple                         0x080009d9   Thumb Code    48  cdrcmple.o(.text)
    __scatterload                            0x08000a09   Thumb Code    28  init.o(.text)
    __scatterload_rt2                        0x08000a09   Thumb Code     0  init.o(.text)
    __aeabi_llsl                             0x08000a2d   Thumb Code    30  llshl.o(.text)
    _ll_shift_l                              0x08000a2d   Thumb Code     0  llshl.o(.text)
    __aeabi_llsr                             0x08000a4b   Thumb Code    32  llushr.o(.text)
    _ll_ushift_r                             0x08000a4b   Thumb Code     0  llushr.o(.text)
    __aeabi_lasr                             0x08000a6b   Thumb Code    36  llsshr.o(.text)
    _ll_sshift_r                             0x08000a6b   Thumb Code     0  llsshr.o(.text)
    ADC1_2_IRQHandler                        0x08000a91   Thumb Code    24  stm32f10x_it.o(i.ADC1_2_IRQHandler)
    ADC_ClearITPendingBit                    0x08000aad   Thumb Code    10  stm32f10x_adc.o(i.ADC_ClearITPendingBit)
    ADC_Cmd                                  0x08000ab7   Thumb Code    22  stm32f10x_adc.o(i.ADC_Cmd)
    ADC_DMACmd                               0x08000acd   Thumb Code    22  stm32f10x_adc.o(i.ADC_DMACmd)
    ADC_ExternalTrigConvCmd                  0x08000ae3   Thumb Code    22  stm32f10x_adc.o(i.ADC_ExternalTrigConvCmd)
    ADC_GetCalibrationStatus                 0x08000af9   Thumb Code    20  stm32f10x_adc.o(i.ADC_GetCalibrationStatus)
    ADC_GetITStatus                          0x08000b0d   Thumb Code    36  stm32f10x_adc.o(i.ADC_GetITStatus)
    ADC_GetResetCalibrationStatus            0x08000b31   Thumb Code    20  stm32f10x_adc.o(i.ADC_GetResetCalibrationStatus)
    ADC_Init                                 0x08000b45   Thumb Code    70  stm32f10x_adc.o(i.ADC_Init)
    ADC_RegularChannelConfig                 0x08000b95   Thumb Code   184  stm32f10x_adc.o(i.ADC_RegularChannelConfig)
    ADC_ResetCalibration                     0x08000c4d   Thumb Code    10  stm32f10x_adc.o(i.ADC_ResetCalibration)
    ADC_SoftwareStartConvCmd                 0x08000c57   Thumb Code    22  stm32f10x_adc.o(i.ADC_SoftwareStartConvCmd)
    ADC_StartCalibration                     0x08000c6d   Thumb Code    10  stm32f10x_adc.o(i.ADC_StartCalibration)
    ADC_TempSensorVrefintCmd                 0x08000c79   Thumb Code    30  stm32f10x_adc.o(i.ADC_TempSensorVrefintCmd)
    ADCx_Init                                0x08000cc1   Thumb Code    12  adc.o(i.ADCx_Init)
    BKP_DeInit                               0x08001031   Thumb Code    16  stm32f10x_bkp.o(i.BKP_DeInit)
    BKP_ReadBackupRegister                   0x08001041   Thumb Code    24  stm32f10x_bkp.o(i.BKP_ReadBackupRegister)
    BKP_WriteBackupRegister                  0x0800105d   Thumb Code    22  stm32f10x_bkp.o(i.BKP_WriteBackupRegister)
    BusFault_Handler                         0x08001079   Thumb Code     4  stm32f10x_it.o(i.BusFault_Handler)
    DAC_Cmd                                  0x08001199   Thumb Code    34  stm32f10x_dac.o(i.DAC_Cmd)
    DAC_Init                                 0x080011c1   Thumb Code    46  stm32f10x_dac.o(i.DAC_Init)
    DAC_SetChannel1Data                      0x080011f5   Thumb Code    26  stm32f10x_dac.o(i.DAC_SetChannel1Data)
    DMA_Cmd                                  0x08001215   Thumb Code    24  stm32f10x_dma.o(i.DMA_Cmd)
    DMA_DeInit                               0x0800122d   Thumb Code   324  stm32f10x_dma.o(i.DMA_DeInit)
    DMA_Init                                 0x08001379   Thumb Code    60  stm32f10x_dma.o(i.DMA_Init)
    DebugMon_Handler                         0x080013b5   Thumb Code     2  stm32f10x_it.o(i.DebugMon_Handler)
    GPIO_Init                                0x080013b7   Thumb Code   278  stm32f10x_gpio.o(i.GPIO_Init)
    GPIO_ResetBits                           0x080014cd   Thumb Code     4  stm32f10x_gpio.o(i.GPIO_ResetBits)
    GPIO_SetBits                             0x080014d1   Thumb Code     4  stm32f10x_gpio.o(i.GPIO_SetBits)
    HardFault_Handler                        0x080014d5   Thumb Code     4  stm32f10x_it.o(i.HardFault_Handler)
    MemManage_Handler                        0x080015c5   Thumb Code     4  stm32f10x_it.o(i.MemManage_Handler)
    NMI_Handler                              0x080015c9   Thumb Code     2  stm32f10x_it.o(i.NMI_Handler)
    NVIC_Init                                0x080015e9   Thumb Code   100  misc.o(i.NVIC_Init)
    NVIC_PriorityGroupConfig                 0x08001659   Thumb Code    10  misc.o(i.NVIC_PriorityGroupConfig)
    PWR_BackupAccessCmd                      0x0800166d   Thumb Code     6  stm32f10x_pwr.o(i.PWR_BackupAccessCmd)
    RCC_ADCCLKConfig                         0x08001679   Thumb Code    18  stm32f10x_rcc.o(i.RCC_ADCCLKConfig)
    RCC_AHBPeriphClockCmd                    0x08001691   Thumb Code    26  stm32f10x_rcc.o(i.RCC_AHBPeriphClockCmd)
    RCC_APB1PeriphClockCmd                   0x080016b1   Thumb Code    26  stm32f10x_rcc.o(i.RCC_APB1PeriphClockCmd)
    RCC_APB2PeriphClockCmd                   0x080016d1   Thumb Code    26  stm32f10x_rcc.o(i.RCC_APB2PeriphClockCmd)
    RCC_BackupResetCmd                       0x080016f1   Thumb Code     6  stm32f10x_rcc.o(i.RCC_BackupResetCmd)
    RCC_GetClocksFreq                        0x080016fd   Thumb Code   192  stm32f10x_rcc.o(i.RCC_GetClocksFreq)
    RCC_GetFlagStatus                        0x080017d1   Thumb Code    56  stm32f10x_rcc.o(i.RCC_GetFlagStatus)
    RCC_LSEConfig                            0x0800180d   Thumb Code    46  stm32f10x_rcc.o(i.RCC_LSEConfig)
    RCC_RTCCLKCmd                            0x08001841   Thumb Code     6  stm32f10x_rcc.o(i.RCC_RTCCLKCmd)
    RCC_RTCCLKConfig                         0x0800184d   Thumb Code    12  stm32f10x_rcc.o(i.RCC_RTCCLKConfig)
    RTC_EnterConfigMode                      0x0800185d   Thumb Code    14  stm32f10x_rtc.o(i.RTC_EnterConfigMode)
    RTC_ExitConfigMode                       0x08001871   Thumb Code    16  stm32f10x_rtc.o(i.RTC_ExitConfigMode)
    RTC_GetCounter                           0x08001885   Thumb Code    16  stm32f10x_rtc.o(i.RTC_GetCounter)
    RTC_GetDateTime                          0x08001899   Thumb Code    28  rtc.o(i.RTC_GetDateTime)
    RTC_Init                                 0x080018b9   Thumb Code   120  rtc.o(i.RTC_Init)
    RTC_SetCounter                           0x08001935   Thumb Code    24  stm32f10x_rtc.o(i.RTC_SetCounter)
    RTC_SetDateTime                          0x08001951   Thumb Code   144  rtc.o(i.RTC_SetDateTime)
    RTC_SetPrescaler                         0x080019e5   Thumb Code    26  stm32f10x_rtc.o(i.RTC_SetPrescaler)
    RTC_WaitForLastTask                      0x08001a05   Thumb Code    16  stm32f10x_rtc.o(i.RTC_WaitForLastTask)
    RTC_WaitForSynchro                       0x08001a19   Thumb Code    30  stm32f10x_rtc.o(i.RTC_WaitForSynchro)
    SysTick_Handler                          0x08001b25   Thumb Code     8  stm32f10x_it.o(i.SysTick_Handler)
    SystemInit                               0x08001b2d   Thumb Code    78  system_stm32f10x.o(i.SystemInit)
    TIM6_IRQHandler                          0x08001b8d   Thumb Code    54  stm32f10x_it.o(i.TIM6_IRQHandler)
    TIM_ClearFlag                            0x08001bd1   Thumb Code     6  stm32f10x_tim.o(i.TIM_ClearFlag)
    TIM_ClearITPendingBit                    0x08001bd7   Thumb Code     6  stm32f10x_tim.o(i.TIM_ClearITPendingBit)
    TIM_Cmd                                  0x08001bdd   Thumb Code    24  stm32f10x_tim.o(i.TIM_Cmd)
    TIM_CtrlPWMOutputs                       0x08001bf5   Thumb Code    30  stm32f10x_tim.o(i.TIM_CtrlPWMOutputs)
    TIM_GetITStatus                          0x08001c13   Thumb Code    34  stm32f10x_tim.o(i.TIM_GetITStatus)
    TIM_ITConfig                             0x08001c35   Thumb Code    18  stm32f10x_tim.o(i.TIM_ITConfig)
    TIM_OC1Init                              0x08001c49   Thumb Code   132  stm32f10x_tim.o(i.TIM_OC1Init)
    TIM_OC1PreloadConfig                     0x08001ce1   Thumb Code    18  stm32f10x_tim.o(i.TIM_OC1PreloadConfig)
    TIM_TimeBaseInit                         0x08001cf5   Thumb Code   122  stm32f10x_tim.o(i.TIM_TimeBaseInit)
    USART_Cmd                                0x08001d99   Thumb Code    24  stm32f10x_usart.o(i.USART_Cmd)
    USART_Config                             0x08001db1   Thumb Code   136  uart.o(i.USART_Config)
    USART_GetFlagStatus                      0x08001e41   Thumb Code    26  stm32f10x_usart.o(i.USART_GetFlagStatus)
    USART_ITConfig                           0x08001e5b   Thumb Code    74  stm32f10x_usart.o(i.USART_ITConfig)
    USART_Init                               0x08001ea5   Thumb Code   210  stm32f10x_usart.o(i.USART_Init)
    USART_SendData                           0x08001f7d   Thumb Code     8  stm32f10x_usart.o(i.USART_SendData)
    UsageFault_Handler                       0x08001f85   Thumb Code     4  stm32f10x_it.o(i.UsageFault_Handler)
    __0printf                                0x08001f89   Thumb Code    22  printfa.o(i.__0printf)
    __1printf                                0x08001f89   Thumb Code     0  printfa.o(i.__0printf)
    __2printf                                0x08001f89   Thumb Code     0  printfa.o(i.__0printf)
    __c89printf                              0x08001f89   Thumb Code     0  printfa.o(i.__0printf)
    printf                                   0x08001f89   Thumb Code     0  printfa.o(i.__0printf)
    __0sprintf                               0x08001fa9   Thumb Code    34  printfa.o(i.__0sprintf)
    __1sprintf                               0x08001fa9   Thumb Code     0  printfa.o(i.__0sprintf)
    __2sprintf                               0x08001fa9   Thumb Code     0  printfa.o(i.__0sprintf)
    __c89sprintf                             0x08001fa9   Thumb Code     0  printfa.o(i.__0sprintf)
    sprintf                                  0x08001fa9   Thumb Code     0  printfa.o(i.__0sprintf)
    __scatterload_copy                       0x08001fd1   Thumb Code    14  handlers.o(i.__scatterload_copy)
    __scatterload_null                       0x08001fdf   Thumb Code     2  handlers.o(i.__scatterload_null)
    __scatterload_zeroinit                   0x08001fe1   Thumb Code    14  handlers.o(i.__scatterload_zeroinit)
    beepOn_Off                               0x08002885   Thumb Code   100  cpu.o(i.beepOn_Off)
    calculate_weekday                        0x08002955   Thumb Code   136  rtc.o(i.calculate_weekday)
    dacInit                                  0x08002a41   Thumb Code     8  dac.o(i.dacInit)
    eTaskGetState                            0x08002a99   Thumb Code   102  tasks.o(i.eTaskGetState)
    fputc                                    0x08002b39   Thumb Code    32  uart.o(i.fputc)
    gpioInit                                 0x08002b5d   Thumb Code    46  gpio.o(i.gpioInit)
    initCpu                                  0x08002b91   Thumb Code    36  cpu.o(i.initCpu)
    is_leap_year                             0x08002bdf   Thumb Code    52  rtc.o(i.is_leap_year)
    is_valid_date                            0x08002c15   Thumb Code    62  rtc.o(i.is_valid_date)
    main                                     0x08002c59   Thumb Code    68  main.o(i.main)
    pvPortMalloc                             0x08003235   Thumb Code   262  heap_4.o(i.pvPortMalloc)
    pxPortInitialiseStack                    0x08003381   Thumb Code    30  port.o(i.pxPortInitialiseStack)
    readAdc2Chennl                           0x0800342d   Thumb Code     8  adc.o(i.readAdc2Chennl)
    readAverageTempertureValue               0x08003439   Thumb Code   180  adc.o(i.readAverageTempertureValue)
    timInit                                  0x080035fd   Thumb Code    18  tim.o(i.timInit)
    unix_to_datetime                         0x08003611   Thumb Code   194  rtc.o(i.unix_to_datetime)
    uxListRemove                             0x080036d9   Thumb Code    40  list.o(i.uxListRemove)
    uxTaskGetSystemState                     0x08003701   Thumb Code   154  tasks.o(i.uxTaskGetSystemState)
    vListInitialise                          0x080037b9   Thumb Code    26  list.o(i.vListInitialise)
    vListInitialiseItem                      0x080037d3   Thumb Code     6  list.o(i.vListInitialiseItem)
    vListInsert                              0x080037d9   Thumb Code    52  list.o(i.vListInsert)
    vListInsertEnd                           0x0800380d   Thumb Code    24  list.o(i.vListInsertEnd)
    vPortEnterCritical                       0x08003825   Thumb Code    68  port.o(i.vPortEnterCritical)
    vPortExitCritical                        0x080038a5   Thumb Code    48  port.o(i.vPortExitCritical)
    vPortFree                                0x0800390d   Thumb Code   120  heap_4.o(i.vPortFree)
    vPortSetupTimerInterrupt                 0x080039bd   Thumb Code    26  port.o(i.vPortSetupTimerInterrupt)
    vTaskDelay                               0x080039dd   Thumb Code    72  tasks.o(i.vTaskDelay)
    vTaskDelete                              0x08003a51   Thumb Code   192  tasks.o(i.vTaskDelete)
    vTaskGetInfo                             0x08003b5d   Thumb Code   114  tasks.o(i.vTaskGetInfo)
    vTaskGetRunTimeStats                     0x08003bd5   Thumb Code   182  tasks.o(i.vTaskGetRunTimeStats)
    vTaskList                                0x08003ca9   Thumb Code   204  tasks.o(i.vTaskList)
    vTaskStartScheduler                      0x08003d89   Thumb Code   102  tasks.o(i.vTaskStartScheduler)
    vTaskSuspendAll                          0x08003e35   Thumb Code    12  tasks.o(i.vTaskSuspendAll)
    vTaskSwitchContext                       0x08003e45   Thumb Code   162  tasks.o(i.vTaskSwitchContext)
    xPortStartScheduler                      0x08003f2d   Thumb Code   140  port.o(i.xPortStartScheduler)
    xPortSysTickHandler                      0x08003fcd   Thumb Code    46  port.o(i.xPortSysTickHandler)
    xTaskCreate                              0x08004001   Thumb Code    96  tasks.o(i.xTaskCreate)
    xTaskGetTickCount                        0x08004061   Thumb Code     6  tasks.o(i.xTaskGetTickCount)
    xTaskIncrementTick                       0x0800406d   Thumb Code   272  tasks.o(i.xTaskIncrementTick)
    xTaskResumeAll                           0x080041cd   Thumb Code   214  tasks.o(i.xTaskResumeAll)
    days_in_month                            0x080042ec   Data          13  rtc.o(.constdata)
    Region$$Table$$Base                      0x08004308   Number         0  anon$$obj.o(Region$$Table)
    Region$$Table$$Limit                     0x08004328   Number         0  anon$$obj.o(Region$$Table)
    CPU_RunTime                              0x2000001c   Data           4  stm32f10x_it.o(.data)
    p_CNT_1s                                 0x20000022   Data           2  stm32f10x_it.o(.data)
    SystemCoreClock                          0x20000024   Data           4  system_stm32f10x.o(.data)
    AHBPrescTable                            0x20000028   Data          16  system_stm32f10x.o(.data)
    iii                                      0x2000004c   Data           4  rtc.o(.data)
    pxCurrentTCB                             0x20000084   Data           4  tasks.o(.data)
    __stdout                                 0x200000cc   Data           4  stdout.o(.data)
    p_clockDisplay                           0x200000d0   Data          10  main.o(.bss)
    __initial_sp                             0x20009950   Data           0  startup_stm32f10x_hd.o(STACK)



==============================================================================

Memory Map of the image

  Image Entry point : 0x08000131

  Load Region LR_IROM1 (Base: 0x08000000, Size: 0x000043f8, Max: 0x00080000, ABSOLUTE)

    Execution Region ER_IROM1 (Exec base: 0x08000000, Load base: 0x08000000, Size: 0x00004328, Max: 0x00080000, ABSOLUTE)

    Exec Addr    Load Addr    Size         Type   Attr      Idx    E Section Name        Object

    0x08000000   0x08000000   0x00000130   Data   RO            3    RESET               startup_stm32f10x_hd.o
    0x08000130   0x08000130   0x00000000   Code   RO         4338  * .ARM.Collect$$$$00000000  mc_w.l(entry.o)
    0x08000130   0x08000130   0x00000004   Code   RO         4635    .ARM.Collect$$$$00000001  mc_w.l(entry2.o)
    0x08000134   0x08000134   0x00000004   Code   RO         4638    .ARM.Collect$$$$00000004  mc_w.l(entry5.o)
    0x08000138   0x08000138   0x00000000   Code   RO         4640    .ARM.Collect$$$$00000008  mc_w.l(entry7b.o)
    0x08000138   0x08000138   0x00000000   Code   RO         4642    .ARM.Collect$$$$0000000A  mc_w.l(entry8b.o)
    0x08000138   0x08000138   0x00000008   Code   RO         4643    .ARM.Collect$$$$0000000B  mc_w.l(entry9a.o)
    0x08000140   0x08000140   0x00000004   Code   RO         4650    .ARM.Collect$$$$0000000E  mc_w.l(entry12b.o)
    0x08000144   0x08000144   0x00000000   Code   RO         4645    .ARM.Collect$$$$0000000F  mc_w.l(entry10a.o)
    0x08000144   0x08000144   0x00000000   Code   RO         4647    .ARM.Collect$$$$00000011  mc_w.l(entry11a.o)
    0x08000144   0x08000144   0x00000004   Code   RO         4636    .ARM.Collect$$$$00002712  mc_w.l(entry2.o)
    0x08000148   0x08000148   0x00000096   Code   RO         3609    .emb_text           port.o
    0x080001de   0x080001de   0x00000002   PAD
    0x080001e0   0x080001e0   0x00000024   Code   RO            4    .text               startup_stm32f10x_hd.o
    0x08000204   0x08000204   0x00000024   Code   RO         4341    .text               mc_w.l(rand.o)
    0x08000228   0x08000228   0x00000024   Code   RO         4346    .text               mc_w.l(memseta.o)
    0x0800024c   0x0800024c   0x0000000e   Code   RO         4348    .text               mc_w.l(strlen.o)
    0x0800025a   0x0800025a   0x00000012   Code   RO         4350    .text               mc_w.l(strcpy.o)
    0x0800026c   0x0800026c   0x000000b0   Code   RO         4615    .text               mf_w.l(fadd.o)
    0x0800031c   0x0800031c   0x00000064   Code   RO         4617    .text               mf_w.l(fmul.o)
    0x08000380   0x08000380   0x0000007c   Code   RO         4619    .text               mf_w.l(fdiv.o)
    0x080003fc   0x080003fc   0x000000e4   Code   RO         4621    .text               mf_w.l(dmul.o)
    0x080004e0   0x080004e0   0x0000000a   Code   RO         4623    .text               mf_w.l(ffltui.o)
    0x080004ea   0x080004ea   0x00000022   Code   RO         4625    .text               mf_w.l(dflti.o)
    0x0800050c   0x0800050c   0x00000028   Code   RO         4627    .text               mf_w.l(ffixui.o)
    0x08000534   0x08000534   0x00000026   Code   RO         4629    .text               mf_w.l(f2d.o)
    0x0800055a   0x0800055a   0x00000002   PAD
    0x0800055c   0x0800055c   0x00000030   Code   RO         4631    .text               mf_w.l(cdcmple.o)
    0x0800058c   0x0800058c   0x00000038   Code   RO         4633    .text               mf_w.l(d2f.o)
    0x080005c4   0x080005c4   0x0000002c   Code   RO         4652    .text               mc_w.l(uidiv.o)
    0x080005f0   0x080005f0   0x00000062   Code   RO         4654    .text               mc_w.l(uldiv.o)
    0x08000652   0x08000652   0x00000000   Code   RO         4656    .text               mc_w.l(iusefp.o)
    0x08000652   0x08000652   0x0000006e   Code   RO         4657    .text               mf_w.l(fepilogue.o)
    0x080006c0   0x080006c0   0x000000ba   Code   RO         4659    .text               mf_w.l(depilogue.o)
    0x0800077a   0x0800077a   0x0000014e   Code   RO         4661    .text               mf_w.l(dadd.o)
    0x080008c8   0x080008c8   0x000000de   Code   RO         4663    .text               mf_w.l(ddiv.o)
    0x080009a6   0x080009a6   0x00000030   Code   RO         4665    .text               mf_w.l(dfixul.o)
    0x080009d6   0x080009d6   0x00000002   PAD
    0x080009d8   0x080009d8   0x00000030   Code   RO         4667    .text               mf_w.l(cdrcmple.o)
    0x08000a08   0x08000a08   0x00000024   Code   RO         4669    .text               mc_w.l(init.o)
    0x08000a2c   0x08000a2c   0x0000001e   Code   RO         4671    .text               mc_w.l(llshl.o)
    0x08000a4a   0x08000a4a   0x00000020   Code   RO         4673    .text               mc_w.l(llushr.o)
    0x08000a6a   0x08000a6a   0x00000024   Code   RO         4675    .text               mc_w.l(llsshr.o)
    0x08000a8e   0x08000a8e   0x00000002   PAD
    0x08000a90   0x08000a90   0x0000001c   Code   RO          216    i.ADC1_2_IRQHandler  stm32f10x_it.o
    0x08000aac   0x08000aac   0x0000000a   Code   RO          396    i.ADC_ClearITPendingBit  stm32f10x_adc.o
    0x08000ab6   0x08000ab6   0x00000016   Code   RO          397    i.ADC_Cmd           stm32f10x_adc.o
    0x08000acc   0x08000acc   0x00000016   Code   RO          398    i.ADC_DMACmd        stm32f10x_adc.o
    0x08000ae2   0x08000ae2   0x00000016   Code   RO          402    i.ADC_ExternalTrigConvCmd  stm32f10x_adc.o
    0x08000af8   0x08000af8   0x00000014   Code   RO          405    i.ADC_GetCalibrationStatus  stm32f10x_adc.o
    0x08000b0c   0x08000b0c   0x00000024   Code   RO          409    i.ADC_GetITStatus   stm32f10x_adc.o
    0x08000b30   0x08000b30   0x00000014   Code   RO          411    i.ADC_GetResetCalibrationStatus  stm32f10x_adc.o
    0x08000b44   0x08000b44   0x00000050   Code   RO          415    i.ADC_Init          stm32f10x_adc.o
    0x08000b94   0x08000b94   0x000000b8   Code   RO          419    i.ADC_RegularChannelConfig  stm32f10x_adc.o
    0x08000c4c   0x08000c4c   0x0000000a   Code   RO          420    i.ADC_ResetCalibration  stm32f10x_adc.o
    0x08000c56   0x08000c56   0x00000016   Code   RO          422    i.ADC_SoftwareStartConvCmd  stm32f10x_adc.o
    0x08000c6c   0x08000c6c   0x0000000a   Code   RO          424    i.ADC_StartCalibration  stm32f10x_adc.o
    0x08000c76   0x08000c76   0x00000002   PAD
    0x08000c78   0x08000c78   0x00000024   Code   RO          426    i.ADC_TempSensorVrefintCmd  stm32f10x_adc.o
    0x08000c9c   0x08000c9c   0x00000024   Code   RO         3466    i.ADCx_GPIO_Config  adc.o
    0x08000cc0   0x08000cc0   0x0000000c   Code   RO         3467    i.ADCx_Init         adc.o
    0x08000ccc   0x08000ccc   0x00000174   Code   RO         3468    i.ADCx_Mode_Config  adc.o
    0x08000e40   0x08000e40   0x000001f0   Code   RO           10    i.AppTaskCreate     main.o
    0x08001030   0x08001030   0x00000010   Code   RO          615    i.BKP_DeInit        stm32f10x_bkp.o
    0x08001040   0x08001040   0x0000001c   Code   RO          620    i.BKP_ReadBackupRegister  stm32f10x_bkp.o
    0x0800105c   0x0800105c   0x0000001c   Code   RO          624    i.BKP_WriteBackupRegister  stm32f10x_bkp.o
    0x08001078   0x08001078   0x00000004   Code   RO          217    i.BusFault_Handler  stm32f10x_it.o
    0x0800107c   0x0800107c   0x0000011c   Code   RO           11    i.CPU_Task          main.o
    0x08001198   0x08001198   0x00000028   Code   RO          978    i.DAC_Cmd           stm32f10x_dac.o
    0x080011c0   0x080011c0   0x00000034   Code   RO          983    i.DAC_Init          stm32f10x_dac.o
    0x080011f4   0x080011f4   0x00000020   Code   RO          984    i.DAC_SetChannel1Data  stm32f10x_dac.o
    0x08001214   0x08001214   0x00000018   Code   RO         1082    i.DMA_Cmd           stm32f10x_dma.o
    0x0800122c   0x0800122c   0x0000014c   Code   RO         1083    i.DMA_DeInit        stm32f10x_dma.o
    0x08001378   0x08001378   0x0000003c   Code   RO         1088    i.DMA_Init          stm32f10x_dma.o
    0x080013b4   0x080013b4   0x00000002   Code   RO          218    i.DebugMon_Handler  stm32f10x_it.o
    0x080013b6   0x080013b6   0x00000116   Code   RO         1506    i.GPIO_Init         stm32f10x_gpio.o
    0x080014cc   0x080014cc   0x00000004   Code   RO         1513    i.GPIO_ResetBits    stm32f10x_gpio.o
    0x080014d0   0x080014d0   0x00000004   Code   RO         1514    i.GPIO_SetBits      stm32f10x_gpio.o
    0x080014d4   0x080014d4   0x00000004   Code   RO          219    i.HardFault_Handler  stm32f10x_it.o
    0x080014d8   0x080014d8   0x00000070   Code   RO           12    i.LED1_Task         main.o
    0x08001548   0x08001548   0x0000007c   Code   RO           13    i.LED2_Task         main.o
    0x080015c4   0x080015c4   0x00000004   Code   RO          220    i.MemManage_Handler  stm32f10x_it.o
    0x080015c8   0x080015c8   0x00000002   Code   RO          221    i.NMI_Handler       stm32f10x_it.o
    0x080015ca   0x080015ca   0x0000001e   Code   RO         3401    i.NVIC_Configuration  uart.o
    0x080015e8   0x080015e8   0x00000070   Code   RO          355    i.NVIC_Init         misc.o
    0x08001658   0x08001658   0x00000014   Code   RO          356    i.NVIC_PriorityGroupConfig  misc.o
    0x0800166c   0x0800166c   0x0000000c   Code   RO         1860    i.PWR_BackupAccessCmd  stm32f10x_pwr.o
    0x08001678   0x08001678   0x00000018   Code   RO         1920    i.RCC_ADCCLKConfig  stm32f10x_rcc.o
    0x08001690   0x08001690   0x00000020   Code   RO         1921    i.RCC_AHBPeriphClockCmd  stm32f10x_rcc.o
    0x080016b0   0x080016b0   0x00000020   Code   RO         1922    i.RCC_APB1PeriphClockCmd  stm32f10x_rcc.o
    0x080016d0   0x080016d0   0x00000020   Code   RO         1924    i.RCC_APB2PeriphClockCmd  stm32f10x_rcc.o
    0x080016f0   0x080016f0   0x0000000c   Code   RO         1927    i.RCC_BackupResetCmd  stm32f10x_rcc.o
    0x080016fc   0x080016fc   0x000000d4   Code   RO         1932    i.RCC_GetClocksFreq  stm32f10x_rcc.o
    0x080017d0   0x080017d0   0x0000003c   Code   RO         1933    i.RCC_GetFlagStatus  stm32f10x_rcc.o
    0x0800180c   0x0800180c   0x00000034   Code   RO         1940    i.RCC_LSEConfig     stm32f10x_rcc.o
    0x08001840   0x08001840   0x0000000c   Code   RO         1947    i.RCC_RTCCLKCmd     stm32f10x_rcc.o
    0x0800184c   0x0800184c   0x00000010   Code   RO         1948    i.RCC_RTCCLKConfig  stm32f10x_rcc.o
    0x0800185c   0x0800185c   0x00000014   Code   RO         2122    i.RTC_EnterConfigMode  stm32f10x_rtc.o
    0x08001870   0x08001870   0x00000014   Code   RO         2123    i.RTC_ExitConfigMode  stm32f10x_rtc.o
    0x08001884   0x08001884   0x00000014   Code   RO         2124    i.RTC_GetCounter    stm32f10x_rtc.o
    0x08001898   0x08001898   0x00000020   Code   RO         3349    i.RTC_GetDateTime   rtc.o
    0x080018b8   0x080018b8   0x0000007c   Code   RO         3350    i.RTC_Init          rtc.o
    0x08001934   0x08001934   0x0000001c   Code   RO         2130    i.RTC_SetCounter    stm32f10x_rtc.o
    0x08001950   0x08001950   0x00000094   Code   RO         3351    i.RTC_SetDateTime   rtc.o
    0x080019e4   0x080019e4   0x00000020   Code   RO         2131    i.RTC_SetPrescaler  stm32f10x_rtc.o
    0x08001a04   0x08001a04   0x00000014   Code   RO         2132    i.RTC_WaitForLastTask  stm32f10x_rtc.o
    0x08001a18   0x08001a18   0x00000024   Code   RO         2133    i.RTC_WaitForSynchro  stm32f10x_rtc.o
    0x08001a3c   0x08001a3c   0x00000008   Code   RO          321    i.SetSysClock       system_stm32f10x.o
    0x08001a44   0x08001a44   0x000000e0   Code   RO          322    i.SetSysClockTo72   system_stm32f10x.o
    0x08001b24   0x08001b24   0x00000008   Code   RO          222    i.SysTick_Handler   stm32f10x_it.o
    0x08001b2c   0x08001b2c   0x00000060   Code   RO          324    i.SystemInit        system_stm32f10x.o
    0x08001b8c   0x08001b8c   0x00000044   Code   RO          223    i.TIM6_IRQHandler   stm32f10x_it.o
    0x08001bd0   0x08001bd0   0x00000006   Code   RO         2550    i.TIM_ClearFlag     stm32f10x_tim.o
    0x08001bd6   0x08001bd6   0x00000006   Code   RO         2551    i.TIM_ClearITPendingBit  stm32f10x_tim.o
    0x08001bdc   0x08001bdc   0x00000018   Code   RO         2556    i.TIM_Cmd           stm32f10x_tim.o
    0x08001bf4   0x08001bf4   0x0000001e   Code   RO         2558    i.TIM_CtrlPWMOutputs  stm32f10x_tim.o
    0x08001c12   0x08001c12   0x00000022   Code   RO         2577    i.TIM_GetITStatus   stm32f10x_tim.o
    0x08001c34   0x08001c34   0x00000012   Code   RO         2581    i.TIM_ITConfig      stm32f10x_tim.o
    0x08001c46   0x08001c46   0x00000002   PAD
    0x08001c48   0x08001c48   0x00000098   Code   RO         2585    i.TIM_OC1Init       stm32f10x_tim.o
    0x08001ce0   0x08001ce0   0x00000012   Code   RO         2588    i.TIM_OC1PreloadConfig  stm32f10x_tim.o
    0x08001cf2   0x08001cf2   0x00000002   PAD
    0x08001cf4   0x08001cf4   0x000000a4   Code   RO         2627    i.TIM_TimeBaseInit  stm32f10x_tim.o
    0x08001d98   0x08001d98   0x00000018   Code   RO         3092    i.USART_Cmd         stm32f10x_usart.o
    0x08001db0   0x08001db0   0x00000090   Code   RO         3402    i.USART_Config      uart.o
    0x08001e40   0x08001e40   0x0000001a   Code   RO         3095    i.USART_GetFlagStatus  stm32f10x_usart.o
    0x08001e5a   0x08001e5a   0x0000004a   Code   RO         3098    i.USART_ITConfig    stm32f10x_usart.o
    0x08001ea4   0x08001ea4   0x000000d8   Code   RO         3099    i.USART_Init        stm32f10x_usart.o
    0x08001f7c   0x08001f7c   0x00000008   Code   RO         3109    i.USART_SendData    stm32f10x_usart.o
    0x08001f84   0x08001f84   0x00000004   Code   RO          224    i.UsageFault_Handler  stm32f10x_it.o
    0x08001f88   0x08001f88   0x00000020   Code   RO         4587    i.__0printf         mc_w.l(printfa.o)
    0x08001fa8   0x08001fa8   0x00000028   Code   RO         4589    i.__0sprintf        mc_w.l(printfa.o)
    0x08001fd0   0x08001fd0   0x0000000e   Code   RO         4679    i.__scatterload_copy  mc_w.l(handlers.o)
    0x08001fde   0x08001fde   0x00000002   Code   RO         4680    i.__scatterload_null  mc_w.l(handlers.o)
    0x08001fe0   0x08001fe0   0x0000000e   Code   RO         4681    i.__scatterload_zeroinit  mc_w.l(handlers.o)
    0x08001fee   0x08001fee   0x00000002   PAD
    0x08001ff0   0x08001ff0   0x00000184   Code   RO         4594    i._fp_digits        mc_w.l(printfa.o)
    0x08002174   0x08002174   0x000006b4   Code   RO         4595    i._printf_core      mc_w.l(printfa.o)
    0x08002828   0x08002828   0x00000024   Code   RO         4596    i._printf_post_padding  mc_w.l(printfa.o)
    0x0800284c   0x0800284c   0x0000002e   Code   RO         4597    i._printf_pre_padding  mc_w.l(printfa.o)
    0x0800287a   0x0800287a   0x0000000a   Code   RO         4599    i._sputc            mc_w.l(printfa.o)
    0x08002884   0x08002884   0x0000006c   Code   RO          283    i.beepOn_Off        cpu.o
    0x080028f0   0x080028f0   0x00000064   Code   RO           14    i.beepTask          main.o
    0x08002954   0x08002954   0x00000088   Code   RO         3352    i.calculate_weekday  rtc.o
    0x080029dc   0x080029dc   0x00000064   Code   RO         3508    i.dacConfig         dac.o
    0x08002a40   0x08002a40   0x00000008   Code   RO         3509    i.dacInit           dac.o
    0x08002a48   0x08002a48   0x00000050   Code   RO           15    i.dacTask           main.o
    0x08002a98   0x08002a98   0x000000a0   Code   RO         3995    i.eTaskGetState     tasks.o
    0x08002b38   0x08002b38   0x00000024   Code   RO         3408    i.fputc             uart.o
    0x08002b5c   0x08002b5c   0x00000034   Code   RO         3454    i.gpioInit          gpio.o
    0x08002b90   0x08002b90   0x00000024   Code   RO          284    i.initCpu           cpu.o
    0x08002bb4   0x08002bb4   0x0000002a   Code   RO          285    i.interruptInit     cpu.o
    0x08002bde   0x08002bde   0x00000034   Code   RO         3353    i.is_leap_year      rtc.o
    0x08002c12   0x08002c12   0x00000002   PAD
    0x08002c14   0x08002c14   0x00000044   Code   RO         3354    i.is_valid_date     rtc.o
    0x08002c58   0x08002c58   0x00000060   Code   RO           16    i.main              main.o
    0x08002cb8   0x08002cb8   0x00000024   Code   RO          286    i.periphClockInit   cpu.o
    0x08002cdc   0x08002cdc   0x00000098   Code   RO         3997    i.prvAddCurrentTaskToDelayedList  tasks.o
    0x08002d74   0x08002d74   0x000000b8   Code   RO         3998    i.prvAddNewTaskToReadyList  tasks.o
    0x08002e2c   0x08002e2c   0x00000064   Code   RO         3999    i.prvCheckTasksWaitingTermination  tasks.o
    0x08002e90   0x08002e90   0x00000012   Code   RO         4000    i.prvDeleteTCB      tasks.o
    0x08002ea2   0x08002ea2   0x00000002   PAD
    0x08002ea4   0x08002ea4   0x0000007c   Code   RO         3547    i.prvHeapInit       heap_4.o
    0x08002f20   0x08002f20   0x00000028   Code   RO         4001    i.prvIdleTask       tasks.o
    0x08002f48   0x08002f48   0x000000d0   Code   RO         4002    i.prvInitialiseNewTask  tasks.o
    0x08003018   0x08003018   0x00000068   Code   RO         4003    i.prvInitialiseTaskLists  tasks.o
    0x08003080   0x08003080   0x00000068   Code   RO         3548    i.prvInsertBlockIntoFreeList  heap_4.o
    0x080030e8   0x080030e8   0x0000006a   Code   RO         4004    i.prvListTasksWithinSingleList  tasks.o
    0x08003152   0x08003152   0x00000002   PAD
    0x08003154   0x08003154   0x00000034   Code   RO         4005    i.prvResetNextTaskUnblockTime  tasks.o
    0x08003188   0x08003188   0x00000016   Code   RO         4006    i.prvTaskCheckFreeStackSpace  tasks.o
    0x0800319e   0x0800319e   0x00000002   PAD
    0x080031a0   0x080031a0   0x00000068   Code   RO         3610    i.prvTaskExitError  port.o
    0x08003208   0x08003208   0x0000002a   Code   RO         4008    i.prvWriteNameToBuffer  tasks.o
    0x08003232   0x08003232   0x00000002   PAD
    0x08003234   0x08003234   0x0000014c   Code   RO         3549    i.pvPortMalloc      heap_4.o
    0x08003380   0x08003380   0x00000024   Code   RO         3611    i.pxPortInitialiseStack  port.o
    0x080033a4   0x080033a4   0x00000088   Code   RO           17    i.readAdTask        main.o
    0x0800342c   0x0800342c   0x0000000c   Code   RO         3469    i.readAdc2Chennl    adc.o
    0x08003438   0x08003438   0x000000cc   Code   RO         3470    i.readAverageTempertureValue  adc.o
    0x08003504   0x08003504   0x0000001c   Code   RO         3471    i.readTempertureValue  adc.o
    0x08003520   0x08003520   0x00000070   Code   RO         3322    i.timConfigBeep     tim.o
    0x08003590   0x08003590   0x00000048   Code   RO         3323    i.timConfig_10ms    tim.o
    0x080035d8   0x080035d8   0x00000024   Code   RO         3324    i.timGpioInitBeep   tim.o
    0x080035fc   0x080035fc   0x00000012   Code   RO         3325    i.timInit           tim.o
    0x0800360e   0x0800360e   0x00000002   PAD
    0x08003610   0x08003610   0x000000c8   Code   RO         3355    i.unix_to_datetime  rtc.o
    0x080036d8   0x080036d8   0x00000028   Code   RO         3794    i.uxListRemove      list.o
    0x08003700   0x08003700   0x000000b8   Code   RO         4011    i.uxTaskGetSystemState  tasks.o
    0x080037b8   0x080037b8   0x0000001a   Code   RO         3795    i.vListInitialise   list.o
    0x080037d2   0x080037d2   0x00000006   Code   RO         3796    i.vListInitialiseItem  list.o
    0x080037d8   0x080037d8   0x00000034   Code   RO         3797    i.vListInsert       list.o
    0x0800380c   0x0800380c   0x00000018   Code   RO         3798    i.vListInsertEnd    list.o
    0x08003824   0x08003824   0x00000080   Code   RO         3613    i.vPortEnterCritical  port.o
    0x080038a4   0x080038a4   0x00000068   Code   RO         3614    i.vPortExitCritical  port.o
    0x0800390c   0x0800390c   0x000000b0   Code   RO         3550    i.vPortFree         heap_4.o
    0x080039bc   0x080039bc   0x00000020   Code   RO         3615    i.vPortSetupTimerInterrupt  port.o
    0x080039dc   0x080039dc   0x00000074   Code   RO         4016    i.vTaskDelay        tasks.o
    0x08003a50   0x08003a50   0x0000010c   Code   RO         4018    i.vTaskDelete       tasks.o
    0x08003b5c   0x08003b5c   0x00000078   Code   RO         4020    i.vTaskGetInfo      tasks.o
    0x08003bd4   0x08003bd4   0x000000d4   Code   RO         4021    i.vTaskGetRunTimeStats  tasks.o
    0x08003ca8   0x08003ca8   0x000000e0   Code   RO         4022    i.vTaskList         tasks.o
    0x08003d88   0x08003d88   0x000000ac   Code   RO         4031    i.vTaskStartScheduler  tasks.o
    0x08003e34   0x08003e34   0x00000010   Code   RO         4033    i.vTaskSuspendAll   tasks.o
    0x08003e44   0x08003e44   0x000000e8   Code   RO         4034    i.vTaskSwitchContext  tasks.o
    0x08003f2c   0x08003f2c   0x000000a0   Code   RO         3617    i.xPortStartScheduler  port.o
    0x08003fcc   0x08003fcc   0x00000034   Code   RO         3618    i.xPortSysTickHandler  port.o
    0x08004000   0x08004000   0x00000060   Code   RO         4036    i.xTaskCreate       tasks.o
    0x08004060   0x08004060   0x0000000c   Code   RO         4040    i.xTaskGetTickCount  tasks.o
    0x0800406c   0x0800406c   0x00000160   Code   RO         4042    i.xTaskIncrementTick  tasks.o
    0x080041cc   0x080041cc   0x00000120   Code   RO         4047    i.xTaskResumeAll    tasks.o
    0x080042ec   0x080042ec   0x0000001a   Data   RO         3356    .constdata          rtc.o
    0x08004306   0x08004306   0x00000002   PAD
    0x08004308   0x08004308   0x00000020   Data   RO         4677    Region$$Table       anon$$obj.o


    Execution Region RW_IRAM1 (Exec base: 0x20000000, Load base: 0x08004328, Size: 0x00009950, Max: 0x00010000, ABSOLUTE)

    Exec Addr    Load Addr    Size         Type   Attr      Idx    E Section Name        Object

    0x20000000   0x08004328   0x0000001c   Data   RW           19    .data               main.o
    0x2000001c   0x08004344   0x00000008   Data   RW          225    .data               stm32f10x_it.o
    0x20000024   0x0800434c   0x00000014   Data   RW          325    .data               system_stm32f10x.o
    0x20000038   0x08004360   0x00000014   Data   RW         1952    .data               stm32f10x_rcc.o
    0x2000004c   0x08004374   0x00000004   Data   RW         3357    .data               rtc.o
    0x20000050   0x08004378   0x00000010   Data   RW         3473    .data               adc.o
    0x20000060   0x08004388   0x00000018   Data   RW         3555    .data               heap_4.o
    0x20000078   0x080043a0   0x0000000c   Data   RW         3619    .data               port.o
    0x20000084   0x080043ac   0x00000044   Data   RW         4050    .data               tasks.o
    0x200000c8   0x080043f0   0x00000004   Data   RW         4342    .data               mc_w.l(rand.o)
    0x200000cc   0x080043f4   0x00000004   Data   RW         4651    .data               mc_w.l(stdout.o)
    0x200000d0        -       0x0000000a   Zero   RW           18    .bss                main.o
    0x200000da   0x080043f8   0x00000002   PAD
    0x200000dc        -       0x00000190   Zero   RW         3472    .bss                adc.o
    0x2000026c        -       0x00009000   Zero   RW         3554    .bss                heap_4.o
    0x2000926c        -       0x000002e4   Zero   RW         4049    .bss                tasks.o
    0x20009550        -       0x00000400   Zero   RW            1    STACK               startup_stm32f10x_hd.o


==============================================================================

Image component sizes


      Code (inc. data)   RO Data    RW Data    ZI Data      Debug   Object Name

       664         54          0         16        400       3198   adc.o
       222          8          0          0          0       1691   cpu.o
       108          4          0          0          0        914   dac.o
        52          6          0          0          0        455   gpio.o
       736        160          0         24      36864       5047   heap_4.o
       148          0          0          0          0       2858   list.o
      1428        732          0         28         10     291596   main.o
       132         22          0          0          0       1359   misc.o
       766        222          0         12          0       9008   port.o
       760         24         26          4          0       4865   rtc.o
        36          8        304          0       1024        808   startup_stm32f10x_hd.o
       494         16          0          0          0       8992   stm32f10x_adc.o
        72         10          0          0          0       2468   stm32f10x_bkp.o
       124         18          0          0          0       2183   stm32f10x_dac.o
       416          8          0          0          0       3194   stm32f10x_dma.o
       286          0          0          0          0       2812   stm32f10x_gpio.o
       124         18          0          8          0       4177   stm32f10x_it.o
        12          6          0          0          0        458   stm32f10x_pwr.o
       484         70          0         20          0       7633   stm32f10x_rcc.o
       176         34          0          0          0       3151   stm32f10x_rtc.o
       452         62          0          0          0       5424   stm32f10x_tim.o
       348          6          0          0          0       4529   stm32f10x_usart.o
       328         28          0         20          0       2029   system_stm32f10x.o
      3480        728          0         68        740      27600   tasks.o
       238         16          0          0          0       1846   tim.o
       210         12          0          0          0       1531   uart.o

    ----------------------------------------------------------------------
     12316       2272        364        200      39040     399826   Object Totals
         0          0         32          0          0          0   (incl. Generated)
        20          0          2          0          2          0   (incl. Padding)

    ----------------------------------------------------------------------

      Code (inc. data)   RO Data    RW Data    ZI Data      Debug   Library Member Name

         0          0          0          0          0          0   entry.o
         0          0          0          0          0          0   entry10a.o
         0          0          0          0          0          0   entry11a.o
         4          0          0          0          0          0   entry12b.o
         8          4          0          0          0          0   entry2.o
         4          0          0          0          0          0   entry5.o
         0          0          0          0          0          0   entry7b.o
         0          0          0          0          0          0   entry8b.o
         8          4          0          0          0          0   entry9a.o
        30          0          0          0          0          0   handlers.o
        36          8          0          0          0         68   init.o
         0          0          0          0          0          0   iusefp.o
        30          0          0          0          0         68   llshl.o
        36          0          0          0          0         68   llsshr.o
        32          0          0          0          0         68   llushr.o
        36          0          0          0          0        108   memseta.o
      2268         96          0          0          0        616   printfa.o
        36         10          0          4          0        136   rand.o
         0          0          0          4          0          0   stdout.o
        18          0          0          0          0         68   strcpy.o
        14          0          0          0          0         68   strlen.o
        44          0          0          0          0         80   uidiv.o
        98          0          0          0          0         92   uldiv.o
        48          0          0          0          0         68   cdcmple.o
        48          0          0          0          0         68   cdrcmple.o
        56          0          0          0          0         88   d2f.o
       334          0          0          0          0        148   dadd.o
       222          0          0          0          0        100   ddiv.o
       186          0          0          0          0        176   depilogue.o
        48          0          0          0          0         68   dfixul.o
        34          0          0          0          0         76   dflti.o
       228          0          0          0          0         96   dmul.o
        38          0          0          0          0         68   f2d.o
       176          0          0          0          0        140   fadd.o
       124          0          0          0          0         88   fdiv.o
       110          0          0          0          0        168   fepilogue.o
        40          0          0          0          0         68   ffixui.o
        10          0          0          0          0         68   ffltui.o
       100          0          0          0          0         76   fmul.o

    ----------------------------------------------------------------------
      4512        122          0          8          0       3004   Library Totals
         8          0          0          0          0          0   (incl. Padding)

    ----------------------------------------------------------------------

      Code (inc. data)   RO Data    RW Data    ZI Data      Debug   Library Name

      2702        122          0          8          0       1440   mc_w.l
      1802          0          0          0          0       1564   mf_w.l

    ----------------------------------------------------------------------
      4512        122          0          8          0       3004   Library Totals

    ----------------------------------------------------------------------

==============================================================================


      Code (inc. data)   RO Data    RW Data    ZI Data      Debug   

     16828       2394        364        208      39040     393934   Grand Totals
     16828       2394        364        208      39040     393934   ELF Image Totals
     16828       2394        364        208          0          0   ROM Totals

==============================================================================

    Total RO  Size (Code + RO Data)                17192 (  16.79kB)
    Total RW  Size (RW Data + ZI Data)             39248 (  38.33kB)
    Total ROM Size (Code + RO Data + RW Data)      17400 (  16.99kB)

==============================================================================

