Component: ARM Compiler 5.06 update 7 (build 960) Tool: armlink [4d3601]

==============================================================================

Section Cross References

    startup_stm32f10x_hd.o(RESET) refers to startup_stm32f10x_hd.o(STACK) for __initial_sp
    startup_stm32f10x_hd.o(RESET) refers to startup_stm32f10x_hd.o(.text) for Reset_Handler
    startup_stm32f10x_hd.o(RESET) refers to stm32f10x_it.o(i.NMI_Handler) for NMI_Handler
    startup_stm32f10x_hd.o(RESET) refers to stm32f10x_it.o(i.HardFault_Handler) for HardFault_Handler
    startup_stm32f10x_hd.o(RESET) refers to stm32f10x_it.o(i.MemManage_Handler) for MemManage_Handler
    startup_stm32f10x_hd.o(RESET) refers to stm32f10x_it.o(i.BusFault_Handler) for BusFault_Handler
    startup_stm32f10x_hd.o(RESET) refers to stm32f10x_it.o(i.UsageFault_Handler) for UsageFault_Handler
    startup_stm32f10x_hd.o(RESET) refers to port.o(.emb_text) for SVC_Handler
    startup_stm32f10x_hd.o(RESET) refers to stm32f10x_it.o(i.DebugMon_Handler) for DebugMon_Handler
    startup_stm32f10x_hd.o(RESET) refers to stm32f10x_it.o(i.SysTick_Handler) for SysTick_Handler
    startup_stm32f10x_hd.o(RESET) refers to stm32f10x_it.o(i.ADC1_2_IRQHandler) for ADC1_2_IRQHandler
    startup_stm32f10x_hd.o(RESET) refers to stm32f10x_it.o(i.TIM6_IRQHandler) for TIM6_IRQHandler
    startup_stm32f10x_hd.o(.text) refers to system_stm32f10x.o(i.SystemInit) for SystemInit
    startup_stm32f10x_hd.o(.text) refers to entry.o(.ARM.Collect$$$$00000000) for __main
    main.o(i.AppTaskCreate) refers to port.o(i.vPortEnterCritical) for vPortEnterCritical
    main.o(i.AppTaskCreate) refers to tasks.o(i.xTaskCreate) for xTaskCreate
    main.o(i.AppTaskCreate) refers to printf6.o(i.__0printf$6) for __2printf
    main.o(i.AppTaskCreate) refers to tasks.o(i.vTaskDelete) for vTaskDelete
    main.o(i.AppTaskCreate) refers to port.o(i.vPortExitCritical) for vPortExitCritical
    main.o(i.AppTaskCreate) refers to main.o(.data) for LED1_Task_Handle
    main.o(i.AppTaskCreate) refers to main.o(i.LED1_Task) for LED1_Task
    main.o(i.AppTaskCreate) refers to main.o(i.LED2_Task) for LED2_Task
    main.o(i.AppTaskCreate) refers to main.o(i.beepTask) for beepTask
    main.o(i.AppTaskCreate) refers to main.o(i.CPU_Task) for CPU_Task
    main.o(i.AppTaskCreate) refers to main.o(i.dacTask) for dacTask
    main.o(i.CPU_Task) refers to memseta.o(.text) for __aeabi_memclr4
    main.o(i.CPU_Task) refers to tasks.o(i.vTaskList) for vTaskList
    main.o(i.CPU_Task) refers to printf6.o(i.__0printf$6) for __2printf
    main.o(i.CPU_Task) refers to tasks.o(i.vTaskGetRunTimeStats) for vTaskGetRunTimeStats
    main.o(i.CPU_Task) refers to tasks.o(i.vTaskDelay) for vTaskDelay
    main.o(i.LED1_Task) refers to stm32f10x_gpio.o(i.GPIO_ResetBits) for GPIO_ResetBits
    main.o(i.LED1_Task) refers to tasks.o(i.vTaskDelay) for vTaskDelay
    main.o(i.LED1_Task) refers to printf6.o(i.__0printf$6) for __2printf
    main.o(i.LED1_Task) refers to stm32f10x_gpio.o(i.GPIO_SetBits) for GPIO_SetBits
    main.o(i.LED2_Task) refers to stm32f10x_gpio.o(i.GPIO_ResetBits) for GPIO_ResetBits
    main.o(i.LED2_Task) refers to tasks.o(i.vTaskDelay) for vTaskDelay
    main.o(i.LED2_Task) refers to printf6.o(i.__0printf$6) for __2printf
    main.o(i.LED2_Task) refers to stm32f10x_gpio.o(i.GPIO_SetBits) for GPIO_SetBits
    main.o(i.LED2_Task) refers to rtc.o(i.RTC_GetDateTime) for RTC_GetDateTime
    main.o(i.LED2_Task) refers to main.o(.bss) for p_clockDisplay
    main.o(i.beepTask) refers to cpu.o(i.beepOn_Off) for beepOn_Off
    main.o(i.beepTask) refers to tasks.o(i.vTaskDelay) for vTaskDelay
    main.o(i.beepTask) refers to printf6.o(i.__0printf$6) for __2printf
    main.o(i.dacTask) refers to tasks.o(i.xTaskGetTickCount) for xTaskGetTickCount
    main.o(i.dacTask) refers to rand.o(.text) for srand
    main.o(i.dacTask) refers to stm32f10x_dac.o(i.DAC_SetChannel1Data) for DAC_SetChannel1Data
    main.o(i.dacTask) refers to printf6.o(i.__0printf$6) for __2printf
    main.o(i.dacTask) refers to adc.o(i.readAdc2Chennl) for readAdc2Chennl
    main.o(i.dacTask) refers to adc.o(i.readTempertureValue) for readTempertureValue
    main.o(i.dacTask) refers to tasks.o(i.vTaskDelay) for vTaskDelay
    main.o(i.main) refers to cpu.o(i.initCpu) for initCpu
    main.o(i.main) refers to tasks.o(i.xTaskCreate) for xTaskCreate
    main.o(i.main) refers to dflti.o(.text) for __aeabi_i2d
    main.o(i.main) refers to cdcmple.o(.text) for __aeabi_cdcmpeq
    main.o(i.main) refers to tasks.o(i.vTaskStartScheduler) for vTaskStartScheduler
    main.o(i.main) refers to main.o(.data) for AppTaskCreate_Handle
    main.o(i.main) refers to main.o(i.AppTaskCreate) for AppTaskCreate
    stm32f10x_it.o(i.ADC1_2_IRQHandler) refers to stm32f10x_adc.o(i.ADC_GetITStatus) for ADC_GetITStatus
    stm32f10x_it.o(i.ADC1_2_IRQHandler) refers to stm32f10x_adc.o(i.ADC_ClearITPendingBit) for ADC_ClearITPendingBit
[...]

500 unused section(s) (total 26344 bytes) removed from the image.

==============================================================================

Image Symbol Table

    Local Symbols

    Symbol Name                              Value     Ov Type        Size  Object(Section)

    ../clib/microlib/division.c              0x00000000   Number         0  uidiv.o ABSOLUTE
    ../clib/microlib/division.c              0x00000000   Number         0  uldiv.o ABSOLUTE
    ../clib/microlib/init/entry.s            0x00000000   Number         0  entry12a.o ABSOLUTE
    ../clib/microlib/init/entry.s            0x00000000   Number         0  entry11b.o ABSOLUTE
    ../clib/microlib/init/entry.s            0x00000000   Number         0  entry2.o ABSOLUTE
    ../clib/microlib/init/entry.s            0x00000000   Number         0  entry.o ABSOLUTE
    ../clib/microlib/init/entry.s            0x00000000   Number         0  entry11a.o ABSOLUTE
    ../clib/microlib/init/entry.s            0x00000000   Number         0  entry7b.o ABSOLUTE
    ../clib/microlib/init/entry.s            0x00000000   Number         0  entry10b.o ABSOLUTE
    ../clib/microlib/init/entry.s            0x00000000   Number         0  entry10a.o ABSOLUTE
    ../clib/microlib/init/entry.s            0x00000000   Number         0  entry9b.o ABSOLUTE
    ../clib/microlib/init/entry.s            0x00000000   Number         0  entry8b.o ABSOLUTE
    ../clib/microlib/init/entry.s            0x00000000   Number         0  entry8a.o ABSOLUTE
    ../clib/microlib/init/entry.s            0x00000000   Number         0  entry9a.o ABSOLUTE
    ../clib/microlib/init/entry.s            0x00000000   Number         0  entry7a.o ABSOLUTE
    ../clib/microlib/init/entry.s            0x00000000   Number         0  entry12b.o ABSOLUTE
    ../clib/microlib/init/entry.s            0x00000000   Number         0  entry5.o ABSOLUTE
    ../clib/microlib/longlong.c              0x00000000   Number         0  llshl.o ABSOLUTE
    ../clib/microlib/longlong.c              0x00000000   Number         0  llushr.o ABSOLUTE
    ../clib/microlib/longlong.c              0x00000000   Number         0  llsshr.o ABSOLUTE
    ../clib/microlib/printf/printf.c         0x00000000   Number         0  printf4.o ABSOLUTE
    ../clib/microlib/printf/printf.c         0x00000000   Number         0  printf3.o ABSOLUTE
    ../clib/microlib/printf/printf.c         0x00000000   Number         0  printf7.o ABSOLUTE
    ../clib/microlib/printf/printf.c         0x00000000   Number         0  printfa.o ABSOLUTE
    ../clib/microlib/printf/printf.c         0x00000000   Number         0  printf8.o ABSOLUTE
    ../clib/microlib/printf/printf.c         0x00000000   Number         0  printf6.o ABSOLUTE
    ../clib/microlib/printf/printf.c         0x00000000   Number         0  printf5.o ABSOLUTE
    ../clib/microlib/printf/printf.c         0x00000000   Number         0  printfb.o ABSOLUTE
    ../clib/microlib/printf/printf.c         0x00000000   Number         0  printf0.o ABSOLUTE
    ../clib/microlib/printf/printf.c         0x00000000   Number         0  printf1.o ABSOLUTE
    ../clib/microlib/printf/printf.c         0x00000000   Number         0  printf2.o ABSOLUTE
    ../clib/microlib/printf/stubs.s          0x00000000   Number         0  stubs.o ABSOLUTE
    ../clib/microlib/stdio/streams.c         0x00000000   Number         0  stdout.o ABSOLUTE
    ../clib/microlib/stdlib/rand.c           0x00000000   Number         0  rand.o ABSOLUTE
    ../clib/microlib/string/memcpy.c         0x00000000   Number         0  memcpya.o ABSOLUTE
    ../clib/microlib/string/memcpy.c         0x00000000   Number         0  memcpyb.o ABSOLUTE
    ../clib/microlib/string/memset.c         0x00000000   Number         0  memseta.o ABSOLUTE
    ../clib/microlib/string/strcpy.c         0x00000000   Number         0  strcpy.o ABSOLUTE
    ../clib/microlib/string/strlen.c         0x00000000   Number         0  strlen.o ABSOLUTE
    ../clib/microlib/stubs.s                 0x00000000   Number         0  iusefp.o ABSOLUTE
    ../fplib/microlib/fpadd.c                0x00000000   Number         0  dadd.o ABSOLUTE
    ../fplib/microlib/fpdiv.c                0x00000000   Number         0  ddiv.o ABSOLUTE
    ../fplib/microlib/fpepilogue.c           0x00000000   Number         0  depilogue.o ABSOLUTE
    ../fplib/microlib/fpfix.c                0x00000000   Number         0  dfixul.o ABSOLUTE
    ../fplib/microlib/fpflt.c                0x00000000   Number         0  dflti.o ABSOLUTE
    ../fplib/microlib/fpmul.c                0x00000000   Number         0  dmul.o ABSOLUTE
    ..\\cmsis\\core_cm3.c                    0x00000000   Number         0  core_cm3.o ABSOLUTE
    ..\\rtos\\port\\RVDS\\ARM_CM3\\port.c    0x00000000   Number         0  port.o ABSOLUTE
    ..\cmsis\core_cm3.c                      0x00000000   Number         0  core_cm3.o ABSOLUTE
    ..\cmsis\system_stm32f10x.c              0x00000000   Number         0  system_stm32f10x.o ABSOLUTE
    ..\hardware\adc.c                        0x00000000   Number         0  adc.o ABSOLUTE
    ..\hardware\dac.c                        0x00000000   Number         0  dac.o ABSOLUTE
    ..\hardware\gpio.c                       0x00000000   Number         0  gpio.o ABSOLUTE
    ..\hardware\iic.c                        0x00000000   Number         0  iic.o ABSOLUTE
    ..\hardware\rtc.c                        0x00000000   Number         0  rtc.o ABSOLUTE
    ..\hardware\spi.c                        0x00000000   Number         0  spi.o ABSOLUTE
    ..\hardware\tim.c                        0x00000000   Number         0  tim.o ABSOLUTE
    ..\hardware\uart.c                       0x00000000   Number         0  uart.o ABSOLUTE
    ..\lib\src\misc.c                        0x00000000   Number         0  misc.o ABSOLUTE
    ..\lib\src\stm32f10x_adc.c               0x00000000   Number         0  stm32f10x_adc.o ABSOLUTE
    ..\lib\src\stm32f10x_bkp.c               0x00000000   Number         0  stm32f10x_bkp.o ABSOLUTE
    ..\lib\src\stm32f10x_can.c               0x00000000   Number         0  stm32f10x_can.o ABSOLUTE
    ..\lib\src\stm32f10x_cec.c               0x00000000   Number         0  stm32f10x_cec.o ABSOLUTE
    ..\lib\src\stm32f10x_crc.c               0x00000000   Number         0  stm32f10x_crc.o ABSOLUTE
    ..\lib\src\stm32f10x_dac.c               0x00000000   Number         0  stm32f10x_dac.o ABSOLUTE
    ..\lib\src\stm32f10x_dbgmcu.c            0x00000000   Number         0  stm32f10x_dbgmcu.o ABSOLUTE
    ..\lib\src\stm32f10x_dma.c               0x00000000   Number         0  stm32f10x_dma.o ABSOLUTE
    ..\lib\src\stm32f10x_exti.c              0x00000000   Number         0  stm32f10x_exti.o ABSOLUTE
    ..\lib\src\stm32f10x_flash.c             0x00000000   Number         0  stm32f10x_flash.o ABSOLUTE
    ..\lib\src\stm32f10x_fsmc.c              0x00000000   Number         0  stm32f10x_fsmc.o ABSOLUTE
    ..\lib\src\stm32f10x_gpio.c              0x00000000   Number         0  stm32f10x_gpio.o ABSOLUTE
    ..\lib\src\stm32f10x_i2c.c               0x00000000   Number         0  stm32f10x_i2c.o ABSOLUTE
    ..\lib\src\stm32f10x_iwdg.c              0x00000000   Number         0  stm32f10x_iwdg.o ABSOLUTE
    ..\lib\src\stm32f10x_pwr.c               0x00000000   Number         0  stm32f10x_pwr.o ABSOLUTE
    ..\lib\src\stm32f10x_rcc.c               0x00000000   Number         0  stm32f10x_rcc.o ABSOLUTE
    ..\lib\src\stm32f10x_rtc.c               0x00000000   Number         0  stm32f10x_rtc.o ABSOLUTE
    ..\lib\src\stm32f10x_sdio.c              0x00000000   Number         0  stm32f10x_sdio.o ABSOLUTE
    ..\lib\src\stm32f10x_spi.c               0x00000000   Number         0  stm32f10x_spi.o ABSOLUTE
    ..\lib\src\stm32f10x_tim.c               0x00000000   Number         0  stm32f10x_tim.o ABSOLUTE
    ..\lib\src\stm32f10x_usart.c             0x00000000   Number         0  stm32f10x_usart.o ABSOLUTE
    ..\lib\src\stm32f10x_wwdg.c              0x00000000   Number         0  stm32f10x_wwdg.o ABSOLUTE
    ..\rtos\port\MemMang\heap_4.c            0x00000000   Number         0  heap_4.o ABSOLUTE
    ..\rtos\port\RVDS\ARM_CM3\port.c         0x00000000   Number         0  port.o ABSOLUTE
    ..\rtos\src\croutine.c                   0x00000000   Number         0  croutine.o ABSOLUTE
    ..\rtos\src\event_groups.c               0x00000000   Number         0  event_groups.o ABSOLUTE
    ..\rtos\src\list.c                       0x00000000   Number         0  list.o ABSOLUTE
    ..\rtos\src\queue.c                      0x00000000   Number         0  queue.o ABSOLUTE
    ..\rtos\src\tasks.c                      0x00000000   Number         0  tasks.o ABSOLUTE
    ..\rtos\src\timers.c                     0x00000000   Number         0  timers.o ABSOLUTE
    ..\startup\startup_stm32f10x_hd.s        0x00000000   Number         0  startup_stm32f10x_hd.o ABSOLUTE
    cdcmple.s                                0x00000000   Number         0  cdcmple.o ABSOLUTE
    cdrcmple.s                               0x00000000   Number         0  cdrcmple.o ABSOLUTE
    cpu.c                                    0x00000000   Number         0  cpu.o ABSOLUTE
    dc.s                                     0x00000000   Number         0  dc.o ABSOLUTE
    handlers.s                               0x00000000   Number         0  handlers.o ABSOLUTE
    init.s                                   0x00000000   Number         0  init.o ABSOLUTE
    main.c                                   0x00000000   Number         0  main.o ABSOLUTE
    stm32f10x_it.c                           0x00000000   Number         0  stm32f10x_it.o ABSOLUTE
    RESET                                    0x08000000   Section      304  startup_stm32f10x_hd.o(RESET)
    .ARM.Collect$$$$00000000                 0x08000130   Section        0  entry.o(.ARM.Collect$$$$00000000)
    .ARM.Collect$$$$00000001                 0x08000130   Section        4  entry2.o(.ARM.Collect$$$$00000001)
    .ARM.Collect$$$$00000004                 0x08000134   Section        4  entry5.o(.ARM.Collect$$$$00000004)
    .ARM.Collect$$$$00000008                 0x08000138   Section        0  entry7b.o(.ARM.Collect$$$$00000008)
    .ARM.Collect$$$$0000000A                 0x08000138   Section        0  entry8b.o(.ARM.Collect$$$$0000000A)
    .ARM.Collect$$$$0000000B                 0x08000138   Section        8  entry9a.o(.ARM.Collect$$$$0000000B)
    .ARM.Collect$$$$0000000E                 0x08000140   Section        4  entry12b.o(.ARM.Collect$$$$0000000E)
    .ARM.Collect$$$$0000000F                 0x08000144   Section        0  entry10a.o(.ARM.Collect$$$$0000000F)
    .ARM.Collect$$$$00000011                 0x08000144   Section        0  entry11a.o(.ARM.Collect$$$$00000011)
    .ARM.Collect$$$$00002712                 0x08000144   Section        4  entry2.o(.ARM.Collect$$$$00002712)
    __lit__00000000                          0x08000144   Data           4  entry2.o(.ARM.Collect$$$$00002712)
    .emb_text                                0x08000148   Section      150  port.o(.emb_text)
    .text                                    0x080001e0   Section       36  startup_stm32f10x_hd.o(.text)
    .text                                    0x08000204   Section        0  rand.o(.text)
    .text                                    0x08000228   Section        0  memseta.o(.text)
    .text                                    0x0800024c   Section        0  strlen.o(.text)
    .text                                    0x0800025a   Section        0  strcpy.o(.text)
    .text                                    0x0800026c   Section        0  dflti.o(.text)
    .text                                    0x08000290   Section       48  cdcmple.o(.text)
    .text                                    0x080002c0   Section        0  uidiv.o(.text)
    .text                                    0x080002ec   Section        0  depilogue.o(.text)
    .text                                    0x080002ec   Section        0  iusefp.o(.text)
    .text                                    0x080003a8   Section       36  init.o(.text)
    .text                                    0x080003cc   Section        0  llshl.o(.text)
    .text                                    0x080003ea   Section        0  llushr.o(.text)
    i.ADC1_2_IRQHandler                      0x0800040c   Section        0  stm32f10x_it.o(i.ADC1_2_IRQHandler)
    i.ADC_ClearITPendingBit                  0x08000428   Section        0  stm32f10x_adc.o(i.ADC_ClearITPendingBit)
    i.ADC_Cmd                                0x08000432   Section        0  stm32f10x_adc.o(i.ADC_Cmd)
    i.ADC_DMACmd                             0x08000448   Section        0  stm32f10x_adc.o(i.ADC_DMACmd)
    i.ADC_ExternalTrigConvCmd                0x0800045e   Section        0  stm32f10x_adc.o(i.ADC_ExternalTrigConvCmd)
    i.ADC_GetCalibrationStatus               0x08000474   Section        0  stm32f10x_adc.o(i.ADC_GetCalibrationStatus)
    i.ADC_GetITStatus                        0x08000488   Section        0  stm32f10x_adc.o(i.ADC_GetITStatus)
    i.ADC_GetResetCalibrationStatus          0x080004ac   Section        0  stm32f10x_adc.o(i.ADC_GetResetCalibrationStatus)
    i.ADC_Init                               0x080004c0   Section        0  stm32f10x_adc.o(i.ADC_Init)
    i.ADC_RegularChannelConfig               0x08000510   Section        0  stm32f10x_adc.o(i.ADC_RegularChannelConfig)
    i.ADC_ResetCalibration                   0x080005c8   Section        0  stm32f10x_adc.o(i.ADC_ResetCalibration)
    i.ADC_SoftwareStartConvCmd               0x080005d2   Section        0  stm32f10x_adc.o(i.ADC_SoftwareStartConvCmd)
    i.ADC_StartCalibration                   0x080005e8   Section        0  stm32f10x_adc.o(i.ADC_StartCalibration)
    i.ADC_TempSensorVrefintCmd               0x080005f4   Section        0  stm32f10x_adc.o(i.ADC_TempSensorVrefintCmd)
    i.ADCx_GPIO_Config                       0x08000618   Section        0  adc.o(i.ADCx_GPIO_Config)
    ADCx_GPIO_Config                         0x08000619   Thumb Code    32  adc.o(i.ADCx_GPIO_Config)
    i.ADCx_Init                              0x0800063c   Section        0  adc.o(i.ADCx_Init)
    i.ADCx_Mode_Config                       0x08000648   Section        0  adc.o(i.ADCx_Mode_Config)
    ADCx_Mode_Config                         0x08000649   Thumb Code   354  adc.o(i.ADCx_Mode_Config)
    i.AppTaskCreate                          0x080007bc   Section        0  main.o(i.AppTaskCreate)
    AppTaskCreate                            0x080007bd   Thumb Code   186  main.o(i.AppTaskCreate)
    i.BKP_DeInit                             0x0800095c   Section        0  stm32f10x_bkp.o(i.BKP_DeInit)
    i.BKP_ReadBackupRegister                 0x0800096c   Section        0  stm32f10x_bkp.o(i.BKP_ReadBackupRegister)
    i.BKP_WriteBackupRegister                0x08000988   Section        0  stm32f10x_bkp.o(i.BKP_WriteBackupRegister)
    i.BusFault_Handler                       0x080009a4   Section        0  stm32f10x_it.o(i.BusFault_Handler)
    i.CPU_Task                               0x080009a8   Section        0  main.o(i.CPU_Task)
    CPU_Task                                 0x080009a9   Thumb Code    92  main.o(i.CPU_Task)
    i.DAC_Cmd                                0x08000ac4   Section        0  stm32f10x_dac.o(i.DAC_Cmd)
    i.DAC_Init                               0x08000aec   Section        0  stm32f10x_dac.o(i.DAC_Init)
    i.DAC_SetChannel1Data                    0x08000b20   Section        0  stm32f10x_dac.o(i.DAC_SetChannel1Data)
    i.DMA_Cmd                                0x08000b40   Section        0  stm32f10x_dma.o(i.DMA_Cmd)
    i.DMA_DeInit                             0x08000b58   Section        0  stm32f10x_dma.o(i.DMA_DeInit)
    i.DMA_Init                               0x08000ca4   Section        0  stm32f10x_dma.o(i.DMA_Init)
    i.DebugMon_Handler                       0x08000ce0   Section        0  stm32f10x_it.o(i.DebugMon_Handler)
    i.GPIO_Init                              0x08000ce2   Section        0  stm32f10x_gpio.o(i.GPIO_Init)
    i.GPIO_ResetBits                         0x08000df8   Section        0  stm32f10x_gpio.o(i.GPIO_ResetBits)
    i.GPIO_SetBits                           0x08000dfc   Section        0  stm32f10x_gpio.o(i.GPIO_SetBits)
    i.HardFault_Handler                      0x08000e00   Section        0  stm32f10x_it.o(i.HardFault_Handler)
    i.LED1_Task                              0x08000e04   Section        0  main.o(i.LED1_Task)
    LED1_Task                                0x08000e05   Thumb Code    48  main.o(i.LED1_Task)
    i.LED2_Task                              0x08000e74   Section        0  main.o(i.LED2_Task)
    LED2_Task                                0x08000e75   Thumb Code    54  main.o(i.LED2_Task)
    i.MemManage_Handler                      0x08000ef0   Section        0  stm32f10x_it.o(i.MemManage_Handler)
    i.NMI_Handler                            0x08000ef4   Section        0  stm32f10x_it.o(i.NMI_Handler)
    i.NVIC_Configuration                     0x08000ef6   Section        0  uart.o(i.NVIC_Configuration)
    NVIC_Configuration                       0x08000ef7   Thumb Code    30  uart.o(i.NVIC_Configuration)
    i.NVIC_Init                              0x08000f14   Section        0  misc.o(i.NVIC_Init)
    i.NVIC_PriorityGroupConfig               0x08000f84   Section        0  misc.o(i.NVIC_PriorityGroupConfig)
    i.PWR_BackupAccessCmd                    0x08000f98   Section        0  stm32f10x_pwr.o(i.PWR_BackupAccessCmd)
    i.RCC_ADCCLKConfig                       0x08000fa4   Section        0  stm32f10x_rcc.o(i.RCC_ADCCLKConfig)
    i.RCC_AHBPeriphClockCmd                  0x08000fbc   Section        0  stm32f10x_rcc.o(i.RCC_AHBPeriphClockCmd)
    i.RCC_APB1PeriphClockCmd                 0x08000fdc   Section        0  stm32f10x_rcc.o(i.RCC_APB1PeriphClockCmd)
    i.RCC_APB2PeriphClockCmd                 0x08000ffc   Section        0  stm32f10x_rcc.o(i.RCC_APB2PeriphClockCmd)
    i.RCC_BackupResetCmd                     0x0800101c   Section        0  stm32f10x_rcc.o(i.RCC_BackupResetCmd)
    i.RCC_GetClocksFreq                      0x08001028   Section        0  stm32f10x_rcc.o(i.RCC_GetClocksFreq)
    i.RCC_GetFlagStatus                      0x080010fc   Section        0  stm32f10x_rcc.o(i.RCC_GetFlagStatus)
    i.RCC_LSEConfig                          0x08001138   Section        0  stm32f10x_rcc.o(i.RCC_LSEConfig)
    i.RCC_RTCCLKCmd                          0x0800116c   Section        0  stm32f10x_rcc.o(i.RCC_RTCCLKCmd)
    i.RCC_RTCCLKConfig                       0x08001178   Section        0  stm32f10x_rcc.o(i.RCC_RTCCLKConfig)
    i.RTC_EnterConfigMode                    0x08001188   Section        0  stm32f10x_rtc.o(i.RTC_EnterConfigMode)
    i.RTC_ExitConfigMode                     0x0800119c   Section        0  stm32f10x_rtc.o(i.RTC_ExitConfigMode)
    i.RTC_GetCounter                         0x080011b0   Section        0  stm32f10x_rtc.o(i.RTC_GetCounter)
    i.RTC_GetDateTime                        0x080011c4   Section        0  rtc.o(i.RTC_GetDateTime)
    i.RTC_Init                               0x080011e4   Section        0  rtc.o(i.RTC_Init)
    i.RTC_SetCounter                         0x08001260   Section        0  stm32f10x_rtc.o(i.RTC_SetCounter)
    i.RTC_SetDateTime                        0x0800127c   Section        0  rtc.o(i.RTC_SetDateTime)
    i.RTC_SetPrescaler                       0x08001310   Section        0  stm32f10x_rtc.o(i.RTC_SetPrescaler)
    i.RTC_WaitForLastTask                    0x08001330   Section        0  stm32f10x_rtc.o(i.RTC_WaitForLastTask)
    i.RTC_WaitForSynchro                     0x08001344   Section        0  stm32f10x_rtc.o(i.RTC_WaitForSynchro)
    i.SetSysClock                            0x08001368   Section        0  system_stm32f10x.o(i.SetSysClock)
    SetSysClock                              0x08001369   Thumb Code     8  system_stm32f10x.o(i.SetSysClock)
    i.SetSysClockTo72                        0x08001370   Section        0  system_stm32f10x.o(i.SetSysClockTo72)
    SetSysClockTo72                          0x08001371   Thumb Code   214  system_stm32f10x.o(i.SetSysClockTo72)
    i.SysTick_Handler                        0x08001450   Section        0  stm32f10x_it.o(i.SysTick_Handler)
    i.SystemInit                             0x08001458   Section        0  system_stm32f10x.o(i.SystemInit)
    i.TIM6_IRQHandler                        0x080014b8   Section        0  stm32f10x_it.o(i.TIM6_IRQHandler)
    i.TIM_ClearFlag                          0x080014fc   Section        0  stm32f10x_tim.o(i.TIM_ClearFlag)
    i.TIM_ClearITPendingBit                  0x08001502   Section        0  stm32f10x_tim.o(i.TIM_ClearITPendingBit)
    i.TIM_Cmd                                0x08001508   Section        0  stm32f10x_tim.o(i.TIM_Cmd)
    i.TIM_CtrlPWMOutputs                     0x08001520   Section        0  stm32f10x_tim.o(i.TIM_CtrlPWMOutputs)
    i.TIM_GetITStatus                        0x0800153e   Section        0  stm32f10x_tim.o(i.TIM_GetITStatus)
    i.TIM_ITConfig                           0x08001560   Section        0  stm32f10x_tim.o(i.TIM_ITConfig)
    i.TIM_OC1Init                            0x08001574   Section        0  stm32f10x_tim.o(i.TIM_OC1Init)
    i.TIM_OC1PreloadConfig                   0x0800160c   Section        0  stm32f10x_tim.o(i.TIM_OC1PreloadConfig)
    i.TIM_TimeBaseInit                       0x08001620   Section        0  stm32f10x_tim.o(i.TIM_TimeBaseInit)
    i.USART_Cmd                              0x080016c4   Section        0  stm32f10x_usart.o(i.USART_Cmd)
    i.USART_Config                           0x080016dc   Section        0  uart.o(i.USART_Config)
    i.USART_GetFlagStatus                    0x0800176c   Section        0  stm32f10x_usart.o(i.USART_GetFlagStatus)
    i.USART_ITConfig                         0x08001786   Section        0  stm32f10x_usart.o(i.USART_ITConfig)
    i.USART_Init                             0x080017d0   Section        0  stm32f10x_usart.o(i.USART_Init)
    i.USART_SendData                         0x080018a8   Section        0  stm32f10x_usart.o(i.USART_SendData)
    i.UsageFault_Handler                     0x080018b0   Section        0  stm32f10x_it.o(i.UsageFault_Handler)
    i.__0printf$6                            0x080018b4   Section        0  printf6.o(i.__0printf$6)
    i.__0sprintf$6                           0x080018d4   Section        0  printf6.o(i.__0sprintf$6)
    i.__scatterload_copy                     0x080018fc   Section       14  handlers.o(i.__scatterload_copy)
    i.__scatterload_null                     0x0800190a   Section        2  handlers.o(i.__scatterload_null)
    i.__scatterload_zeroinit                 0x0800190c   Section       14  handlers.o(i.__scatterload_zeroinit)
    i._printf_core                           0x0800191c   Section        0  printf6.o(i._printf_core)
    _printf_core                             0x0800191d   Thumb Code   748  printf6.o(i._printf_core)
    i._printf_post_padding                   0x08001c0c   Section        0  printf6.o(i._printf_post_padding)
    _printf_post_padding                     0x08001c0d   Thumb Code    36  printf6.o(i._printf_post_padding)
    i._printf_pre_padding                    0x08001c30   Section        0  printf6.o(i._printf_pre_padding)
    _printf_pre_padding                      0x08001c31   Thumb Code    46  printf6.o(i._printf_pre_padding)
    i._sputc                                 0x08001c5e   Section        0  printf6.o(i._sputc)
    _sputc                                   0x08001c5f   Thumb Code    10  printf6.o(i._sputc)
    i.beepOn_Off                             0x08001c68   Section        0  cpu.o(i.beepOn_Off)
    i.beepTask                               0x08001cd4   Section        0  main.o(i.beepTask)
    beepTask                                 0x08001cd5   Thumb Code    72  main.o(i.beepTask)
    i.calculate_weekday                      0x08001d38   Section        0  rtc.o(i.calculate_weekday)
    i.dacConfig                              0x08001dc0   Section        0  dac.o(i.dacConfig)
    dacConfig                                0x08001dc1   Thumb Code    96  dac.o(i.dacConfig)
    i.dacInit                                0x08001e24   Section        0  dac.o(i.dacInit)
    i.dacTask                                0x08001e2c   Section        0  main.o(i.dacTask)
    dacTask                                  0x08001e2d   Thumb Code    84  main.o(i.dacTask)
    i.eTaskGetState                          0x08001ec4   Section        0  tasks.o(i.eTaskGetState)
    i.fputc                                  0x08001f64   Section        0  uart.o(i.fputc)
    i.gpioInit                               0x08001f88   Section        0  gpio.o(i.gpioInit)
    i.initCpu                                0x08001fbc   Section        0  cpu.o(i.initCpu)
    i.interruptInit                          0x08001fe0   Section        0  cpu.o(i.interruptInit)
    interruptInit                            0x08001fe1   Thumb Code    42  cpu.o(i.interruptInit)
    i.is_leap_year                           0x0800200a   Section        0  rtc.o(i.is_leap_year)
    i.is_valid_date                          0x08002040   Section        0  rtc.o(i.is_valid_date)
    i.main                                   0x08002084   Section        0  main.o(i.main)
    i.periphClockInit                        0x080020e4   Section        0  cpu.o(i.periphClockInit)
    periphClockInit                          0x080020e5   Thumb Code    36  cpu.o(i.periphClockInit)
    i.prvAddCurrentTaskToDelayedList         0x08002108   Section        0  tasks.o(i.prvAddCurrentTaskToDelayedList)
    prvAddCurrentTaskToDelayedList           0x08002109   Thumb Code   124  tasks.o(i.prvAddCurrentTaskToDelayedList)
    i.prvAddNewTaskToReadyList               0x080021a0   Section        0  tasks.o(i.prvAddNewTaskToReadyList)
    prvAddNewTaskToReadyList                 0x080021a1   Thumb Code   156  tasks.o(i.prvAddNewTaskToReadyList)
    i.prvCheckTasksWaitingTermination        0x08002258   Section        0  tasks.o(i.prvCheckTasksWaitingTermination)
    prvCheckTasksWaitingTermination          0x08002259   Thumb Code    86  tasks.o(i.prvCheckTasksWaitingTermination)
    i.prvDeleteTCB                           0x080022bc   Section        0  tasks.o(i.prvDeleteTCB)
    prvDeleteTCB                             0x080022bd   Thumb Code    18  tasks.o(i.prvDeleteTCB)
    i.prvHeapInit                            0x080022d0   Section        0  heap_4.o(i.prvHeapInit)
    prvHeapInit                              0x080022d1   Thumb Code    98  heap_4.o(i.prvHeapInit)
    i.prvIdleTask                            0x0800234c   Section        0  tasks.o(i.prvIdleTask)
    prvIdleTask                              0x0800234d   Thumb Code    32  tasks.o(i.prvIdleTask)
    i.prvInitialiseNewTask                   0x08002374   Section        0  tasks.o(i.prvInitialiseNewTask)
    prvInitialiseNewTask                     0x08002375   Thumb Code   170  tasks.o(i.prvInitialiseNewTask)
    i.prvInitialiseTaskLists                 0x08002444   Section        0  tasks.o(i.prvInitialiseTaskLists)
    prvInitialiseTaskLists                   0x08002445   Thumb Code    70  tasks.o(i.prvInitialiseTaskLists)
    i.prvInsertBlockIntoFreeList             0x080024ac   Section        0  heap_4.o(i.prvInsertBlockIntoFreeList)
    prvInsertBlockIntoFreeList               0x080024ad   Thumb Code    96  heap_4.o(i.prvInsertBlockIntoFreeList)
    i.prvListTasksWithinSingleList           0x08002514   Section        0  tasks.o(i.prvListTasksWithinSingleList)
    prvListTasksWithinSingleList             0x08002515   Thumb Code   106  tasks.o(i.prvListTasksWithinSingleList)
    i.prvResetNextTaskUnblockTime            0x08002580   Section        0  tasks.o(i.prvResetNextTaskUnblockTime)
    prvResetNextTaskUnblockTime              0x08002581   Thumb Code    42  tasks.o(i.prvResetNextTaskUnblockTime)
    i.prvTaskCheckFreeStackSpace             0x080025b4   Section        0  tasks.o(i.prvTaskCheckFreeStackSpace)
    prvTaskCheckFreeStackSpace               0x080025b5   Thumb Code    22  tasks.o(i.prvTaskCheckFreeStackSpace)
    i.prvTaskExitError                       0x080025cc   Section        0  port.o(i.prvTaskExitError)
    prvTaskExitError                         0x080025cd   Thumb Code    48  port.o(i.prvTaskExitError)
    i.prvWriteNameToBuffer                   0x08002634   Section        0  tasks.o(i.prvWriteNameToBuffer)
    prvWriteNameToBuffer                     0x08002635   Thumb Code    42  tasks.o(i.prvWriteNameToBuffer)
    i.pvPortMalloc                           0x08002660   Section        0  heap_4.o(i.pvPortMalloc)
    i.pxPortInitialiseStack                  0x080027ac   Section        0  port.o(i.pxPortInitialiseStack)
    i.readAdc2Chennl                         0x080027d0   Section        0  adc.o(i.readAdc2Chennl)
    i.readTempertureValue                    0x080027dc   Section        0  adc.o(i.readTempertureValue)
    i.timConfigBeep                          0x080027f8   Section        0  tim.o(i.timConfigBeep)
    timConfigBeep                            0x080027f9   Thumb Code   106  tim.o(i.timConfigBeep)
    i.timConfig_10ms                         0x08002868   Section        0  tim.o(i.timConfig_10ms)
    timConfig_10ms                           0x08002869   Thumb Code    66  tim.o(i.timConfig_10ms)
    i.timGpioInitBeep                        0x080028b0   Section        0  tim.o(i.timGpioInitBeep)
    timGpioInitBeep                          0x080028b1   Thumb Code    32  tim.o(i.timGpioInitBeep)
    i.timInit                                0x080028d4   Section        0  tim.o(i.timInit)
    i.unix_to_datetime                       0x080028e8   Section        0  rtc.o(i.unix_to_datetime)
    i.uxListRemove                           0x080029b0   Section        0  list.o(i.uxListRemove)
    i.uxTaskGetSystemState                   0x080029d8   Section        0  tasks.o(i.uxTaskGetSystemState)
    i.vListInitialise                        0x08002a90   Section        0  list.o(i.vListInitialise)
    i.vListInitialiseItem                    0x08002aaa   Section        0  list.o(i.vListInitialiseItem)
    i.vListInsert                            0x08002ab0   Section        0  list.o(i.vListInsert)
    i.vListInsertEnd                         0x08002ae4   Section        0  list.o(i.vListInsertEnd)
    i.vPortEnterCritical                     0x08002afc   Section        0  port.o(i.vPortEnterCritical)
    i.vPortExitCritical                      0x08002b7c   Section        0  port.o(i.vPortExitCritical)
    i.vPortFree                              0x08002be4   Section        0  heap_4.o(i.vPortFree)
    i.vPortSetupTimerInterrupt               0x08002c94   Section        0  port.o(i.vPortSetupTimerInterrupt)
    i.vTaskDelay                             0x08002cb4   Section        0  tasks.o(i.vTaskDelay)
    i.vTaskDelete                            0x08002d28   Section        0  tasks.o(i.vTaskDelete)
    i.vTaskGetInfo                           0x08002e34   Section        0  tasks.o(i.vTaskGetInfo)
    i.vTaskGetRunTimeStats                   0x08002eac   Section        0  tasks.o(i.vTaskGetRunTimeStats)
    i.vTaskList                              0x08002f80   Section        0  tasks.o(i.vTaskList)
    i.vTaskStartScheduler                    0x08003060   Section        0  tasks.o(i.vTaskStartScheduler)
    i.vTaskSuspendAll                        0x0800310c   Section        0  tasks.o(i.vTaskSuspendAll)
    i.vTaskSwitchContext                     0x0800311c   Section        0  tasks.o(i.vTaskSwitchContext)
    i.xPortStartScheduler                    0x08003204   Section        0  port.o(i.xPortStartScheduler)
    i.xPortSysTickHandler                    0x080032a4   Section        0  port.o(i.xPortSysTickHandler)
    i.xTaskCreate                            0x080032d8   Section        0  tasks.o(i.xTaskCreate)
    i.xTaskGetTickCount                      0x08003338   Section        0  tasks.o(i.xTaskGetTickCount)
    i.xTaskIncrementTick                     0x08003344   Section        0  tasks.o(i.xTaskIncrementTick)
    i.xTaskResumeAll                         0x080034a4   Section        0  tasks.o(i.xTaskResumeAll)
    .constdata                               0x080035c4   Section       26  rtc.o(.constdata)
    .data                                    0x20000000   Section       24  main.o(.data)
    AppTaskCreate_Handle                     0x20000000   Data           4  main.o(.data)
    LED1_Task_Handle                         0x20000004   Data           4  main.o(.data)
    LED2_Task_Handle                         0x20000008   Data           4  main.o(.data)
    beepTask_Handle                          0x2000000c   Data           4  main.o(.data)
    CPU_Task_Handle                          0x20000010   Data           4  main.o(.data)
    dacTask_Handle                           0x20000014   Data           4  main.o(.data)
    .data                                    0x20000018   Section        8  stm32f10x_it.o(.data)
    time                                     0x2000001c   Data           1  stm32f10x_it.o(.data)
    .data                                    0x20000020   Section       20  system_stm32f10x.o(.data)
    .data                                    0x20000034   Section       20  stm32f10x_rcc.o(.data)
    APBAHBPrescTable                         0x20000034   Data          16  stm32f10x_rcc.o(.data)
    ADCPrescTable                            0x20000044   Data           4  stm32f10x_rcc.o(.data)
    .data                                    0x20000048   Section        4  rtc.o(.data)
    .data                                    0x2000004c   Section        4  adc.o(.data)
    ADC_ConvertedValue                       0x2000004c   Data           4  adc.o(.data)
    .data                                    0x20000050   Section       24  heap_4.o(.data)
    xStart                                   0x20000050   Data           8  heap_4.o(.data)
    pxEnd                                    0x20000058   Data           4  heap_4.o(.data)
    xFreeBytesRemaining                      0x2000005c   Data           4  heap_4.o(.data)
    xMinimumEverFreeBytesRemaining           0x20000060   Data           4  heap_4.o(.data)
    xBlockAllocatedBit                       0x20000064   Data           4  heap_4.o(.data)
    .data                                    0x20000068   Section       12  port.o(.data)
    uxCriticalNesting                        0x20000068   Data           4  port.o(.data)
    ucMaxSysCallPriority                     0x2000006c   Data           1  port.o(.data)
    ulMaxPRIGROUPValue                       0x20000070   Data           4  port.o(.data)
    .data                                    0x20000074   Section       68  tasks.o(.data)
    pxDelayedTaskList                        0x20000078   Data           4  tasks.o(.data)
    pxOverflowDelayedTaskList                0x2000007c   Data           4  tasks.o(.data)
    uxDeletedTasksWaitingCleanUp             0x20000080   Data           4  tasks.o(.data)
    uxCurrentNumberOfTasks                   0x20000084   Data           4  tasks.o(.data)
    xTickCount                               0x20000088   Data           4  tasks.o(.data)
    uxTopReadyPriority                       0x2000008c   Data           4  tasks.o(.data)
    xSchedulerRunning                        0x20000090   Data           4  tasks.o(.data)
    uxPendedTicks                            0x20000094   Data           4  tasks.o(.data)
    xYieldPending                            0x20000098   Data           4  tasks.o(.data)
    xNumOfOverflows                          0x2000009c   Data           4  tasks.o(.data)
    uxTaskNumber                             0x200000a0   Data           4  tasks.o(.data)
    xNextTaskUnblockTime                     0x200000a4   Data           4  tasks.o(.data)
    xIdleTaskHandle                          0x200000a8   Data           4  tasks.o(.data)
    uxSchedulerSuspended                     0x200000ac   Data           4  tasks.o(.data)
    ulTaskSwitchedInTime                     0x200000b0   Data           4  tasks.o(.data)
    ulTotalRunTime                           0x200000b4   Data           4  tasks.o(.data)
    .data                                    0x200000b8   Section        4  rand.o(.data)
    _rand_state                              0x200000b8   Data           4  rand.o(.data)
    .data                                    0x200000bc   Section        4  stdout.o(.data)
    .bss                                     0x200000c0   Section       10  main.o(.bss)
    .bss                                     0x200000ca   Section    36864  heap_4.o(.bss)
    ucHeap                                   0x200000ca   Data       36864  heap_4.o(.bss)
    .bss                                     0x200090cc   Section      740  tasks.o(.bss)
    pxReadyTasksLists                        0x200090cc   Data         640  tasks.o(.bss)
    xDelayedTaskList1                        0x2000934c   Data          20  tasks.o(.bss)
    xDelayedTaskList2                        0x20009360   Data          20  tasks.o(.bss)
    xPendingReadyList                        0x20009374   Data          20  tasks.o(.bss)
    xTasksWaitingTermination                 0x20009388   Data          20  tasks.o(.bss)
    xSuspendedTaskList                       0x2000939c   Data          20  tasks.o(.bss)
    STACK                                    0x200093b0   Section     1024  startup_stm32f10x_hd.o(STACK)

    Global Symbols

    Symbol Name                              Value     Ov Type        Size  Object(Section)

    BuildAttributes$$THM_ISAv4$P$D$K$B$S$PE$A:L22UL41UL21$X:L11$S22US41US21$IEEE1$IW$USESV6$~STKCKD$USESV7$~SHL$OSPACE$ROPI$EBA8$MICROLIB$REQ8$PRES8$EABIv2 0x00000000   Number         0  anon$$obj.o ABSOLUTE
    __ARM_use_no_argv                        0x00000000   Number         0  main.o ABSOLUTE
    _printf_a                                0x00000000   Number         0  stubs.o ABSOLUTE
    _printf_c                                0x00000000   Number         0  stubs.o ABSOLUTE
    _printf_charcount                        0x00000000   Number         0  stubs.o ABSOLUTE
    _printf_d                                0x00000000   Number         0  stubs.o ABSOLUTE
    _printf_e                                0x00000000   Number         0  stubs.o ABSOLUTE
    _printf_f                                0x00000000   Number         0  stubs.o ABSOLUTE
    _printf_flags                            0x00000000   Number         0  stubs.o ABSOLUTE
    _printf_fp_dec                           0x00000000   Number         0  stubs.o ABSOLUTE
    _printf_fp_hex                           0x00000000   Number         0  stubs.o ABSOLUTE
    _printf_g                                0x00000000   Number         0  stubs.o ABSOLUTE
    _printf_i                                0x00000000   Number         0  stubs.o ABSOLUTE
    _printf_int_dec                          0x00000000   Number         0  stubs.o ABSOLUTE
    _printf_l                                0x00000000   Number         0  stubs.o ABSOLUTE
    _printf_lc                               0x00000000   Number         0  stubs.o ABSOLUTE
    _printf_ll                               0x00000000   Number         0  stubs.o ABSOLUTE
    _printf_lld                              0x00000000   Number         0  stubs.o ABSOLUTE
    _printf_lli                              0x00000000   Number         0  stubs.o ABSOLUTE
    _printf_llo                              0x00000000   Number         0  stubs.o ABSOLUTE
    _printf_llu                              0x00000000   Number         0  stubs.o ABSOLUTE
    _printf_llx                              0x00000000   Number         0  stubs.o ABSOLUTE
    _printf_longlong_dec                     0x00000000   Number         0  stubs.o ABSOLUTE
    _printf_longlong_hex                     0x00000000   Number         0  stubs.o ABSOLUTE
    _printf_longlong_oct                     0x00000000   Number         0  stubs.o ABSOLUTE
    _printf_ls                               0x00000000   Number         0  stubs.o ABSOLUTE
    _printf_mbtowc                           0x00000000   Number         0  stubs.o ABSOLUTE
    _printf_n                                0x00000000   Number         0  stubs.o ABSOLUTE
    _printf_o                                0x00000000   Number         0  stubs.o ABSOLUTE
    _printf_p                                0x00000000   Number         0  stubs.o ABSOLUTE
    _printf_percent                          0x00000000   Number         0  stubs.o ABSOLUTE
    _printf_pre_padding                      0x00000000   Number         0  stubs.o ABSOLUTE
    _printf_return_value                     0x00000000   Number         0  stubs.o ABSOLUTE
    _printf_s                                0x00000000   Number         0  stubs.o ABSOLUTE
    _printf_sizespec                         0x00000000   Number         0  stubs.o ABSOLUTE
    _printf_str                              0x00000000   Number         0  stubs.o ABSOLUTE
    _printf_truncate_signed                  0x00000000   Number         0  stubs.o ABSOLUTE
    _printf_truncate_unsigned                0x00000000   Number         0  stubs.o ABSOLUTE
    _printf_u                                0x00000000   Number         0  stubs.o ABSOLUTE
    _printf_wc                               0x00000000   Number         0  stubs.o ABSOLUTE
    _printf_wctomb                           0x00000000   Number         0  stubs.o ABSOLUTE
    _printf_widthprec                        0x00000000   Number         0  stubs.o ABSOLUTE
    _printf_x                                0x00000000   Number         0  stubs.o ABSOLUTE
    __arm_fini_                               - Undefined Weak Reference
    __cpp_initialize__aeabi_                  - Undefined Weak Reference
    __cxa_finalize                            - Undefined Weak Reference
    __decompress                              - Undefined Weak Reference
    _clock_init                               - Undefined Weak Reference
    _microlib_exit                            - Undefined Weak Reference
    __Vectors_Size                           0x00000130   Number         0  startup_stm32f10x_hd.o ABSOLUTE
    __Vectors                                0x08000000   Data           4  startup_stm32f10x_hd.o(RESET)
    __Vectors_End                            0x08000130   Data           0  startup_stm32f10x_hd.o(RESET)
    __main                                   0x08000131   Thumb Code     0  entry.o(.ARM.Collect$$$$00000000)
    _main_stk                                0x08000131   Thumb Code     0  entry2.o(.ARM.Collect$$$$00000001)
    _main_scatterload                        0x08000135   Thumb Code     0  entry5.o(.ARM.Collect$$$$00000004)
    __main_after_scatterload                 0x08000139   Thumb Code     0  entry5.o(.ARM.Collect$$$$00000004)
    _main_clock                              0x08000139   Thumb Code     0  entry7b.o(.ARM.Collect$$$$00000008)
    _main_cpp_init                           0x08000139   Thumb Code     0  entry8b.o(.ARM.Collect$$$$0000000A)
    _main_init                               0x08000139   Thumb Code     0  entry9a.o(.ARM.Collect$$$$0000000B)
    __rt_lib_shutdown_fini                   0x08000141   Thumb Code     0  entry12b.o(.ARM.Collect$$$$0000000E)
    __rt_final_cpp                           0x08000145   Thumb Code     0  entry10a.o(.ARM.Collect$$$$0000000F)
    __rt_final_exit                          0x08000145   Thumb Code     0  entry11a.o(.ARM.Collect$$$$00000011)
    SVC_Handler                              0x08000149   Thumb Code    32  port.o(.emb_text)
    __asm___6_port_c_39a90d8d__prvStartFirstTask 0x0800016d   Thumb Code    28  port.o(.emb_text)
    PendSV_Handler                           0x0800018d   Thumb Code    72  port.o(.emb_text)
    vPortGetIPSR                             0x080001d9   Thumb Code     6  port.o(.emb_text)
    Reset_Handler                            0x080001e1   Thumb Code     8  startup_stm32f10x_hd.o(.text)
    ADC3_IRQHandler                          0x080001fb   Thumb Code     0  startup_stm32f10x_hd.o(.text)
    CAN1_RX1_IRQHandler                      0x080001fb   Thumb Code     0  startup_stm32f10x_hd.o(.text)
    CAN1_SCE_IRQHandler                      0x080001fb   Thumb Code     0  startup_stm32f10x_hd.o(.text)
    DMA1_Channel1_IRQHandler                 0x080001fb   Thumb Code     0  startup_stm32f10x_hd.o(.text)
    DMA1_Channel2_IRQHandler                 0x080001fb   Thumb Code     0  startup_stm32f10x_hd.o(.text)
    DMA1_Channel3_IRQHandler                 0x080001fb   Thumb Code     0  startup_stm32f10x_hd.o(.text)
    DMA1_Channel4_IRQHandler                 0x080001fb   Thumb Code     0  startup_stm32f10x_hd.o(.text)
    DMA1_Channel5_IRQHandler                 0x080001fb   Thumb Code     0  startup_stm32f10x_hd.o(.text)
    DMA1_Channel6_IRQHandler                 0x080001fb   Thumb Code     0  startup_stm32f10x_hd.o(.text)
    DMA1_Channel7_IRQHandler                 0x080001fb   Thumb Code     0  startup_stm32f10x_hd.o(.text)
    DMA2_Channel1_IRQHandler                 0x080001fb   Thumb Code     0  startup_stm32f10x_hd.o(.text)
    DMA2_Channel2_IRQHandler                 0x080001fb   Thumb Code     0  startup_stm32f10x_hd.o(.text)
    DMA2_Channel3_IRQHandler                 0x080001fb   Thumb Code     0  startup_stm32f10x_hd.o(.text)
    DMA2_Channel4_5_IRQHandler               0x080001fb   Thumb Code     0  startup_stm32f10x_hd.o(.text)
    EXTI0_IRQHandler                         0x080001fb   Thumb Code     0  startup_stm32f10x_hd.o(.text)
    EXTI15_10_IRQHandler                     0x080001fb   Thumb Code     0  startup_stm32f10x_hd.o(.text)
    EXTI1_IRQHandler                         0x080001fb   Thumb Code     0  startup_stm32f10x_hd.o(.text)
    EXTI2_IRQHandler                         0x080001fb   Thumb Code     0  startup_stm32f10x_hd.o(.text)
    EXTI3_IRQHandler                         0x080001fb   Thumb Code     0  startup_stm32f10x_hd.o(.text)
    EXTI4_IRQHandler                         0x080001fb   Thumb Code     0  startup_stm32f10x_hd.o(.text)
    EXTI9_5_IRQHandler                       0x080001fb   Thumb Code     0  startup_stm32f10x_hd.o(.text)
    FLASH_IRQHandler                         0x080001fb   Thumb Code     0  startup_stm32f10x_hd.o(.text)
    FSMC_IRQHandler                          0x080001fb   Thumb Code     0  startup_stm32f10x_hd.o(.text)
    I2C1_ER_IRQHandler                       0x080001fb   Thumb Code     0  startup_stm32f10x_hd.o(.text)
    I2C1_EV_IRQHandler                       0x080001fb   Thumb Code     0  startup_stm32f10x_hd.o(.text)
    I2C2_ER_IRQHandler                       0x080001fb   Thumb Code     0  startup_stm32f10x_hd.o(.text)
    I2C2_EV_IRQHandler                       0x080001fb   Thumb Code     0  startup_stm32f10x_hd.o(.text)
    PVD_IRQHandler                           0x080001fb   Thumb Code     0  startup_stm32f10x_hd.o(.text)
    RCC_IRQHandler                           0x080001fb   Thumb Code     0  startup_stm32f10x_hd.o(.text)
    RTCAlarm_IRQHandler                      0x080001fb   Thumb Code     0  startup_stm32f10x_hd.o(.text)
    RTC_IRQHandler                           0x080001fb   Thumb Code     0  startup_stm32f10x_hd.o(.text)
    SDIO_IRQHandler                          0x080001fb   Thumb Code     0  startup_stm32f10x_hd.o(.text)
    SPI1_IRQHandler                          0x080001fb   Thumb Code     0  startup_stm32f10x_hd.o(.text)
    SPI2_IRQHandler                          0x080001fb   Thumb Code     0  startup_stm32f10x_hd.o(.text)
    SPI3_IRQHandler                          0x080001fb   Thumb Code     0  startup_stm32f10x_hd.o(.text)
    TAMPER_IRQHandler                        0x080001fb   Thumb Code     0  startup_stm32f10x_hd.o(.text)
    TIM1_BRK_IRQHandler                      0x080001fb   Thumb Code     0  startup_stm32f10x_hd.o(.text)
    TIM1_CC_IRQHandler                       0x080001fb   Thumb Code     0  startup_stm32f10x_hd.o(.text)
    TIM1_TRG_COM_IRQHandler                  0x080001fb   Thumb Code     0  startup_stm32f10x_hd.o(.text)
    TIM1_UP_IRQHandler                       0x080001fb   Thumb Code     0  startup_stm32f10x_hd.o(.text)
    TIM2_IRQHandler                          0x080001fb   Thumb Code     0  startup_stm32f10x_hd.o(.text)
    TIM3_IRQHandler                          0x080001fb   Thumb Code     0  startup_stm32f10x_hd.o(.text)
    TIM4_IRQHandler                          0x080001fb   Thumb Code     0  startup_stm32f10x_hd.o(.text)
    TIM5_IRQHandler                          0x080001fb   Thumb Code     0  startup_stm32f10x_hd.o(.text)
    TIM7_IRQHandler                          0x080001fb   Thumb Code     0  startup_stm32f10x_hd.o(.text)
    TIM8_BRK_IRQHandler                      0x080001fb   Thumb Code     0  startup_stm32f10x_hd.o(.text)
    TIM8_CC_IRQHandler                       0x080001fb   Thumb Code     0  startup_stm32f10x_hd.o(.text)
    TIM8_TRG_COM_IRQHandler                  0x080001fb   Thumb Code     0  startup_stm32f10x_hd.o(.text)
    TIM8_UP_IRQHandler                       0x080001fb   Thumb Code     0  startup_stm32f10x_hd.o(.text)
    UART4_IRQHandler                         0x080001fb   Thumb Code     0  startup_stm32f10x_hd.o(.text)
    UART5_IRQHandler                         0x080001fb   Thumb Code     0  startup_stm32f10x_hd.o(.text)
    USART1_IRQHandler                        0x080001fb   Thumb Code     0  startup_stm32f10x_hd.o(.text)
    USART2_IRQHandler                        0x080001fb   Thumb Code     0  startup_stm32f10x_hd.o(.text)
    USART3_IRQHandler                        0x080001fb   Thumb Code     0  startup_stm32f10x_hd.o(.text)
    USBWakeUp_IRQHandler                     0x080001fb   Thumb Code     0  startup_stm32f10x_hd.o(.text)
    USB_HP_CAN1_TX_IRQHandler                0x080001fb   Thumb Code     0  startup_stm32f10x_hd.o(.text)
    USB_LP_CAN1_RX0_IRQHandler               0x080001fb   Thumb Code     0  startup_stm32f10x_hd.o(.text)
    WWDG_IRQHandler                          0x080001fb   Thumb Code     0  startup_stm32f10x_hd.o(.text)
    rand                                     0x08000205   Thumb Code    20  rand.o(.text)
    srand                                    0x08000219   Thumb Code     6  rand.o(.text)
    __aeabi_memset                           0x08000229   Thumb Code    14  memseta.o(.text)
    __aeabi_memset4                          0x08000229   Thumb Code     0  memseta.o(.text)
    __aeabi_memset8                          0x08000229   Thumb Code     0  memseta.o(.text)
    __aeabi_memclr                           0x08000237   Thumb Code     4  memseta.o(.text)
    __aeabi_memclr4                          0x08000237   Thumb Code     0  memseta.o(.text)
    __aeabi_memclr8                          0x08000237   Thumb Code     0  memseta.o(.text)
    _memset$wrapper                          0x0800023b   Thumb Code    18  memseta.o(.text)
    strlen                                   0x0800024d   Thumb Code    14  strlen.o(.text)
    strcpy                                   0x0800025b   Thumb Code    18  strcpy.o(.text)
    __aeabi_i2d                              0x0800026d   Thumb Code    34  dflti.o(.text)
    __aeabi_cdcmpeq                          0x08000291   Thumb Code     0  cdcmple.o(.text)
    __aeabi_cdcmple                          0x08000291   Thumb Code    48  cdcmple.o(.text)
    __aeabi_uidiv                            0x080002c1   Thumb Code     0  uidiv.o(.text)
    __aeabi_uidivmod                         0x080002c1   Thumb Code    44  uidiv.o(.text)
    __I$use$fp                               0x080002ed   Thumb Code     0  iusefp.o(.text)
    _double_round                            0x080002ed   Thumb Code    30  depilogue.o(.text)
    _double_epilogue                         0x0800030b   Thumb Code   156  depilogue.o(.text)
    __scatterload                            0x080003a9   Thumb Code    28  init.o(.text)
    __scatterload_rt2                        0x080003a9   Thumb Code     0  init.o(.text)
    __aeabi_llsl                             0x080003cd   Thumb Code    30  llshl.o(.text)
    _ll_shift_l                              0x080003cd   Thumb Code     0  llshl.o(.text)
    __aeabi_llsr                             0x080003eb   Thumb Code    32  llushr.o(.text)
    _ll_ushift_r                             0x080003eb   Thumb Code     0  llushr.o(.text)
    ADC1_2_IRQHandler                        0x0800040d   Thumb Code    24  stm32f10x_it.o(i.ADC1_2_IRQHandler)
    ADC_ClearITPendingBit                    0x08000429   Thumb Code    10  stm32f10x_adc.o(i.ADC_ClearITPendingBit)
    ADC_Cmd                                  0x08000433   Thumb Code    22  stm32f10x_adc.o(i.ADC_Cmd)
    ADC_DMACmd                               0x08000449   Thumb Code    22  stm32f10x_adc.o(i.ADC_DMACmd)
    ADC_ExternalTrigConvCmd                  0x0800045f   Thumb Code    22  stm32f10x_adc.o(i.ADC_ExternalTrigConvCmd)
    ADC_GetCalibrationStatus                 0x08000475   Thumb Code    20  stm32f10x_adc.o(i.ADC_GetCalibrationStatus)
    ADC_GetITStatus                          0x08000489   Thumb Code    36  stm32f10x_adc.o(i.ADC_GetITStatus)
    ADC_GetResetCalibrationStatus            0x080004ad   Thumb Code    20  stm32f10x_adc.o(i.ADC_GetResetCalibrationStatus)
    ADC_Init                                 0x080004c1   Thumb Code    70  stm32f10x_adc.o(i.ADC_Init)
    ADC_RegularChannelConfig                 0x08000511   Thumb Code   184  stm32f10x_adc.o(i.ADC_RegularChannelConfig)
    ADC_ResetCalibration                     0x080005c9   Thumb Code    10  stm32f10x_adc.o(i.ADC_ResetCalibration)
    ADC_SoftwareStartConvCmd                 0x080005d3   Thumb Code    22  stm32f10x_adc.o(i.ADC_SoftwareStartConvCmd)
    ADC_StartCalibration                     0x080005e9   Thumb Code    10  stm32f10x_adc.o(i.ADC_StartCalibration)
    ADC_TempSensorVrefintCmd                 0x080005f5   Thumb Code    30  stm32f10x_adc.o(i.ADC_TempSensorVrefintCmd)
    ADCx_Init                                0x0800063d   Thumb Code    12  adc.o(i.ADCx_Init)
    BKP_DeInit                               0x0800095d   Thumb Code    16  stm32f10x_bkp.o(i.BKP_DeInit)
    BKP_ReadBackupRegister                   0x0800096d   Thumb Code    24  stm32f10x_bkp.o(i.BKP_ReadBackupRegister)
    BKP_WriteBackupRegister                  0x08000989   Thumb Code    22  stm32f10x_bkp.o(i.BKP_WriteBackupRegister)
    BusFault_Handler                         0x080009a5   Thumb Code     4  stm32f10x_it.o(i.BusFault_Handler)
    DAC_Cmd                                  0x08000ac5   Thumb Code    34  stm32f10x_dac.o(i.DAC_Cmd)
    DAC_Init                                 0x08000aed   Thumb Code    46  stm32f10x_dac.o(i.DAC_Init)
    DAC_SetChannel1Data                      0x08000b21   Thumb Code    26  stm32f10x_dac.o(i.DAC_SetChannel1Data)
    DMA_Cmd                                  0x08000b41   Thumb Code    24  stm32f10x_dma.o(i.DMA_Cmd)
    DMA_DeInit                               0x08000b59   Thumb Code   324  stm32f10x_dma.o(i.DMA_DeInit)
    DMA_Init                                 0x08000ca5   Thumb Code    60  stm32f10x_dma.o(i.DMA_Init)
    DebugMon_Handler                         0x08000ce1   Thumb Code     2  stm32f10x_it.o(i.DebugMon_Handler)
    GPIO_Init                                0x08000ce3   Thumb Code   278  stm32f10x_gpio.o(i.GPIO_Init)
    GPIO_ResetBits                           0x08000df9   Thumb Code     4  stm32f10x_gpio.o(i.GPIO_ResetBits)
    GPIO_SetBits                             0x08000dfd   Thumb Code     4  stm32f10x_gpio.o(i.GPIO_SetBits)
    HardFault_Handler                        0x08000e01   Thumb Code     4  stm32f10x_it.o(i.HardFault_Handler)
    MemManage_Handler                        0x08000ef1   Thumb Code     4  stm32f10x_it.o(i.MemManage_Handler)
    NMI_Handler                              0x08000ef5   Thumb Code     2  stm32f10x_it.o(i.NMI_Handler)
    NVIC_Init                                0x08000f15   Thumb Code   100  misc.o(i.NVIC_Init)
    NVIC_PriorityGroupConfig                 0x08000f85   Thumb Code    10  misc.o(i.NVIC_PriorityGroupConfig)
    PWR_BackupAccessCmd                      0x08000f99   Thumb Code     6  stm32f10x_pwr.o(i.PWR_BackupAccessCmd)
    RCC_ADCCLKConfig                         0x08000fa5   Thumb Code    18  stm32f10x_rcc.o(i.RCC_ADCCLKConfig)
    RCC_AHBPeriphClockCmd                    0x08000fbd   Thumb Code    26  stm32f10x_rcc.o(i.RCC_AHBPeriphClockCmd)
    RCC_APB1PeriphClockCmd                   0x08000fdd   Thumb Code    26  stm32f10x_rcc.o(i.RCC_APB1PeriphClockCmd)
    RCC_APB2PeriphClockCmd                   0x08000ffd   Thumb Code    26  stm32f10x_rcc.o(i.RCC_APB2PeriphClockCmd)
    RCC_BackupResetCmd                       0x0800101d   Thumb Code     6  stm32f10x_rcc.o(i.RCC_BackupResetCmd)
    RCC_GetClocksFreq                        0x08001029   Thumb Code   192  stm32f10x_rcc.o(i.RCC_GetClocksFreq)
    RCC_GetFlagStatus                        0x080010fd   Thumb Code    56  stm32f10x_rcc.o(i.RCC_GetFlagStatus)
    RCC_LSEConfig                            0x08001139   Thumb Code    46  stm32f10x_rcc.o(i.RCC_LSEConfig)
    RCC_RTCCLKCmd                            0x0800116d   Thumb Code     6  stm32f10x_rcc.o(i.RCC_RTCCLKCmd)
    RCC_RTCCLKConfig                         0x08001179   Thumb Code    12  stm32f10x_rcc.o(i.RCC_RTCCLKConfig)
    RTC_EnterConfigMode                      0x08001189   Thumb Code    14  stm32f10x_rtc.o(i.RTC_EnterConfigMode)
    RTC_ExitConfigMode                       0x0800119d   Thumb Code    16  stm32f10x_rtc.o(i.RTC_ExitConfigMode)
    RTC_GetCounter                           0x080011b1   Thumb Code    16  stm32f10x_rtc.o(i.RTC_GetCounter)
    RTC_GetDateTime                          0x080011c5   Thumb Code    28  rtc.o(i.RTC_GetDateTime)
    RTC_Init                                 0x080011e5   Thumb Code   120  rtc.o(i.RTC_Init)
    RTC_SetCounter                           0x08001261   Thumb Code    24  stm32f10x_rtc.o(i.RTC_SetCounter)
    RTC_SetDateTime                          0x0800127d   Thumb Code   144  rtc.o(i.RTC_SetDateTime)
    RTC_SetPrescaler                         0x08001311   Thumb Code    26  stm32f10x_rtc.o(i.RTC_SetPrescaler)
    RTC_WaitForLastTask                      0x08001331   Thumb Code    16  stm32f10x_rtc.o(i.RTC_WaitForLastTask)
    RTC_WaitForSynchro                       0x08001345   Thumb Code    30  stm32f10x_rtc.o(i.RTC_WaitForSynchro)
    SysTick_Handler                          0x08001451   Thumb Code     8  stm32f10x_it.o(i.SysTick_Handler)
    SystemInit                               0x08001459   Thumb Code    78  system_stm32f10x.o(i.SystemInit)
    TIM6_IRQHandler                          0x080014b9   Thumb Code    54  stm32f10x_it.o(i.TIM6_IRQHandler)
    TIM_ClearFlag                            0x080014fd   Thumb Code     6  stm32f10x_tim.o(i.TIM_ClearFlag)
    TIM_ClearITPendingBit                    0x08001503   Thumb Code     6  stm32f10x_tim.o(i.TIM_ClearITPendingBit)
    TIM_Cmd                                  0x08001509   Thumb Code    24  stm32f10x_tim.o(i.TIM_Cmd)
    TIM_CtrlPWMOutputs                       0x08001521   Thumb Code    30  stm32f10x_tim.o(i.TIM_CtrlPWMOutputs)
    TIM_GetITStatus                          0x0800153f   Thumb Code    34  stm32f10x_tim.o(i.TIM_GetITStatus)
    TIM_ITConfig                             0x08001561   Thumb Code    18  stm32f10x_tim.o(i.TIM_ITConfig)
    TIM_OC1Init                              0x08001575   Thumb Code   132  stm32f10x_tim.o(i.TIM_OC1Init)
    TIM_OC1PreloadConfig                     0x0800160d   Thumb Code    18  stm32f10x_tim.o(i.TIM_OC1PreloadConfig)
    TIM_TimeBaseInit                         0x08001621   Thumb Code   122  stm32f10x_tim.o(i.TIM_TimeBaseInit)
    USART_Cmd                                0x080016c5   Thumb Code    24  stm32f10x_usart.o(i.USART_Cmd)
    USART_Config                             0x080016dd   Thumb Code   136  uart.o(i.USART_Config)
    USART_GetFlagStatus                      0x0800176d   Thumb Code    26  stm32f10x_usart.o(i.USART_GetFlagStatus)
    USART_ITConfig                           0x08001787   Thumb Code    74  stm32f10x_usart.o(i.USART_ITConfig)
    USART_Init                               0x080017d1   Thumb Code   210  stm32f10x_usart.o(i.USART_Init)
    USART_SendData                           0x080018a9   Thumb Code     8  stm32f10x_usart.o(i.USART_SendData)
    UsageFault_Handler                       0x080018b1   Thumb Code     4  stm32f10x_it.o(i.UsageFault_Handler)
    __0printf$6                              0x080018b5   Thumb Code    22  printf6.o(i.__0printf$6)
    __1printf$6                              0x080018b5   Thumb Code     0  printf6.o(i.__0printf$6)
    __2printf                                0x080018b5   Thumb Code     0  printf6.o(i.__0printf$6)
    __0sprintf$6                             0x080018d5   Thumb Code    34  printf6.o(i.__0sprintf$6)
    __1sprintf$6                             0x080018d5   Thumb Code     0  printf6.o(i.__0sprintf$6)
    __2sprintf                               0x080018d5   Thumb Code     0  printf6.o(i.__0sprintf$6)
    __scatterload_copy                       0x080018fd   Thumb Code    14  handlers.o(i.__scatterload_copy)
    __scatterload_null                       0x0800190b   Thumb Code     2  handlers.o(i.__scatterload_null)
    __scatterload_zeroinit                   0x0800190d   Thumb Code    14  handlers.o(i.__scatterload_zeroinit)
    beepOn_Off                               0x08001c69   Thumb Code   100  cpu.o(i.beepOn_Off)
    calculate_weekday                        0x08001d39   Thumb Code   136  rtc.o(i.calculate_weekday)
    dacInit                                  0x08001e25   Thumb Code     8  dac.o(i.dacInit)
    eTaskGetState                            0x08001ec5   Thumb Code   102  tasks.o(i.eTaskGetState)
    fputc                                    0x08001f65   Thumb Code    32  uart.o(i.fputc)
    gpioInit                                 0x08001f89   Thumb Code    46  gpio.o(i.gpioInit)
    initCpu                                  0x08001fbd   Thumb Code    36  cpu.o(i.initCpu)
    is_leap_year                             0x0800200b   Thumb Code    52  rtc.o(i.is_leap_year)
    is_valid_date                            0x08002041   Thumb Code    62  rtc.o(i.is_valid_date)
    main                                     0x08002085   Thumb Code    68  main.o(i.main)
    pvPortMalloc                             0x08002661   Thumb Code   262  heap_4.o(i.pvPortMalloc)
    pxPortInitialiseStack                    0x080027ad   Thumb Code    30  port.o(i.pxPortInitialiseStack)
    readAdc2Chennl                           0x080027d1   Thumb Code     8  adc.o(i.readAdc2Chennl)
    readTempertureValue                      0x080027dd   Thumb Code    24  adc.o(i.readTempertureValue)
    timInit                                  0x080028d5   Thumb Code    18  tim.o(i.timInit)
    unix_to_datetime                         0x080028e9   Thumb Code   194  rtc.o(i.unix_to_datetime)
    uxListRemove                             0x080029b1   Thumb Code    40  list.o(i.uxListRemove)
    uxTaskGetSystemState                     0x080029d9   Thumb Code   154  tasks.o(i.uxTaskGetSystemState)
    vListInitialise                          0x08002a91   Thumb Code    26  list.o(i.vListInitialise)
    vListInitialiseItem                      0x08002aab   Thumb Code     6  list.o(i.vListInitialiseItem)
    vListInsert                              0x08002ab1   Thumb Code    52  list.o(i.vListInsert)
    vListInsertEnd                           0x08002ae5   Thumb Code    24  list.o(i.vListInsertEnd)
    vPortEnterCritical                       0x08002afd   Thumb Code    68  port.o(i.vPortEnterCritical)
    vPortExitCritical                        0x08002b7d   Thumb Code    48  port.o(i.vPortExitCritical)
    vPortFree                                0x08002be5   Thumb Code   120  heap_4.o(i.vPortFree)
    vPortSetupTimerInterrupt                 0x08002c95   Thumb Code    26  port.o(i.vPortSetupTimerInterrupt)
    vTaskDelay                               0x08002cb5   Thumb Code    72  tasks.o(i.vTaskDelay)
    vTaskDelete                              0x08002d29   Thumb Code   192  tasks.o(i.vTaskDelete)
    vTaskGetInfo                             0x08002e35   Thumb Code   114  tasks.o(i.vTaskGetInfo)
    vTaskGetRunTimeStats                     0x08002ead   Thumb Code   182  tasks.o(i.vTaskGetRunTimeStats)
    vTaskList                                0x08002f81   Thumb Code   204  tasks.o(i.vTaskList)
    vTaskStartScheduler                      0x08003061   Thumb Code   102  tasks.o(i.vTaskStartScheduler)
    vTaskSuspendAll                          0x0800310d   Thumb Code    12  tasks.o(i.vTaskSuspendAll)
    vTaskSwitchContext                       0x0800311d   Thumb Code   162  tasks.o(i.vTaskSwitchContext)
    xPortStartScheduler                      0x08003205   Thumb Code   140  port.o(i.xPortStartScheduler)
    xPortSysTickHandler                      0x080032a5   Thumb Code    46  port.o(i.xPortSysTickHandler)
    xTaskCreate                              0x080032d9   Thumb Code    96  tasks.o(i.xTaskCreate)
    xTaskGetTickCount                        0x08003339   Thumb Code     6  tasks.o(i.xTaskGetTickCount)
    xTaskIncrementTick                       0x08003345   Thumb Code   272  tasks.o(i.xTaskIncrementTick)
    xTaskResumeAll                           0x080034a5   Thumb Code   214  tasks.o(i.xTaskResumeAll)
    days_in_month                            0x080035c4   Data          13  rtc.o(.constdata)
    Region$$Table$$Base                      0x080035e0   Number         0  anon$$obj.o(Region$$Table)
    Region$$Table$$Limit                     0x08003600   Number         0  anon$$obj.o(Region$$Table)
    CPU_RunTime                              0x20000018   Data           4  stm32f10x_it.o(.data)
    p_CNT_1s                                 0x2000001e   Data           2  stm32f10x_it.o(.data)
    SystemCoreClock                          0x20000020   Data           4  system_stm32f10x.o(.data)
    AHBPrescTable                            0x20000024   Data          16  system_stm32f10x.o(.data)
    iii                                      0x20000048   Data           4  rtc.o(.data)
    pxCurrentTCB                             0x20000074   Data           4  tasks.o(.data)
    __stdout                                 0x200000bc   Data           4  stdout.o(.data)
    p_clockDisplay                           0x200000c0   Data          10  main.o(.bss)
    __initial_sp                             0x200097b0   Data           0  startup_stm32f10x_hd.o(STACK)



==============================================================================

Memory Map of the image

  Image Entry point : 0x08000131

  Load Region LR_IROM1 (Base: 0x08000000, Size: 0x000036c0, Max: 0x00080000, ABSOLUTE)

    Execution Region ER_IROM1 (Exec base: 0x08000000, Load base: 0x08000000, Size: 0x00003600, Max: 0x00080000, ABSOLUTE)

    Exec Addr    Load Addr    Size         Type   Attr      Idx    E Section Name        Object

    0x08000000   0x08000000   0x00000130   Data   RO            3    RESET               startup_stm32f10x_hd.o
    0x08000130   0x08000130   0x00000000   Code   RO         4327  * .ARM.Collect$$$$00000000  mc_w.l(entry.o)
    0x08000130   0x08000130   0x00000004   Code   RO         4608    .ARM.Collect$$$$00000001  mc_w.l(entry2.o)
    0x08000134   0x08000134   0x00000004   Code   RO         4611    .ARM.Collect$$$$00000004  mc_w.l(entry5.o)
    0x08000138   0x08000138   0x00000000   Code   RO         4613    .ARM.Collect$$$$00000008  mc_w.l(entry7b.o)
    0x08000138   0x08000138   0x00000000   Code   RO         4615    .ARM.Collect$$$$0000000A  mc_w.l(entry8b.o)
    0x08000138   0x08000138   0x00000008   Code   RO         4616    .ARM.Collect$$$$0000000B  mc_w.l(entry9a.o)
    0x08000140   0x08000140   0x00000004   Code   RO         4623    .ARM.Collect$$$$0000000E  mc_w.l(entry12b.o)
    0x08000144   0x08000144   0x00000000   Code   RO         4618    .ARM.Collect$$$$0000000F  mc_w.l(entry10a.o)
    0x08000144   0x08000144   0x00000000   Code   RO         4620    .ARM.Collect$$$$00000011  mc_w.l(entry11a.o)
    0x08000144   0x08000144   0x00000004   Code   RO         4609    .ARM.Collect$$$$00002712  mc_w.l(entry2.o)
    0x08000148   0x08000148   0x00000096   Code   RO         3598    .emb_text           port.o
    0x080001de   0x080001de   0x00000002   PAD
    0x080001e0   0x080001e0   0x00000024   Code   RO            4    .text               startup_stm32f10x_hd.o
    0x08000204   0x08000204   0x00000024   Code   RO         4330    .text               mc_w.l(rand.o)
    0x08000228   0x08000228   0x00000024   Code   RO         4335    .text               mc_w.l(memseta.o)
    0x0800024c   0x0800024c   0x0000000e   Code   RO         4337    .text               mc_w.l(strlen.o)
    0x0800025a   0x0800025a   0x00000012   Code   RO         4339    .text               mc_w.l(strcpy.o)
    0x0800026c   0x0800026c   0x00000022   Code   RO         4604    .text               mf_w.l(dflti.o)
    0x0800028e   0x0800028e   0x00000002   PAD
    0x08000290   0x08000290   0x00000030   Code   RO         4606    .text               mf_w.l(cdcmple.o)
    0x080002c0   0x080002c0   0x0000002c   Code   RO         4625    .text               mc_w.l(uidiv.o)
    0x080002ec   0x080002ec   0x00000000   Code   RO         4629    .text               mc_w.l(iusefp.o)
    0x080002ec   0x080002ec   0x000000ba   Code   RO         4630    .text               mf_w.l(depilogue.o)
    0x080003a6   0x080003a6   0x00000002   PAD
    0x080003a8   0x080003a8   0x00000024   Code   RO         4642    .text               mc_w.l(init.o)
    0x080003cc   0x080003cc   0x0000001e   Code   RO         4644    .text               mc_w.l(llshl.o)
    0x080003ea   0x080003ea   0x00000020   Code   RO         4646    .text               mc_w.l(llushr.o)
    0x0800040a   0x0800040a   0x00000002   PAD
    0x0800040c   0x0800040c   0x0000001c   Code   RO          211    i.ADC1_2_IRQHandler  stm32f10x_it.o
    0x08000428   0x08000428   0x0000000a   Code   RO          391    i.ADC_ClearITPendingBit  stm32f10x_adc.o
    0x08000432   0x08000432   0x00000016   Code   RO          392    i.ADC_Cmd           stm32f10x_adc.o
    0x08000448   0x08000448   0x00000016   Code   RO          393    i.ADC_DMACmd        stm32f10x_adc.o
    0x0800045e   0x0800045e   0x00000016   Code   RO          397    i.ADC_ExternalTrigConvCmd  stm32f10x_adc.o
    0x08000474   0x08000474   0x00000014   Code   RO          400    i.ADC_GetCalibrationStatus  stm32f10x_adc.o
    0x08000488   0x08000488   0x00000024   Code   RO          404    i.ADC_GetITStatus   stm32f10x_adc.o
    0x080004ac   0x080004ac   0x00000014   Code   RO          406    i.ADC_GetResetCalibrationStatus  stm32f10x_adc.o
    0x080004c0   0x080004c0   0x00000050   Code   RO          410    i.ADC_Init          stm32f10x_adc.o
    0x08000510   0x08000510   0x000000b8   Code   RO          414    i.ADC_RegularChannelConfig  stm32f10x_adc.o
    0x080005c8   0x080005c8   0x0000000a   Code   RO          415    i.ADC_ResetCalibration  stm32f10x_adc.o
    0x080005d2   0x080005d2   0x00000016   Code   RO          417    i.ADC_SoftwareStartConvCmd  stm32f10x_adc.o
    0x080005e8   0x080005e8   0x0000000a   Code   RO          419    i.ADC_StartCalibration  stm32f10x_adc.o
    0x080005f2   0x080005f2   0x00000002   PAD
    0x080005f4   0x080005f4   0x00000024   Code   RO          421    i.ADC_TempSensorVrefintCmd  stm32f10x_adc.o
    0x08000618   0x08000618   0x00000024   Code   RO         3461    i.ADCx_GPIO_Config  adc.o
    0x0800063c   0x0800063c   0x0000000c   Code   RO         3462    i.ADCx_Init         adc.o
    0x08000648   0x08000648   0x00000174   Code   RO         3463    i.ADCx_Mode_Config  adc.o
    0x080007bc   0x080007bc   0x000001a0   Code   RO           10    i.AppTaskCreate     main.o
    0x0800095c   0x0800095c   0x00000010   Code   RO          610    i.BKP_DeInit        stm32f10x_bkp.o
    0x0800096c   0x0800096c   0x0000001c   Code   RO          615    i.BKP_ReadBackupRegister  stm32f10x_bkp.o
    0x08000988   0x08000988   0x0000001c   Code   RO          619    i.BKP_WriteBackupRegister  stm32f10x_bkp.o
    0x080009a4   0x080009a4   0x00000004   Code   RO          212    i.BusFault_Handler  stm32f10x_it.o
    0x080009a8   0x080009a8   0x0000011c   Code   RO           11    i.CPU_Task          main.o
    0x08000ac4   0x08000ac4   0x00000028   Code   RO          973    i.DAC_Cmd           stm32f10x_dac.o
    0x08000aec   0x08000aec   0x00000034   Code   RO          978    i.DAC_Init          stm32f10x_dac.o
    0x08000b20   0x08000b20   0x00000020   Code   RO          979    i.DAC_SetChannel1Data  stm32f10x_dac.o
    0x08000b40   0x08000b40   0x00000018   Code   RO         1077    i.DMA_Cmd           stm32f10x_dma.o
    0x08000b58   0x08000b58   0x0000014c   Code   RO         1078    i.DMA_DeInit        stm32f10x_dma.o
    0x08000ca4   0x08000ca4   0x0000003c   Code   RO         1083    i.DMA_Init          stm32f10x_dma.o
    0x08000ce0   0x08000ce0   0x00000002   Code   RO          213    i.DebugMon_Handler  stm32f10x_it.o
    0x08000ce2   0x08000ce2   0x00000116   Code   RO         1501    i.GPIO_Init         stm32f10x_gpio.o
    0x08000df8   0x08000df8   0x00000004   Code   RO         1508    i.GPIO_ResetBits    stm32f10x_gpio.o
    0x08000dfc   0x08000dfc   0x00000004   Code   RO         1509    i.GPIO_SetBits      stm32f10x_gpio.o
    0x08000e00   0x08000e00   0x00000004   Code   RO          214    i.HardFault_Handler  stm32f10x_it.o
    0x08000e04   0x08000e04   0x00000070   Code   RO           12    i.LED1_Task         main.o
    0x08000e74   0x08000e74   0x0000007c   Code   RO           13    i.LED2_Task         main.o
    0x08000ef0   0x08000ef0   0x00000004   Code   RO          215    i.MemManage_Handler  stm32f10x_it.o
    0x08000ef4   0x08000ef4   0x00000002   Code   RO          216    i.NMI_Handler       stm32f10x_it.o
    0x08000ef6   0x08000ef6   0x0000001e   Code   RO         3396    i.NVIC_Configuration  uart.o
    0x08000f14   0x08000f14   0x00000070   Code   RO          350    i.NVIC_Init         misc.o
    0x08000f84   0x08000f84   0x00000014   Code   RO          351    i.NVIC_PriorityGroupConfig  misc.o
    0x08000f98   0x08000f98   0x0000000c   Code   RO         1855    i.PWR_BackupAccessCmd  stm32f10x_pwr.o
    0x08000fa4   0x08000fa4   0x00000018   Code   RO         1915    i.RCC_ADCCLKConfig  stm32f10x_rcc.o
    0x08000fbc   0x08000fbc   0x00000020   Code   RO         1916    i.RCC_AHBPeriphClockCmd  stm32f10x_rcc.o
    0x08000fdc   0x08000fdc   0x00000020   Code   RO         1917    i.RCC_APB1PeriphClockCmd  stm32f10x_rcc.o
    0x08000ffc   0x08000ffc   0x00000020   Code   RO         1919    i.RCC_APB2PeriphClockCmd  stm32f10x_rcc.o
    0x0800101c   0x0800101c   0x0000000c   Code   RO         1922    i.RCC_BackupResetCmd  stm32f10x_rcc.o
    0x08001028   0x08001028   0x000000d4   Code   RO         1927    i.RCC_GetClocksFreq  stm32f10x_rcc.o
    0x080010fc   0x080010fc   0x0000003c   Code   RO         1928    i.RCC_GetFlagStatus  stm32f10x_rcc.o
    0x08001138   0x08001138   0x00000034   Code   RO         1935    i.RCC_LSEConfig     stm32f10x_rcc.o
    0x0800116c   0x0800116c   0x0000000c   Code   RO         1942    i.RCC_RTCCLKCmd     stm32f10x_rcc.o
    0x08001178   0x08001178   0x00000010   Code   RO         1943    i.RCC_RTCCLKConfig  stm32f10x_rcc.o
    0x08001188   0x08001188   0x00000014   Code   RO         2117    i.RTC_EnterConfigMode  stm32f10x_rtc.o
    0x0800119c   0x0800119c   0x00000014   Code   RO         2118    i.RTC_ExitConfigMode  stm32f10x_rtc.o
    0x080011b0   0x080011b0   0x00000014   Code   RO         2119    i.RTC_GetCounter    stm32f10x_rtc.o
    0x080011c4   0x080011c4   0x00000020   Code   RO         3344    i.RTC_GetDateTime   rtc.o
    0x080011e4   0x080011e4   0x0000007c   Code   RO         3345    i.RTC_Init          rtc.o
    0x08001260   0x08001260   0x0000001c   Code   RO         2125    i.RTC_SetCounter    stm32f10x_rtc.o
    0x0800127c   0x0800127c   0x00000094   Code   RO         3346    i.RTC_SetDateTime   rtc.o
    0x08001310   0x08001310   0x00000020   Code   RO         2126    i.RTC_SetPrescaler  stm32f10x_rtc.o
    0x08001330   0x08001330   0x00000014   Code   RO         2127    i.RTC_WaitForLastTask  stm32f10x_rtc.o
    0x08001344   0x08001344   0x00000024   Code   RO         2128    i.RTC_WaitForSynchro  stm32f10x_rtc.o
    0x08001368   0x08001368   0x00000008   Code   RO          316    i.SetSysClock       system_stm32f10x.o
    0x08001370   0x08001370   0x000000e0   Code   RO          317    i.SetSysClockTo72   system_stm32f10x.o
    0x08001450   0x08001450   0x00000008   Code   RO          217    i.SysTick_Handler   stm32f10x_it.o
    0x08001458   0x08001458   0x00000060   Code   RO          319    i.SystemInit        system_stm32f10x.o
    0x080014b8   0x080014b8   0x00000044   Code   RO          218    i.TIM6_IRQHandler   stm32f10x_it.o
    0x080014fc   0x080014fc   0x00000006   Code   RO         2545    i.TIM_ClearFlag     stm32f10x_tim.o
    0x08001502   0x08001502   0x00000006   Code   RO         2546    i.TIM_ClearITPendingBit  stm32f10x_tim.o
    0x08001508   0x08001508   0x00000018   Code   RO         2551    i.TIM_Cmd           stm32f10x_tim.o
    0x08001520   0x08001520   0x0000001e   Code   RO         2553    i.TIM_CtrlPWMOutputs  stm32f10x_tim.o
    0x0800153e   0x0800153e   0x00000022   Code   RO         2572    i.TIM_GetITStatus   stm32f10x_tim.o
    0x08001560   0x08001560   0x00000012   Code   RO         2576    i.TIM_ITConfig      stm32f10x_tim.o
    0x08001572   0x08001572   0x00000002   PAD
    0x08001574   0x08001574   0x00000098   Code   RO         2580    i.TIM_OC1Init       stm32f10x_tim.o
    0x0800160c   0x0800160c   0x00000012   Code   RO         2583    i.TIM_OC1PreloadConfig  stm32f10x_tim.o
    0x0800161e   0x0800161e   0x00000002   PAD
    0x08001620   0x08001620   0x000000a4   Code   RO         2622    i.TIM_TimeBaseInit  stm32f10x_tim.o
    0x080016c4   0x080016c4   0x00000018   Code   RO         3087    i.USART_Cmd         stm32f10x_usart.o
    0x080016dc   0x080016dc   0x00000090   Code   RO         3397    i.USART_Config      uart.o
    0x0800176c   0x0800176c   0x0000001a   Code   RO         3090    i.USART_GetFlagStatus  stm32f10x_usart.o
    0x08001786   0x08001786   0x0000004a   Code   RO         3093    i.USART_ITConfig    stm32f10x_usart.o
    0x080017d0   0x080017d0   0x000000d8   Code   RO         3094    i.USART_Init        stm32f10x_usart.o
    0x080018a8   0x080018a8   0x00000008   Code   RO         3104    i.USART_SendData    stm32f10x_usart.o
    0x080018b0   0x080018b0   0x00000004   Code   RO          219    i.UsageFault_Handler  stm32f10x_it.o
    0x080018b4   0x080018b4   0x00000020   Code   RO         4498    i.__0printf$6       mc_w.l(printf6.o)
    0x080018d4   0x080018d4   0x00000028   Code   RO         4500    i.__0sprintf$6      mc_w.l(printf6.o)
    0x080018fc   0x080018fc   0x0000000e   Code   RO         4652    i.__scatterload_copy  mc_w.l(handlers.o)
    0x0800190a   0x0800190a   0x00000002   Code   RO         4653    i.__scatterload_null  mc_w.l(handlers.o)
    0x0800190c   0x0800190c   0x0000000e   Code   RO         4654    i.__scatterload_zeroinit  mc_w.l(handlers.o)
    0x0800191a   0x0800191a   0x00000002   PAD
    0x0800191c   0x0800191c   0x000002f0   Code   RO         4505    i._printf_core      mc_w.l(printf6.o)
    0x08001c0c   0x08001c0c   0x00000024   Code   RO         4506    i._printf_post_padding  mc_w.l(printf6.o)
    0x08001c30   0x08001c30   0x0000002e   Code   RO         4507    i._printf_pre_padding  mc_w.l(printf6.o)
    0x08001c5e   0x08001c5e   0x0000000a   Code   RO         4509    i._sputc            mc_w.l(printf6.o)
    0x08001c68   0x08001c68   0x0000006c   Code   RO          278    i.beepOn_Off        cpu.o
    0x08001cd4   0x08001cd4   0x00000064   Code   RO           14    i.beepTask          main.o
    0x08001d38   0x08001d38   0x00000088   Code   RO         3347    i.calculate_weekday  rtc.o
    0x08001dc0   0x08001dc0   0x00000064   Code   RO         3497    i.dacConfig         dac.o
    0x08001e24   0x08001e24   0x00000008   Code   RO         3498    i.dacInit           dac.o
    0x08001e2c   0x08001e2c   0x00000098   Code   RO           15    i.dacTask           main.o
    0x08001ec4   0x08001ec4   0x000000a0   Code   RO         3984    i.eTaskGetState     tasks.o
    0x08001f64   0x08001f64   0x00000024   Code   RO         3403    i.fputc             uart.o
    0x08001f88   0x08001f88   0x00000034   Code   RO         3449    i.gpioInit          gpio.o
    0x08001fbc   0x08001fbc   0x00000024   Code   RO          279    i.initCpu           cpu.o
    0x08001fe0   0x08001fe0   0x0000002a   Code   RO          280    i.interruptInit     cpu.o
    0x0800200a   0x0800200a   0x00000034   Code   RO         3348    i.is_leap_year      rtc.o
    0x0800203e   0x0800203e   0x00000002   PAD
    0x08002040   0x08002040   0x00000044   Code   RO         3349    i.is_valid_date     rtc.o
    0x08002084   0x08002084   0x00000060   Code   RO           16    i.main              main.o
    0x080020e4   0x080020e4   0x00000024   Code   RO          281    i.periphClockInit   cpu.o
    0x08002108   0x08002108   0x00000098   Code   RO         3986    i.prvAddCurrentTaskToDelayedList  tasks.o
    0x080021a0   0x080021a0   0x000000b8   Code   RO         3987    i.prvAddNewTaskToReadyList  tasks.o
    0x08002258   0x08002258   0x00000064   Code   RO         3988    i.prvCheckTasksWaitingTermination  tasks.o
    0x080022bc   0x080022bc   0x00000012   Code   RO         3989    i.prvDeleteTCB      tasks.o
    0x080022ce   0x080022ce   0x00000002   PAD
    0x080022d0   0x080022d0   0x0000007c   Code   RO         3536    i.prvHeapInit       heap_4.o
    0x0800234c   0x0800234c   0x00000028   Code   RO         3990    i.prvIdleTask       tasks.o
    0x08002374   0x08002374   0x000000d0   Code   RO         3991    i.prvInitialiseNewTask  tasks.o
    0x08002444   0x08002444   0x00000068   Code   RO         3992    i.prvInitialiseTaskLists  tasks.o
    0x080024ac   0x080024ac   0x00000068   Code   RO         3537    i.prvInsertBlockIntoFreeList  heap_4.o
    0x08002514   0x08002514   0x0000006a   Code   RO         3993    i.prvListTasksWithinSingleList  tasks.o
    0x0800257e   0x0800257e   0x00000002   PAD
    0x08002580   0x08002580   0x00000034   Code   RO         3994    i.prvResetNextTaskUnblockTime  tasks.o
    0x080025b4   0x080025b4   0x00000016   Code   RO         3995    i.prvTaskCheckFreeStackSpace  tasks.o
    0x080025ca   0x080025ca   0x00000002   PAD
    0x080025cc   0x080025cc   0x00000068   Code   RO         3599    i.prvTaskExitError  port.o
    0x08002634   0x08002634   0x0000002a   Code   RO         3997    i.prvWriteNameToBuffer  tasks.o
    0x0800265e   0x0800265e   0x00000002   PAD
    0x08002660   0x08002660   0x0000014c   Code   RO         3538    i.pvPortMalloc      heap_4.o
    0x080027ac   0x080027ac   0x00000024   Code   RO         3600    i.pxPortInitialiseStack  port.o
    0x080027d0   0x080027d0   0x0000000c   Code   RO         3464    i.readAdc2Chennl    adc.o
    0x080027dc   0x080027dc   0x0000001c   Code   RO         3465    i.readTempertureValue  adc.o
    0x080027f8   0x080027f8   0x00000070   Code   RO         3317    i.timConfigBeep     tim.o
    0x08002868   0x08002868   0x00000048   Code   RO         3318    i.timConfig_10ms    tim.o
    0x080028b0   0x080028b0   0x00000024   Code   RO         3319    i.timGpioInitBeep   tim.o
    0x080028d4   0x080028d4   0x00000012   Code   RO         3320    i.timInit           tim.o
    0x080028e6   0x080028e6   0x00000002   PAD
    0x080028e8   0x080028e8   0x000000c8   Code   RO         3350    i.unix_to_datetime  rtc.o
    0x080029b0   0x080029b0   0x00000028   Code   RO         3783    i.uxListRemove      list.o
    0x080029d8   0x080029d8   0x000000b8   Code   RO         4000    i.uxTaskGetSystemState  tasks.o
    0x08002a90   0x08002a90   0x0000001a   Code   RO         3784    i.vListInitialise   list.o
    0x08002aaa   0x08002aaa   0x00000006   Code   RO         3785    i.vListInitialiseItem  list.o
    0x08002ab0   0x08002ab0   0x00000034   Code   RO         3786    i.vListInsert       list.o
    0x08002ae4   0x08002ae4   0x00000018   Code   RO         3787    i.vListInsertEnd    list.o
    0x08002afc   0x08002afc   0x00000080   Code   RO         3602    i.vPortEnterCritical  port.o
    0x08002b7c   0x08002b7c   0x00000068   Code   RO         3603    i.vPortExitCritical  port.o
    0x08002be4   0x08002be4   0x000000b0   Code   RO         3539    i.vPortFree         heap_4.o
    0x08002c94   0x08002c94   0x00000020   Code   RO         3604    i.vPortSetupTimerInterrupt  port.o
    0x08002cb4   0x08002cb4   0x00000074   Code   RO         4005    i.vTaskDelay        tasks.o
    0x08002d28   0x08002d28   0x0000010c   Code   RO         4007    i.vTaskDelete       tasks.o
    0x08002e34   0x08002e34   0x00000078   Code   RO         4009    i.vTaskGetInfo      tasks.o
    0x08002eac   0x08002eac   0x000000d4   Code   RO         4010    i.vTaskGetRunTimeStats  tasks.o
    0x08002f80   0x08002f80   0x000000e0   Code   RO         4011    i.vTaskList         tasks.o
    0x08003060   0x08003060   0x000000ac   Code   RO         4020    i.vTaskStartScheduler  tasks.o
    0x0800310c   0x0800310c   0x00000010   Code   RO         4022    i.vTaskSuspendAll   tasks.o
    0x0800311c   0x0800311c   0x000000e8   Code   RO         4023    i.vTaskSwitchContext  tasks.o
    0x08003204   0x08003204   0x000000a0   Code   RO         3606    i.xPortStartScheduler  port.o
    0x080032a4   0x080032a4   0x00000034   Code   RO         3607    i.xPortSysTickHandler  port.o
    0x080032d8   0x080032d8   0x00000060   Code   RO         4025    i.xTaskCreate       tasks.o
    0x08003338   0x08003338   0x0000000c   Code   RO         4029    i.xTaskGetTickCount  tasks.o
    0x08003344   0x08003344   0x00000160   Code   RO         4031    i.xTaskIncrementTick  tasks.o
    0x080034a4   0x080034a4   0x00000120   Code   RO         4036    i.xTaskResumeAll    tasks.o
    0x080035c4   0x080035c4   0x0000001a   Data   RO         3351    .constdata          rtc.o
    0x080035de   0x080035de   0x00000002   PAD
    0x080035e0   0x080035e0   0x00000020   Data   RO         4650    Region$$Table       anon$$obj.o


    Execution Region RW_IRAM1 (Exec base: 0x20000000, Load base: 0x08003600, Size: 0x000097b0, Max: 0x00010000, ABSOLUTE)

    Exec Addr    Load Addr    Size         Type   Attr      Idx    E Section Name        Object

    0x20000000   0x08003600   0x00000018   Data   RW           18    .data               main.o
    0x20000018   0x08003618   0x00000008   Data   RW          220    .data               stm32f10x_it.o
    0x20000020   0x08003620   0x00000014   Data   RW          320    .data               system_stm32f10x.o
    0x20000034   0x08003634   0x00000014   Data   RW         1947    .data               stm32f10x_rcc.o
    0x20000048   0x08003648   0x00000004   Data   RW         3352    .data               rtc.o
    0x2000004c   0x0800364c   0x00000004   Data   RW         3466    .data               adc.o
    0x20000050   0x08003650   0x00000018   Data   RW         3544    .data               heap_4.o
    0x20000068   0x08003668   0x0000000c   Data   RW         3608    .data               port.o
    0x20000074   0x08003674   0x00000044   Data   RW         4039    .data               tasks.o
    0x200000b8   0x080036b8   0x00000004   Data   RW         4331    .data               mc_w.l(rand.o)
    0x200000bc   0x080036bc   0x00000004   Data   RW         4624    .data               mc_w.l(stdout.o)
    0x200000c0        -       0x0000000a   Zero   RW           17    .bss                main.o
    0x200000ca        -       0x00009000   Zero   RW         3543    .bss                heap_4.o
    0x200090ca   0x080036c0   0x00000002   PAD
    0x200090cc        -       0x000002e4   Zero   RW         4038    .bss                tasks.o
    0x200093b0        -       0x00000400   Zero   RW            1    STACK               startup_stm32f10x_hd.o


==============================================================================

Image component sizes


      Code (inc. data)   RO Data    RW Data    ZI Data      Debug   Object Name

       460         30          0          4          0       2571   adc.o
       222          8          0          0          0       1691   cpu.o
       108          4          0          0          0        914   dac.o
        52          6          0          0          0        455   gpio.o
       736        160          0         24      36864       5047   heap_4.o
       148          0          0          0          0       2858   list.o
      1284        680          0         24         10     291112   main.o
       132         22          0          0          0       1359   misc.o
       766        222          0         12          0       9008   port.o
       760         24         26          4          0       4865   rtc.o
        36          8        304          0       1024        808   startup_stm32f10x_hd.o
       494         16          0          0          0       8992   stm32f10x_adc.o
        72         10          0          0          0       2468   stm32f10x_bkp.o
       124         18          0          0          0       2183   stm32f10x_dac.o
       416          8          0          0          0       3194   stm32f10x_dma.o
       286          0          0          0          0       2812   stm32f10x_gpio.o
       124         18          0          8          0       4177   stm32f10x_it.o
        12          6          0          0          0        458   stm32f10x_pwr.o
       484         70          0         20          0       7633   stm32f10x_rcc.o
       176         34          0          0          0       3151   stm32f10x_rtc.o
       452         62          0          0          0       5424   stm32f10x_tim.o
       348          6          0          0          0       4529   stm32f10x_usart.o
       328         28          0         20          0       2029   system_stm32f10x.o
      3480        728          0         68        740      27600   tasks.o
       238         16          0          0          0       1846   tim.o
       210         12          0          0          0       1531   uart.o

    ----------------------------------------------------------------------
     11968       2196        364        184      38640     398715   Object Totals
         0          0         32          0          0          0   (incl. Generated)
        20          0          2          0          2          0   (incl. Padding)

    ----------------------------------------------------------------------

      Code (inc. data)   RO Data    RW Data    ZI Data      Debug   Library Member Name

         0          0          0          0          0          0   entry.o
         0          0          0          0          0          0   entry10a.o
         0          0          0          0          0          0   entry11a.o
         4          0          0          0          0          0   entry12b.o
         8          4          0          0          0          0   entry2.o
         4          0          0          0          0          0   entry5.o
         0          0          0          0          0          0   entry7b.o
         0          0          0          0          0          0   entry8b.o
         8          4          0          0          0          0   entry9a.o
        30          0          0          0          0          0   handlers.o
        36          8          0          0          0         68   init.o
         0          0          0          0          0          0   iusefp.o
        30          0          0          0          0         68   llshl.o
        32          0          0          0          0         68   llushr.o
        36          0          0          0          0        108   memseta.o
       916         20          0          0          0        504   printf6.o
        36         10          0          4          0        136   rand.o
         0          0          0          4          0          0   stdout.o
        18          0          0          0          0         68   strcpy.o
        14          0          0          0          0         68   strlen.o
        44          0          0          0          0         80   uidiv.o
        48          0          0          0          0         68   cdcmple.o
       186          0          0          0          0        176   depilogue.o
        34          0          0          0          0         76   dflti.o

    ----------------------------------------------------------------------
      1492         46          0          8          0       1488   Library Totals
         8          0          0          0          0          0   (incl. Padding)

    ----------------------------------------------------------------------

      Code (inc. data)   RO Data    RW Data    ZI Data      Debug   Library Name

      1216         46          0          8          0       1168   mc_w.l
       268          0          0          0          0        320   mf_w.l

    ----------------------------------------------------------------------
      1492         46          0          8          0       1488   Library Totals

    ----------------------------------------------------------------------

==============================================================================


      Code (inc. data)   RO Data    RW Data    ZI Data      Debug   

     13460       2242        364        192      38640     392295   Grand Totals
     13460       2242        364        192      38640     392295   ELF Image Totals
     13460       2242        364        192          0          0   ROM Totals

==============================================================================

    Total RO  Size (Code + RO Data)                13824 (  13.50kB)
    Total RW  Size (RW Data + ZI Data)             38832 (  37.92kB)
    Total ROM Size (Code + RO Data + RW Data)      14016 (  13.69kB)

==============================================================================

